Archive member included to satisfy reference by file (symbol)

D:/mcu/STM/STM32CubeIDE/plugins/com.st.stm32cube.ide.mcu.externaltools.gnu-tools-for-stm32.14.3.rel1.win32_1.0.100.202602081740/tools/bin/../lib/gcc/arm-none-eabi/14.3.1/../../../../arm-none-eabi/lib/thumb/v7e-m+fp/hard\libc_nano.a(libc_a-exit.o)
                              D:/mcu/STM/STM32CubeIDE/plugins/com.st.stm32cube.ide.mcu.externaltools.gnu-tools-for-stm32.14.3.rel1.win32_1.0.100.202602081740/tools/bin/../lib/gcc/arm-none-eabi/14.3.1/../../../../arm-none-eabi/lib/thumb/v7e-m+fp/hard/crt0.o (exit)
D:/mcu/STM/STM32CubeIDE/plugins/com.st.stm32cube.ide.mcu.externaltools.gnu-tools-for-stm32.14.3.rel1.win32_1.0.100.202602081740/tools/bin/../lib/gcc/arm-none-eabi/14.3.1/../../../../arm-none-eabi/lib/thumb/v7e-m+fp/hard\libc_nano.a(libc_a-rand.o)
                              ./Core/Src/lcd_ui.o (rand)
D:/mcu/STM/STM32CubeIDE/plugins/com.st.stm32cube.ide.mcu.externaltools.gnu-tools-for-stm32.14.3.rel1.win32_1.0.100.202602081740/tools/bin/../lib/gcc/arm-none-eabi/14.3.1/../../../../arm-none-eabi/lib/thumb/v7e-m+fp/hard\libc_nano.a(libc_a-findfp.o)
                              D:/mcu/STM/STM32CubeIDE/plugins/com.st.stm32cube.ide.mcu.externaltools.gnu-tools-for-stm32.14.3.rel1.win32_1.0.100.202602081740/tools/bin/../lib/gcc/arm-none-eabi/14.3.1/../../../../arm-none-eabi/lib/thumb/v7e-m+fp/hard\libc_nano.a(libc_a-exit.o) (__stdio_exit_handler)
D:/mcu/STM/STM32CubeIDE/plugins/com.st.stm32cube.ide.mcu.externaltools.gnu-tools-for-stm32.14.3.rel1.win32_1.0.100.202602081740/tools/bin/../lib/gcc/arm-none-eabi/14.3.1/../../../../arm-none-eabi/lib/thumb/v7e-m+fp/hard\libc_nano.a(libc_a-fwalk.o)
                              D:/mcu/STM/STM32CubeIDE/plugins/com.st.stm32cube.ide.mcu.externaltools.gnu-tools-for-stm32.14.3.rel1.win32_1.0.100.202602081740/tools/bin/../lib/gcc/arm-none-eabi/14.3.1/../../../../arm-none-eabi/lib/thumb/v7e-m+fp/hard\libc_nano.a(libc_a-findfp.o) (_fwalk_sglue)
D:/mcu/STM/STM32CubeIDE/plugins/com.st.stm32cube.ide.mcu.externaltools.gnu-tools-for-stm32.14.3.rel1.win32_1.0.100.202602081740/tools/bin/../lib/gcc/arm-none-eabi/14.3.1/../../../../arm-none-eabi/lib/thumb/v7e-m+fp/hard\libc_nano.a(libc_a-snprintf.o)
                              ./Core/Src/lcd_ui.o (snprintf)
D:/mcu/STM/STM32CubeIDE/plugins/com.st.stm32cube.ide.mcu.externaltools.gnu-tools-for-stm32.14.3.rel1.win32_1.0.100.202602081740/tools/bin/../lib/gcc/arm-none-eabi/14.3.1/../../../../arm-none-eabi/lib/thumb/v7e-m+fp/hard\libc_nano.a(libc_a-stdio.o)
                              D:/mcu/STM/STM32CubeIDE/plugins/com.st.stm32cube.ide.mcu.externaltools.gnu-tools-for-stm32.14.3.rel1.win32_1.0.100.202602081740/tools/bin/../lib/gcc/arm-none-eabi/14.3.1/../../../../arm-none-eabi/lib/thumb/v7e-m+fp/hard\libc_nano.a(libc_a-findfp.o) (__sread)
D:/mcu/STM/STM32CubeIDE/plugins/com.st.stm32cube.ide.mcu.externaltools.gnu-tools-for-stm32.14.3.rel1.win32_1.0.100.202602081740/tools/bin/../lib/gcc/arm-none-eabi/14.3.1/../../../../arm-none-eabi/lib/thumb/v7e-m+fp/hard\libc_nano.a(libc_a-memset.o)
                              D:/mcu/STM/STM32CubeIDE/plugins/com.st.stm32cube.ide.mcu.externaltools.gnu-tools-for-stm32.14.3.rel1.win32_1.0.100.202602081740/tools/bin/../lib/gcc/arm-none-eabi/14.3.1/../../../../arm-none-eabi/lib/thumb/v7e-m+fp/hard/crt0.o (memset)
D:/mcu/STM/STM32CubeIDE/plugins/com.st.stm32cube.ide.mcu.externaltools.gnu-tools-for-stm32.14.3.rel1.win32_1.0.100.202602081740/tools/bin/../lib/gcc/arm-none-eabi/14.3.1/../../../../arm-none-eabi/lib/thumb/v7e-m+fp/hard\libc_nano.a(libc_a-closer.o)
                              D:/mcu/STM/STM32CubeIDE/plugins/com.st.stm32cube.ide.mcu.externaltools.gnu-tools-for-stm32.14.3.rel1.win32_1.0.100.202602081740/tools/bin/../lib/gcc/arm-none-eabi/14.3.1/../../../../arm-none-eabi/lib/thumb/v7e-m+fp/hard\libc_nano.a(libc_a-stdio.o) (_close_r)
D:/mcu/STM/STM32CubeIDE/plugins/com.st.stm32cube.ide.mcu.externaltools.gnu-tools-for-stm32.14.3.rel1.win32_1.0.100.202602081740/tools/bin/../lib/gcc/arm-none-eabi/14.3.1/../../../../arm-none-eabi/lib/thumb/v7e-m+fp/hard\libc_nano.a(libc_a-reent.o)
                              D:/mcu/STM/STM32CubeIDE/plugins/com.st.stm32cube.ide.mcu.externaltools.gnu-tools-for-stm32.14.3.rel1.win32_1.0.100.202602081740/tools/bin/../lib/gcc/arm-none-eabi/14.3.1/../../../../arm-none-eabi/lib/thumb/v7e-m+fp/hard\libc_nano.a(libc_a-closer.o) (errno)
D:/mcu/STM/STM32CubeIDE/plugins/com.st.stm32cube.ide.mcu.externaltools.gnu-tools-for-stm32.14.3.rel1.win32_1.0.100.202602081740/tools/bin/../lib/gcc/arm-none-eabi/14.3.1/../../../../arm-none-eabi/lib/thumb/v7e-m+fp/hard\libc_nano.a(libc_a-impure.o)
                              D:/mcu/STM/STM32CubeIDE/plugins/com.st.stm32cube.ide.mcu.externaltools.gnu-tools-for-stm32.14.3.rel1.win32_1.0.100.202602081740/tools/bin/../lib/gcc/arm-none-eabi/14.3.1/../../../../arm-none-eabi/lib/thumb/v7e-m+fp/hard\libc_nano.a(libc_a-rand.o) (_impure_ptr)
[...]
Memory Configuration

Name             Origin             Length             Attributes
RAM              0x20000000         0x00010000         xrw
FLASH            0x08000000         0x00040000         xr
*default*        0x00000000         0xffffffff

Linker script and memory map

LOAD D:/mcu/STM/STM32CubeIDE/plugins/com.st.stm32cube.ide.mcu.externaltools.gnu-tools-for-stm32.14.3.rel1.win32_1.0.100.202602081740/tools/bin/../lib/gcc/arm-none-eabi/14.3.1/thumb/v7e-m+fp/hard/crti.o
LOAD D:/mcu/STM/STM32CubeIDE/plugins/com.st.stm32cube.ide.mcu.externaltools.gnu-tools-for-stm32.14.3.rel1.win32_1.0.100.202602081740/tools/bin/../lib/gcc/arm-none-eabi/14.3.1/thumb/v7e-m+fp/hard/crtbegin.o
LOAD D:/mcu/STM/STM32CubeIDE/plugins/com.st.stm32cube.ide.mcu.externaltools.gnu-tools-for-stm32.14.3.rel1.win32_1.0.100.202602081740/tools/bin/../lib/gcc/arm-none-eabi/14.3.1/../../../../arm-none-eabi/lib/thumb/v7e-m+fp/hard/crt0.o
LOAD ./Core/Src/at24c_controller.o
LOAD ./Core/Src/call_back_functions.o
LOAD ./Core/Src/dma.o
LOAD ./Core/Src/gpio.o
LOAD ./Core/Src/i2c.o
LOAD ./Core/Src/lcd.o
LOAD ./Core/Src/lcd_driver.o
LOAD ./Core/Src/lcd_ui.o
LOAD ./Core/Src/main.o
LOAD ./Core/Src/spi.o
LOAD ./Core/Src/stm32f4xx_hal_msp.o
LOAD ./Core/Src/stm32f4xx_it.o
LOAD ./Core/Src/storage_controller.o
LOAD ./Core/Src/syscalls.o
LOAD ./Core/Src/sysmem.o
LOAD ./Core/Src/system_stm32f4xx.o
LOAD ./Core/Src/tim.o
LOAD ./Core/Src/usb_controller.o
LOAD ./Core/Src/w25q_controller.o
LOAD ./Core/Startup/startup_stm32f401rctx.o
LOAD ./Drivers/STM32F4xx_HAL_Driver/Src/stm32f4xx_hal.o
LOAD ./Drivers/STM32F4xx_HAL_Driver/Src/stm32f4xx_hal_cortex.o
LOAD ./Drivers/STM32F4xx_HAL_Driver/Src/stm32f4xx_hal_dma.o
LOAD ./Drivers/STM32F4xx_HAL_Driver/Src/stm32f4xx_hal_dma_ex.o
LOAD ./Drivers/STM32F4xx_HAL_Driver/Src/stm32f4xx_hal_exti.o
LOAD ./Drivers/STM32F4xx_HAL_Driver/Src/stm32f4xx_hal_flash.o
LOAD ./Drivers/STM32F4xx_HAL_Driver/Src/stm32f4xx_hal_flash_ex.o
LOAD ./Drivers/STM32F4xx_HAL_Driver/Src/stm32f4xx_hal_flash_ramfunc.o
LOAD ./Drivers/STM32F4xx_HAL_Driver/Src/stm32f4xx_hal_gpio.o
LOAD ./Drivers/STM32F4xx_HAL_Driver/Src/stm32f4xx_hal_i2c.o
LOAD ./Drivers/STM32F4xx_HAL_Driver/Src/stm32f4xx_hal_i2c_ex.o
LOAD ./Drivers/STM32F4xx_HAL_Driver/Src/stm32f4xx_hal_pcd.o
LOAD ./Drivers/STM32F4xx_HAL_Driver/Src/stm32f4xx_hal_pcd_ex.o
LOAD ./Drivers/STM32F4xx_HAL_Driver/Src/stm32f4xx_hal_pwr.o
LOAD ./Drivers/STM32F4xx_HAL_Driver/Src/stm32f4xx_hal_pwr_ex.o
LOAD ./Drivers/STM32F4xx_HAL_Driver/Src/stm32f4xx_hal_rcc.o
LOAD ./Drivers/STM32F4xx_HAL_Driver/Src/stm32f4xx_hal_rcc_ex.o
LOAD ./Drivers/STM32F4xx_HAL_Driver/Src/stm32f4xx_hal_spi.o
LOAD ./Drivers/STM32F4xx_HAL_Driver/Src/stm32f4xx_hal_tim.o
LOAD ./Drivers/STM32F4xx_HAL_Driver/Src/stm32f4xx_hal_tim_ex.o
LOAD ./Drivers/STM32F4xx_HAL_Driver/Src/stm32f4xx_ll_usb.o
LOAD ./Middlewares/ST/STM32_USB_Device_Library/Class/CDC/Src/usbd_cdc.o
LOAD ./Middlewares/ST/STM32_USB_Device_Library/Core/Src/usbd_core.o
LOAD ./Middlewares/ST/STM32_USB_Device_Library/Core/Src/usbd_ctlreq.o
LOAD ./Middlewares/ST/STM32_USB_Device_Library/Core/Src/usbd_ioreq.o
LOAD ./USB_DEVICE/App/usb_device.o
LOAD ./USB_DEVICE/App/usbd_cdc_if.o
LOAD ./USB_DEVICE/App/usbd_desc.o
LOAD ./USB_DEVICE/Target/usbd_conf.o
START GROUP
LOAD D:/mcu/STM/STM32CubeIDE/plugins/com.st.stm32cube.ide.mcu.externaltools.gnu-tools-for-stm32.14.3.rel1.win32_1.0.100.202602081740/tools/bin/../lib/gcc/arm-none-eabi/14.3.1/../../../../arm-none-eabi/lib/thumb/v7e-m+fp/hard\libc_nano.a
LOAD D:/mcu/STM/STM32CubeIDE/plugins/com.st.stm32cube.ide.mcu.externaltools.gnu-tools-for-stm32.14.3.rel1.win32_1.0.100.202602081740/tools/bin/../lib/gcc/arm-none-eabi/14.3.1/../../../../arm-none-eabi/lib/thumb/v7e-m+fp/hard\libm.a
END GROUP
START GROUP
LOAD D:/mcu/STM/STM32CubeIDE/plugins/com.st.stm32cube.ide.mcu.externaltools.gnu-tools-for-stm32.14.3.rel1.win32_1.0.100.202602081740/tools/bin/../lib/gcc/arm-none-eabi/14.3.1/thumb/v7e-m+fp/hard\libgcc.a
LOAD D:/mcu/STM/STM32CubeIDE/plugins/com.st.stm32cube.ide.mcu.externaltools.gnu-tools-for-stm32.14.3.rel1.win32_1.0.100.202602081740/tools/bin/../lib/gcc/arm-none-eabi/14.3.1/../../../../arm-none-eabi/lib/thumb/v7e-m+fp/hard\libc_nano.a
END GROUP
START GROUP
LOAD D:/mcu/STM/STM32CubeIDE/plugins/com.st.stm32cube.ide.mcu.externaltools.gnu-tools-for-stm32.14.3.rel1.win32_1.0.100.202602081740/tools/bin/../lib/gcc/arm-none-eabi/14.3.1/thumb/v7e-m+fp/hard\libgcc.a
LOAD D:/mcu/STM/STM32CubeIDE/plugins/com.st.stm32cube.ide.mcu.externaltools.gnu-tools-for-stm32.14.3.rel1.win32_1.0.100.202602081740/tools/bin/../lib/gcc/arm-none-eabi/14.3.1/../../../../arm-none-eabi/lib/thumb/v7e-m+fp/hard\libc_nano.a
LOAD D:/mcu/STM/STM32CubeIDE/plugins/com.st.stm32cube.ide.mcu.externaltools.gnu-tools-for-stm32.14.3.rel1.win32_1.0.100.202602081740/tools/bin/../lib/gcc/arm-none-eabi/14.3.1/../../../../arm-none-eabi/lib/thumb/v7e-m+fp/hard\libnosys.a
END GROUP
START GROUP
LOAD D:/mcu/STM/STM32CubeIDE/plugins/com.st.stm32cube.ide.mcu.externaltools.gnu-tools-for-stm32.14.3.rel1.win32_1.0.100.202602081740/tools/bin/../lib/gcc/arm-none-eabi/14.3.1/thumb/v7e-m+fp/hard\libgcc.a
LOAD D:/mcu/STM/STM32CubeIDE/plugins/com.st.stm32cube.ide.mcu.externaltools.gnu-tools-for-stm32.14.3.rel1.win32_1.0.100.202602081740/tools/bin/../lib/gcc/arm-none-eabi/14.3.1/../../../../arm-none-eabi/lib/thumb/v7e-m+fp/hard\libc_nano.a
LOAD D:/mcu/STM/STM32CubeIDE/plugins/com.st.stm32cube.ide.mcu.externaltools.gnu-tools-for-stm32.14.3.rel1.win32_1.0.100.202602081740/tools/bin/../lib/gcc/arm-none-eabi/14.3.1/../../../../arm-none-eabi/lib/thumb/v7e-m+fp/hard\libnosys.a
END GROUP
LOAD D:/mcu/STM/STM32CubeIDE/plugins/com.st.stm32cube.ide.mcu.externaltools.gnu-tools-for-stm32.14.3.rel1.win32_1.0.100.202602081740/tools/bin/../lib/gcc/arm-none-eabi/14.3.1/thumb/v7e-m+fp/hard/crtend.o
LOAD D:/mcu/STM/STM32CubeIDE/plugins/com.st.stm32cube.ide.mcu.externaltools.gnu-tools-for-stm32.14.3.rel1.win32_1.0.100.202602081740/tools/bin/../lib/gcc/arm-none-eabi/14.3.1/thumb/v7e-m+fp/hard/crtn.o
                0x20010000                        _estack = (ORIGIN (RAM) + LENGTH (RAM))
                0x00000200                        _Min_Heap_Size = 0x200
                0x00000400                        _Min_Stack_Size = 0x400

.isr_vector     0x08000000      0x194
                0x08000000                        . = ALIGN (0x4)
 *(.isr_vector)
 .isr_vector    0x08000000      0x194 ./Core/Startup/startup_stm32f401rctx.o
                0x08000000                g_pfnVectors
                0x08000194                        . = ALIGN (0x4)

.text           0x080001a0     0xfcf0
                0x080001a0                        . = ALIGN (0x4)
 *(.text)
 .text          0x080001a0       0x40 D:/mcu/STM/STM32CubeIDE/plugins/com.st.stm32cube.ide.mcu.externaltools.gnu-tools-for-stm32.14.3.rel1.win32_1.0.100.202602081740/tools/bin/../lib/gcc/arm-none-eabi/14.3.1/thumb/v7e-m+fp/hard/crtbegin.o
 .text          0x080001e0       0xa0 D:/mcu/STM/STM32CubeIDE/plugins/com.st.stm32cube.ide.mcu.externaltools.gnu-tools-for-stm32.14.3.rel1.win32_1.0.100.202602081740/tools/bin/../lib/gcc/arm-none-eabi/14.3.1/../../../../arm-none-eabi/lib/thumb/v7e-m+fp/hard\libc_nano.a(libc_a-memchr.o)
                0x080001e0                memchr
 .text          0x08000280      0x378 D:/mcu/STM/STM32CubeIDE/plugins/com.st.stm32cube.ide.mcu.externaltools.gnu-tools-for-stm32.14.3.rel1.win32_1.0.100.202602081740/tools/bin/../lib/gcc/arm-none-eabi/14.3.1/thumb/v7e-m+fp/hard\libgcc.a(_arm_addsubdf3.o)
                0x08000280                __aeabi_drsub
                0x08000288                __aeabi_dsub
                0x08000288                __subdf3
                0x0800028c                __aeabi_dadd
                0x0800028c                __adddf3
                0x08000504                __floatunsidf
                0x08000504                __aeabi_ui2d
                0x08000524                __floatsidf
                0x08000524                __aeabi_i2d
                0x08000548                __aeabi_f2d
                0x08000548                __extendsfdf2
                0x0800058c                __floatundidf
                0x0800058c                __aeabi_ul2d
                0x0800059c                __floatdidf
                0x0800059c                __aeabi_l2d
 .text          0x080005f8      0x424 D:/mcu/STM/STM32CubeIDE/plugins/com.st.stm32cube.ide.mcu.externaltools.gnu-tools-for-stm32.14.3.rel1.win32_1.0.100.202602081740/tools/bin/../lib/gcc/arm-none-eabi/14.3.1/thumb/v7e-m+fp/hard\libgcc.a(_arm_muldivdf3.o)
                0x080005f8                __aeabi_dmul
                0x080005f8                __muldf3
                0x0800084c                __divdf3
                0x0800084c                __aeabi_ddiv
 .text          0x08000a1c      0x110 D:/mcu/STM/STM32CubeIDE/plugins/com.st.stm32cube.ide.mcu.externaltools.gnu-tools-for-stm32.14.3.rel1.win32_1.0.100.202602081740/tools/bin/../lib/gcc/arm-none-eabi/14.3.1/thumb/v7e-m+fp/hard\libgcc.a(_arm_cmpdf2.o)
                0x08000a1c                __gtdf2
                0x08000a1c                __gedf2
                0x08000a24                __ltdf2
                0x08000a24                __ledf2
                0x08000a2c                __nedf2
                0x08000a2c                __eqdf2
                0x08000a2c                __cmpdf2
                0x08000aa8                __aeabi_cdrcmple
                0x08000ab8                __aeabi_cdcmpeq
                0x08000ab8                __aeabi_cdcmple
                0x08000ac8                __aeabi_dcmpeq
                0x08000adc                __aeabi_dcmplt
                0x08000af0                __aeabi_dcmple
                0x08000b04                __aeabi_dcmpge
                0x08000b18                __aeabi_dcmpgt
 .text          0x08000b2c       0x2c D:/mcu/STM/STM32CubeIDE/plugins/com.st.stm32cube.ide.mcu.externaltools.gnu-tools-for-stm32.14.3.rel1.win32_1.0.100.202602081740/tools/bin/../lib/gcc/arm-none-eabi/14.3.1/thumb/v7e-m+fp/hard\libgcc.a(_arm_unorddf2.o)
                0x08000b2c                __unorddf2
                0x08000b2c                __aeabi_dcmpun
 .text          0x08000b58       0x50 D:/mcu/STM/STM32CubeIDE/plugins/com.st.stm32cube.ide.mcu.externaltools.gnu-tools-for-stm32.14.3.rel1.win32_1.0.100.202602081740/tools/bin/../lib/gcc/arm-none-eabi/14.3.1/thumb/v7e-m+fp/hard\libgcc.a(_arm_fixdfsi.o)
                0x08000b58                __aeabi_d2iz
                0x08000b58                __fixdfsi
 .text          0x08000ba8       0x30 D:/mcu/STM/STM32CubeIDE/plugins/com.st.stm32cube.ide.mcu.externaltools.gnu-tools-for-stm32.14.3.rel1.win32_1.0.100.202602081740/tools/bin/../lib/gcc/arm-none-eabi/14.3.1/thumb/v7e-m+fp/hard\libgcc.a(_aeabi_uldivmod.o)
                0x08000ba8                __aeabi_uldivmod
 .text          0x08000bd8      0x2f8 D:/mcu/STM/STM32CubeIDE/plugins/com.st.stm32cube.ide.mcu.externaltools.gnu-tools-for-stm32.14.3.rel1.win32_1.0.100.202602081740/tools/bin/../lib/gcc/arm-none-eabi/14.3.1/thumb/v7e-m+fp/hard\libgcc.a(_udivmoddi4.o)
                0x08000bd8                __udivmoddi4
 .text          0x08000ed0        0x4 D:/mcu/STM/STM32CubeIDE/plugins/com.st.stm32cube.ide.mcu.externaltools.gnu-tools-for-stm32.14.3.rel1.win32_1.0.100.202602081740/tools/bin/../lib/gcc/arm-none-eabi/14.3.1/thumb/v7e-m+fp/hard\libgcc.a(_dvmd_tls.o)
                0x08000ed0                __aeabi_idiv0
                0x08000ed0                __aeabi_ldiv0
 *(.text*)
 .text.HAL_SPI_TxCpltCallback
                0x08000ed4       0x5c ./Core/Src/call_back_functions.o
                0x08000ed4                HAL_SPI_TxCpltCallback
 .text.HAL_SPI_ErrorCallback
                0x08000f30       0x44 ./Core/Src/call_back_functions.o
                0x08000f30                HAL_SPI_ErrorCallback
 .text.MX_DMA_Init
                0x08000f74       0x7c ./Core/Src/dma.o
                0x08000f74                MX_DMA_Init
 .text.MX_GPIO_Init
                0x08000ff0      0x180 ./Core/Src/gpio.o
                0x08000ff0                MX_GPIO_Init
 .text.MX_I2C1_Init
                0x08001170       0x5c ./Core/Src/i2c.o
                0x08001170                MX_I2C1_Init
 .text.HAL_I2C_MspInit
                0x080011cc       0x90 ./Core/Src/i2c.o
                0x080011cc                HAL_I2C_MspInit
 .text.lcd_write_cmd
                0x0800125c       0x44 ./Core/Src/lcd.o
 .text.lcd_write_data
                0x080012a0       0x44 ./Core/Src/lcd.o
 .text.lcd_write_data16
                0x080012e4       0x58 ./Core/Src/lcd.o
 .text.swap_uint16_builtin
                0x0800133c       0x1c ./Core/Src/lcd.o
 .text.lcd_set_address
                0x08001358       0x68 ./Core/Src/lcd.o
                0x08001358                lcd_set_address
 .text.lcd_init
                0x080013c0      0x178 ./Core/Src/lcd.o
                0x080013c0                lcd_init
 .text.lcd_draw_point_dma_swapped
                0x08001538       0x64 ./Core/Src/lcd.o
                0x08001538                lcd_draw_point_dma_swapped
 .text.lcd_screen_update_dma
                0x0800159c       0x78 ./Core/Src/lcd.o
                0x0800159c                lcd_screen_update_dma
 .text.lcd_fill_screen_dma
                0x08001614       0x4c ./Core/Src/lcd.o
                0x08001614                lcd_fill_screen_dma
 .text.lcd_draw_char
                0x08001660      0x2cc ./Core/Src/lcd.o
                0x08001660                lcd_draw_char
 .text.lcd_draw_string
                0x0800192c       0x72 ./Core/Src/lcd.o
                0x0800192c                lcd_draw_string
 *fill*         0x0800199e        0x2 
 .text.lcd_calculate_fps
                0x080019a0       0x80 ./Core/Src/lcd.o
                0x080019a0                lcd_calculate_fps
 .text.lcd_calculate_usage
                0x08001a20      0x150 ./Core/Src/lcd.o
                0x08001a20                lcd_calculate_usage
 .text.lcd_set_area_color
                0x08001b70       0xc8 ./Core/Src/lcd.o
                0x08001b70                lcd_set_area_color
 .text.lcd_anim_clamp_elapsed
                0x08001c38       0x20 ./Core/Src/lcd_driver.o
 .text.lcd_anim_mix_q10
                0x08001c58       0x98 ./Core/Src/lcd_driver.o
 .text.lcd_anim_manager_init
                0x08001cf0       0x30 ./Core/Src/lcd_driver.o
                0x08001cf0                lcd_anim_manager_init
 .text.lcd_anim_manager_set_bg
                0x08001d20       0x20 ./Core/Src/lcd_driver.o
                0x08001d20                lcd_anim_manager_set_bg
 .text.lcd_anim_manager_task
                0x08001d40      0x184 ./Core/Src/lcd_driver.o
                0x08001d40                lcd_anim_manager_task
 .text.lcd_anim_manager_render
                0x08001ec4       0x98 ./Core/Src/lcd_driver.o
                0x08001ec4                lcd_anim_manager_render
 .text.lcd_anim_manager_add_layer
                0x08001f5c       0x98 ./Core/Src/lcd_driver.o
                0x08001f5c                lcd_anim_manager_add_layer
 .text.lcd_anim_start
                0x08001ff4      0x120 ./Core/Src/lcd_driver.o
                0x08001ff4                lcd_anim_start
 .text.lcd_anim_get_path
                0x08002114       0xdc ./Core/Src/lcd_driver.o
                0x08002114                lcd_anim_get_path
 .text.lcd_anim_path_linear
                0x080021f0       0x42 ./Core/Src/lcd_driver.o
                0x080021f0                lcd_anim_path_linear
 .text.lcd_anim_path_ease_in_quad
                0x08002232       0x4c ./Core/Src/lcd_driver.o
                0x08002232                lcd_anim_path_ease_in_quad
 .text.lcd_anim_path_ease_out_quad
                0x0800227e       0x52 ./Core/Src/lcd_driver.o
                0x0800227e                lcd_anim_path_ease_out_quad
 .text.lcd_anim_path_ease_in_out_quad
                0x080022d0       0x70 ./Core/Src/lcd_driver.o
                0x080022d0                lcd_anim_path_ease_in_out_quad
 .text.lcd_anim_path_ease_in_out_sine
                0x08002340       0xe0 ./Core/Src/lcd_driver.o
                0x08002340                lcd_anim_path_ease_in_out_sine
 .text.lcd_anim_path_ease_in_sine
                0x08002420       0xe4 ./Core/Src/lcd_driver.o
                0x08002420                lcd_anim_path_ease_in_sine
 *fill*         0x08002504        0x4 
 .text.lcd_anim_path_ease_out_sine
                0x08002508       0xc8 ./Core/Src/lcd_driver.o
                0x08002508                lcd_anim_path_ease_out_sine
 .text.lcd_anim_path_ease_in_out_expo
                0x080025d0      0x188 ./Core/Src/lcd_driver.o
                0x080025d0                lcd_anim_path_ease_in_out_expo
 .text.lcd_anim_path_ease_in_expo
                0x08002758      0x100 ./Core/Src/lcd_driver.o
                0x08002758                lcd_anim_path_ease_in_expo
 .text.lcd_anim_path_ease_out_expo
                0x08002858       0xf0 ./Core/Src/lcd_driver.o
                0x08002858                lcd_anim_path_ease_out_expo
 .text.lcd_anim_path_ease_in_out_circ
                0x08002948      0x190 ./Core/Src/lcd_driver.o
                0x08002948                lcd_anim_path_ease_in_out_circ
 .text.lcd_anim_path_ease_in_circ
                0x08002ad8       0xd0 ./Core/Src/lcd_driver.o
                0x08002ad8                lcd_anim_path_ease_in_circ
 .text.lcd_anim_path_ease_out_circ
                0x08002ba8       0xd4 ./Core/Src/lcd_driver.o
                0x08002ba8                lcd_anim_path_ease_out_circ
 *fill*         0x08002c7c        0x4 
 .text.lcd_anim_path_ease_in_out_back
                0x08002c80      0x208 ./Core/Src/lcd_driver.o
                0x08002c80                lcd_anim_path_ease_in_out_back
 .text.lcd_anim_path_ease_out_elastic
                0x08002e88      0x128 ./Core/Src/lcd_driver.o
                0x08002e88                lcd_anim_path_ease_out_elastic
 .text.lcd_dma_draw_filled_rect
                0x08002fb0       0xbe ./Core/Src/lcd_driver.o
                0x08002fb0                lcd_dma_draw_filled_rect
 .text.lcd_dma_draw_circle
                0x0800306e      0x182 ./Core/Src/lcd_driver.o
                0x0800306e                lcd_dma_draw_circle
 .text.lcd_dma_draw_label
                0x080031f0       0x48 ./Core/Src/lcd_driver.o
                0x080031f0                lcd_dma_draw_label
 .text.lcd_draw_rect_layer
                0x08003238       0x40 ./Core/Src/lcd_driver.o
                0x08003238                lcd_draw_rect_layer
 .text.lcd_draw_circle_layer
                0x08003278       0x34 ./Core/Src/lcd_driver.o
                0x08003278                lcd_draw_circle_layer
 .text.lcd_draw_label_layer
                0x080032ac       0x1a ./Core/Src/lcd_driver.o
                0x080032ac                lcd_draw_label_layer
 *fill*         0x080032c6        0x2 
 .text.lcd_anim_exec_set_i16
                0x080032c8       0x44 ./Core/Src/lcd_driver.o
                0x080032c8                lcd_anim_exec_set_i16
 .text.lcd_anim_exec_set_u16
                0x0800330c       0x3e ./Core/Src/lcd_driver.o
                0x0800330c                lcd_anim_exec_set_u16
 *fill*         0x0800334a        0x2 
 .text.lcd_ui_init
                0x0800334c      0x234 ./Core/Src/lcd_ui.o
                0x0800334c                lcd_ui_init
 .text.lcd_ui_change
                0x08003580       0xa0 ./Core/Src/lcd_ui.o
                0x08003580                lcd_ui_change
 .text.lcd_ui_updater
                0x08003620       0x10 ./Core/Src/lcd_ui.o
                0x08003620                lcd_ui_updater
 .text.main     0x08003630       0x48 ./Core/Src/main.o
                0x08003630                main
 .text.SystemClock_Config
                0x08003678       0xd8 ./Core/Src/main.o
                0x08003678                SystemClock_Config
 .text.Error_Handler
                0x08003750        0xc ./Core/Src/main.o
                0x08003750                Error_Handler
 .text.MX_SPI1_Init
                0x0800375c       0x6c ./Core/Src/spi.o
                0x0800375c                MX_SPI1_Init
 .text.MX_SPI2_Init
                0x080037c8       0x6c ./Core/Src/spi.o
                0x080037c8                MX_SPI2_Init
 .text.HAL_SPI_MspInit
                0x08003834      0x228 ./Core/Src/spi.o
                0x08003834                HAL_SPI_MspInit
 .text.HAL_MspInit
                0x08003a5c       0x50 ./Core/Src/stm32f4xx_hal_msp.o
                0x08003a5c                HAL_MspInit
 .text.NMI_Handler
                0x08003aac        0x8 ./Core/Src/stm32f4xx_it.o
                0x08003aac                NMI_Handler
 .text.HardFault_Handler
                0x08003ab4        0x8 ./Core/Src/stm32f4xx_it.o
                0x08003ab4                HardFault_Handler
 .text.MemManage_Handler
                0x08003abc        0x8 ./Core/Src/stm32f4xx_it.o
                0x08003abc                MemManage_Handler
 .text.BusFault_Handler
                0x08003ac4        0x8 ./Core/Src/stm32f4xx_it.o
                0x08003ac4                BusFault_Handler
 .text.UsageFault_Handler
                0x08003acc        0x8 ./Core/Src/stm32f4xx_it.o
                0x08003acc                UsageFault_Handler
 .text.SVC_Handler
                0x08003ad4        0xe ./Core/Src/stm32f4xx_it.o
                0x08003ad4                SVC_Handler
 .text.DebugMon_Handler
                0x08003ae2        0xe ./Core/Src/stm32f4xx_it.o
                0x08003ae2                DebugMon_Handler
 .text.PendSV_Handler
                0x08003af0        0xe ./Core/Src/stm32f4xx_it.o
                0x08003af0                PendSV_Handler
 .text.SysTick_Handler
                0x08003afe        0xc ./Core/Src/stm32f4xx_it.o
                0x08003afe                SysTick_Handler
 *fill*         0x08003b0a        0x2 
 .text.DMA1_Stream3_IRQHandler
                0x08003b0c       0x14 ./Core/Src/stm32f4xx_it.o
                0x08003b0c                DMA1_Stream3_IRQHandler
 .text.DMA1_Stream4_IRQHandler
                0x08003b20       0x14 ./Core/Src/stm32f4xx_it.o
                0x08003b20                DMA1_Stream4_IRQHandler
 .text.TIM3_IRQHandler
                0x08003b34       0x14 ./Core/Src/stm32f4xx_it.o
                0x08003b34                TIM3_IRQHandler
 .text.DMA2_Stream3_IRQHandler
                0x08003b48       0x14 ./Core/Src/stm32f4xx_it.o
                0x08003b48                DMA2_Stream3_IRQHandler
 .text.OTG_FS_IRQHandler
                0x08003b5c       0x14 ./Core/Src/stm32f4xx_it.o
                0x08003b5c                OTG_FS_IRQHandler
 .text._getpid  0x08003b70       0x10 ./Core/Src/syscalls.o
                0x08003b70                _getpid
 .text._kill    0x08003b80       0x20 ./Core/Src/syscalls.o
                0x08003b80                _kill
 .text._exit    0x08003ba0       0x16 ./Core/Src/syscalls.o
                0x08003ba0                _exit
 .text._read    0x08003bb6       0x3a ./Core/Src/syscalls.o
                0x08003bb6                _read
 .text._write   0x08003bf0       0x38 ./Core/Src/syscalls.o
                0x08003bf0                _write
 .text._close   0x08003c28       0x18 ./Core/Src/syscalls.o
                0x08003c28                _close
 .text._fstat   0x08003c40       0x20 ./Core/Src/syscalls.o
                0x08003c40                _fstat
 .text._isatty  0x08003c60       0x16 ./Core/Src/syscalls.o
                0x08003c60                _isatty
 .text._lseek   0x08003c76       0x1a ./Core/Src/syscalls.o
                0x08003c76                _lseek
 .text._sbrk    0x08003c90       0x6c ./Core/Src/sysmem.o
                0x08003c90                _sbrk
 .text.SystemInit
                0x08003cfc       0x24 ./Core/Src/system_stm32f4xx.o
                0x08003cfc                SystemInit
 .text.MX_TIM2_Init
                0x08003d20       0xa8 ./Core/Src/tim.o
                0x08003d20                MX_TIM2_Init
 .text.MX_TIM3_Init
                0x08003dc8       0x9c ./Core/Src/tim.o
                0x08003dc8                MX_TIM3_Init
 .text.MX_TIM4_Init
                0x08003e64       0x9c ./Core/Src/tim.o
                0x08003e64                MX_TIM4_Init
 .text.MX_TIM9_Init
                0x08003f00       0xc4 ./Core/Src/tim.o
                0x08003f00                MX_TIM9_Init
 .text.HAL_TIM_Encoder_MspInit
                0x08003fc4       0x8c ./Core/Src/tim.o
                0x08003fc4                HAL_TIM_Encoder_MspInit
 .text.HAL_TIM_Base_MspInit
                0x08004050       0xa8 ./Core/Src/tim.o
                0x08004050                HAL_TIM_Base_MspInit
 .text.HAL_TIM_MspPostInit
                0x080040f8       0x74 ./Core/Src/tim.o
                0x080040f8                HAL_TIM_MspPostInit
 .text.w25q_set_dma_write_error
                0x0800416c       0x58 ./Core/Src/w25q_controller.o
 .text.w25q_on_spi_error_callback
                0x080041c4       0x28 ./Core/Src/w25q_controller.o
                0x080041c4                w25q_on_spi_error_callback
 .text.Reset_Handler
                0x080041ec       0x50 ./Core/Startup/startup_stm32f401rctx.o
                0x080041ec                Reset_Handler
 .text.Default_Handler
                0x0800423c        0x2 ./Core/Startup/startup_stm32f401rctx.o
                0x0800423c                RTC_Alarm_IRQHandler
                0x0800423c                EXTI2_IRQHandler
                0x0800423c                SPI4_IRQHandler
                0x0800423c                TIM1_CC_IRQHandler
                0x0800423c                DMA2_Stream5_IRQHandler
                0x0800423c                DMA1_Stream5_IRQHandler
                0x0800423c                PVD_IRQHandler
                0x0800423c                SDIO_IRQHandler
                0x0800423c                TAMP_STAMP_IRQHandler
                0x0800423c                EXTI3_IRQHandler
                0x0800423c                TIM1_UP_TIM10_IRQHandler
                0x0800423c                I2C3_ER_IRQHandler
                0x0800423c                EXTI0_IRQHandler
                0x0800423c                I2C2_EV_IRQHandler
                0x0800423c                DMA1_Stream2_IRQHandler
                0x0800423c                FPU_IRQHandler
                0x0800423c                DMA2_Stream2_IRQHandler
                0x0800423c                SPI1_IRQHandler
                0x0800423c                TIM1_BRK_TIM9_IRQHandler
                0x0800423c                USART6_IRQHandler
                0x0800423c                DMA2_Stream0_IRQHandler
                0x0800423c                TIM4_IRQHandler
                0x0800423c                I2C1_EV_IRQHandler
                0x0800423c                DMA1_Stream6_IRQHandler
                0x0800423c                DMA1_Stream1_IRQHandler
                0x0800423c                RCC_IRQHandler
                0x0800423c                Default_Handler
                0x0800423c                EXTI15_10_IRQHandler
                0x0800423c                ADC_IRQHandler
                0x0800423c                DMA1_Stream7_IRQHandler
                0x0800423c                TIM5_IRQHandler
                0x0800423c                DMA2_Stream7_IRQHandler
                0x0800423c                I2C3_EV_IRQHandler
                0x0800423c                EXTI9_5_IRQHandler
                0x0800423c                RTC_WKUP_IRQHandler
                0x0800423c                SPI2_IRQHandler
                0x0800423c                DMA1_Stream0_IRQHandler
                0x0800423c                EXTI4_IRQHandler
                0x0800423c                WWDG_IRQHandler
                0x0800423c                TIM2_IRQHandler
                0x0800423c                OTG_FS_WKUP_IRQHandler
                0x0800423c                TIM1_TRG_COM_TIM11_IRQHandler
                0x0800423c                EXTI1_IRQHandler
                0x0800423c                USART2_IRQHandler
                0x0800423c                I2C2_ER_IRQHandler
                0x0800423c                DMA2_Stream1_IRQHandler
                0x0800423c                FLASH_IRQHandler
                0x0800423c                DMA2_Stream4_IRQHandler
                0x0800423c                USART1_IRQHandler
                0x0800423c                SPI3_IRQHandler
                0x0800423c                I2C1_ER_IRQHandler
                0x0800423c                DMA2_Stream6_IRQHandler
 *fill*         0x0800423e        0x2 
 .text.HAL_Init
                0x08004240       0x44 ./Drivers/STM32F4xx_HAL_Driver/Src/stm32f4xx_hal.o
                0x08004240                HAL_Init
 .text.HAL_InitTick
                0x08004284       0x60 ./Drivers/STM32F4xx_HAL_Driver/Src/stm32f4xx_hal.o
                0x08004284                HAL_InitTick
 .text.HAL_IncTick
                0x080042e4       0x28 ./Drivers/STM32F4xx_HAL_Driver/Src/stm32f4xx_hal.o
                0x080042e4                HAL_IncTick
 .text.HAL_GetTick
                0x0800430c       0x18 ./Drivers/STM32F4xx_HAL_Driver/Src/stm32f4xx_hal.o
                0x0800430c                HAL_GetTick
 .text.HAL_Delay
                0x08004324       0x48 ./Drivers/STM32F4xx_HAL_Driver/Src/stm32f4xx_hal.o
                0x08004324                HAL_Delay
 .text.__NVIC_SetPriorityGrouping
                0x0800436c       0x48 ./Drivers/STM32F4xx_HAL_Driver/Src/stm32f4xx_hal_cortex.o
 .text.__NVIC_GetPriorityGrouping
                0x080043b4       0x1c ./Drivers/STM32F4xx_HAL_Driver/Src/stm32f4xx_hal_cortex.o
 .text.__NVIC_EnableIRQ
                0x080043d0       0x3c ./Drivers/STM32F4xx_HAL_Driver/Src/stm32f4xx_hal_cortex.o
 .text.__NVIC_SetPriority
                0x0800440c       0x54 ./Drivers/STM32F4xx_HAL_Driver/Src/stm32f4xx_hal_cortex.o
 .text.NVIC_EncodePriority
                0x08004460       0x66 ./Drivers/STM32F4xx_HAL_Driver/Src/stm32f4xx_hal_cortex.o
 *fill*         0x080044c6        0x2 
 .text.SysTick_Config
                0x080044c8       0x44 ./Drivers/STM32F4xx_HAL_Driver/Src/stm32f4xx_hal_cortex.o
 .text.HAL_NVIC_SetPriorityGrouping
                0x0800450c       0x16 ./Drivers/STM32F4xx_HAL_Driver/Src/stm32f4xx_hal_cortex.o
                0x0800450c                HAL_NVIC_SetPriorityGrouping
 .text.HAL_NVIC_SetPriority
                0x08004522       0x38 ./Drivers/STM32F4xx_HAL_Driver/Src/stm32f4xx_hal_cortex.o
                0x08004522                HAL_NVIC_SetPriority
 .text.HAL_NVIC_EnableIRQ
                0x0800455a       0x1c ./Drivers/STM32F4xx_HAL_Driver/Src/stm32f4xx_hal_cortex.o
                0x0800455a                HAL_NVIC_EnableIRQ
 .text.HAL_SYSTICK_Config
                0x08004576       0x18 ./Drivers/STM32F4xx_HAL_Driver/Src/stm32f4xx_hal_cortex.o
                0x08004576                HAL_SYSTICK_Config
 *fill*         0x0800458e        0x2 
 .text.HAL_DMA_Init
                0x08004590      0x15c ./Drivers/STM32F4xx_HAL_Driver/Src/stm32f4xx_hal_dma.o
                0x08004590                HAL_DMA_Init
 .text.HAL_DMA_Start_IT
                0x080046ec       0xb0 ./Drivers/STM32F4xx_HAL_Driver/Src/stm32f4xx_hal_dma.o
                0x080046ec                HAL_DMA_Start_IT
 .text.HAL_DMA_Abort
                0x0800479c       0xe0 ./Drivers/STM32F4xx_HAL_Driver/Src/stm32f4xx_hal_dma.o
                0x0800479c                HAL_DMA_Abort
 .text.HAL_DMA_IRQHandler
                0x0800487c      0x314 ./Drivers/STM32F4xx_HAL_Driver/Src/stm32f4xx_hal_dma.o
                0x0800487c                HAL_DMA_IRQHandler
 .text.DMA_SetConfig
                0x08004b90       0x5c ./Drivers/STM32F4xx_HAL_Driver/Src/stm32f4xx_hal_dma.o
 .text.DMA_CalcBaseAndBitshift
                0x08004bec       0x6c ./Drivers/STM32F4xx_HAL_Driver/Src/stm32f4xx_hal_dma.o
 .text.DMA_CheckFifoParam
                0x08004c58       0xf8 ./Drivers/STM32F4xx_HAL_Driver/Src/stm32f4xx_hal_dma.o
 .text.HAL_GPIO_Init
                0x08004d50      0x308 ./Drivers/STM32F4xx_HAL_Driver/Src/stm32f4xx_hal_gpio.o
                0x08004d50                HAL_GPIO_Init
 .text.HAL_GPIO_WritePin
                0x08005058       0x32 ./Drivers/STM32F4xx_HAL_Driver/Src/stm32f4xx_hal_gpio.o
                0x08005058                HAL_GPIO_WritePin
 *fill*         0x0800508a        0x2 
 .text.HAL_I2C_Init
                0x0800508c      0x288 ./Drivers/STM32F4xx_HAL_Driver/Src/stm32f4xx_hal_i2c.o
                0x0800508c                HAL_I2C_Init
 .text.HAL_PCD_Init
                0x08005314      0x21e ./Drivers/STM32F4xx_HAL_Driver/Src/stm32f4xx_hal_pcd.o
                0x08005314                HAL_PCD_Init
 .text.HAL_PCD_Start
                0x08005532       0x6a ./Drivers/STM32F4xx_HAL_Driver/Src/stm32f4xx_hal_pcd.o
                0x08005532                HAL_PCD_Start
 .text.HAL_PCD_IRQHandler
                0x0800559c      0x942 ./Drivers/STM32F4xx_HAL_Driver/Src/stm32f4xx_hal_pcd.o
                0x0800559c                HAL_PCD_IRQHandler
 .text.HAL_PCD_SetAddress
                0x08005ede       0x48 ./Drivers/STM32F4xx_HAL_Driver/Src/stm32f4xx_hal_pcd.o
                0x08005ede                HAL_PCD_SetAddress
 .text.HAL_PCD_EP_Open
                0x08005f26       0xd4 ./Drivers/STM32F4xx_HAL_Driver/Src/stm32f4xx_hal_pcd.o
                0x08005f26                HAL_PCD_EP_Open
 .text.HAL_PCD_EP_Close
                0x08005ffa       0x94 ./Drivers/STM32F4xx_HAL_Driver/Src/stm32f4xx_hal_pcd.o
                0x08005ffa                HAL_PCD_EP_Close
 .text.HAL_PCD_EP_Receive
                0x0800608e       0x76 ./Drivers/STM32F4xx_HAL_Driver/Src/stm32f4xx_hal_pcd.o
                0x0800608e                HAL_PCD_EP_Receive
 .text.HAL_PCD_EP_GetRxCount
                0x08006104       0x30 ./Drivers/STM32F4xx_HAL_Driver/Src/stm32f4xx_hal_pcd.o
                0x08006104                HAL_PCD_EP_GetRxCount
 .text.HAL_PCD_EP_Transmit
                0x08006134       0x74 ./Drivers/STM32F4xx_HAL_Driver/Src/stm32f4xx_hal_pcd.o
                0x08006134                HAL_PCD_EP_Transmit
 .text.HAL_PCD_EP_SetStall
                0x080061a8       0xc6 ./Drivers/STM32F4xx_HAL_Driver/Src/stm32f4xx_hal_pcd.o
                0x080061a8                HAL_PCD_EP_SetStall
 .text.HAL_PCD_EP_ClrStall
                0x0800626e       0xac ./Drivers/STM32F4xx_HAL_Driver/Src/stm32f4xx_hal_pcd.o
                0x0800626e                HAL_PCD_EP_ClrStall
 .text.HAL_PCD_EP_Abort
                0x0800631a       0x62 ./Drivers/STM32F4xx_HAL_Driver/Src/stm32f4xx_hal_pcd.o
                0x0800631a                HAL_PCD_EP_Abort
 .text.PCD_WriteEmptyTxFifo
                0x0800637c      0x118 ./Drivers/STM32F4xx_HAL_Driver/Src/stm32f4xx_hal_pcd.o
 .text.PCD_EP_OutXfrComplete_int
                0x08006494      0x1d0 ./Drivers/STM32F4xx_HAL_Driver/Src/stm32f4xx_hal_pcd.o
 .text.PCD_EP_OutSetupPacket_int
                0x08006664       0x8c ./Drivers/STM32F4xx_HAL_Driver/Src/stm32f4xx_hal_pcd.o
 .text.HAL_PCDEx_SetTxFiFo
                0x080066f0       0x8e ./Drivers/STM32F4xx_HAL_Driver/Src/stm32f4xx_hal_pcd_ex.o
                0x080066f0                HAL_PCDEx_SetTxFiFo
 .text.HAL_PCDEx_SetRxFiFo
                0x0800677e       0x22 ./Drivers/STM32F4xx_HAL_Driver/Src/stm32f4xx_hal_pcd_ex.o
                0x0800677e                HAL_PCDEx_SetRxFiFo
 .text.HAL_PCDEx_LPM_Callback
                0x080067a0       0x18 ./Drivers/STM32F4xx_HAL_Driver/Src/stm32f4xx_hal_pcd_ex.o
                0x080067a0                HAL_PCDEx_LPM_Callback
 .text.HAL_RCC_OscConfig
                0x080067b8      0x4f0 ./Drivers/STM32F4xx_HAL_Driver/Src/stm32f4xx_hal_rcc.o
                0x080067b8                HAL_RCC_OscConfig
 .text.HAL_RCC_ClockConfig
                0x08006ca8      0x1cc ./Drivers/STM32F4xx_HAL_Driver/Src/stm32f4xx_hal_rcc.o
                0x08006ca8                HAL_RCC_ClockConfig
 .text.HAL_RCC_GetSysClockFreq
                0x08006e74      0x188 ./Drivers/STM32F4xx_HAL_Driver/Src/stm32f4xx_hal_rcc.o
                0x08006e74                HAL_RCC_GetSysClockFreq
 .text.HAL_RCC_GetHCLKFreq
                0x08006ffc       0x18 ./Drivers/STM32F4xx_HAL_Driver/Src/stm32f4xx_hal_rcc.o
                0x08006ffc                HAL_RCC_GetHCLKFreq
 .text.HAL_RCC_GetPCLK1Freq
                0x08007014       0x28 ./Drivers/STM32F4xx_HAL_Driver/Src/stm32f4xx_hal_rcc.o
                0x08007014                HAL_RCC_GetPCLK1Freq
 .text.HAL_SPI_Init
                0x0800703c      0x112 ./Drivers/STM32F4xx_HAL_Driver/Src/stm32f4xx_hal_spi.o
                0x0800703c                HAL_SPI_Init
 .text.HAL_SPI_Transmit
                0x0800714e      0x288 ./Drivers/STM32F4xx_HAL_Driver/Src/stm32f4xx_hal_spi.o
                0x0800714e                HAL_SPI_Transmit
 *fill*         0x080073d6        0x2 
 .text.HAL_SPI_Transmit_DMA
                0x080073d8      0x164 ./Drivers/STM32F4xx_HAL_Driver/Src/stm32f4xx_hal_spi.o
                0x080073d8                HAL_SPI_Transmit_DMA
 .text.HAL_SPI_DMAStop
                0x0800753c       0x7e ./Drivers/STM32F4xx_HAL_Driver/Src/stm32f4xx_hal_spi.o
                0x0800753c                HAL_SPI_DMAStop
 .text.HAL_SPI_TxHalfCpltCallback
                0x080075ba       0x14 ./Drivers/STM32F4xx_HAL_Driver/Src/stm32f4xx_hal_spi.o
                0x080075ba                HAL_SPI_TxHalfCpltCallback
 .text.SPI_DMATransmitCplt
                0x080075ce       0xa8 ./Drivers/STM32F4xx_HAL_Driver/Src/stm32f4xx_hal_spi.o
 .text.SPI_DMAHalfTransmitCplt
                0x08007676       0x1c ./Drivers/STM32F4xx_HAL_Driver/Src/stm32f4xx_hal_spi.o
 .text.SPI_DMAError
                0x08007692       0x40 ./Drivers/STM32F4xx_HAL_Driver/Src/stm32f4xx_hal_spi.o
 *fill*         0x080076d2        0x2 
 .text.SPI_WaitFlagStateUntilTimeout
                0x080076d4      0x110 ./Drivers/STM32F4xx_HAL_Driver/Src/stm32f4xx_hal_spi.o
 .text.SPI_EndRxTxTransaction
                0x080077e4       0xa8 ./Drivers/STM32F4xx_HAL_Driver/Src/stm32f4xx_hal_spi.o
 .text.HAL_TIM_Base_Init
                0x0800788c       0x9e ./Drivers/STM32F4xx_HAL_Driver/Src/stm32f4xx_hal_tim.o
                0x0800788c                HAL_TIM_Base_Init
 .text.HAL_TIM_PWM_Init
                0x0800792a       0x9e ./Drivers/STM32F4xx_HAL_Driver/Src/stm32f4xx_hal_tim.o
                0x0800792a                HAL_TIM_PWM_Init
 .text.HAL_TIM_PWM_MspInit
                0x080079c8       0x14 ./Drivers/STM32F4xx_HAL_Driver/Src/stm32f4xx_hal_tim.o
                0x080079c8                HAL_TIM_PWM_MspInit
 .text.HAL_TIM_Encoder_Init
                0x080079dc      0x14c ./Drivers/STM32F4xx_HAL_Driver/Src/stm32f4xx_hal_tim.o
                0x080079dc                HAL_TIM_Encoder_Init
 .text.HAL_TIM_IRQHandler
                0x08007b28      0x1e0 ./Drivers/STM32F4xx_HAL_Driver/Src/stm32f4xx_hal_tim.o
                0x08007b28                HAL_TIM_IRQHandler
 .text.HAL_TIM_PWM_ConfigChannel
                0x08007d08      0x184 ./Drivers/STM32F4xx_HAL_Driver/Src/stm32f4xx_hal_tim.o
                0x08007d08                HAL_TIM_PWM_ConfigChannel
 .text.HAL_TIM_ConfigClockSource
                0x08007e8c      0x18e ./Drivers/STM32F4xx_HAL_Driver/Src/stm32f4xx_hal_tim.o
                0x08007e8c                HAL_TIM_ConfigClockSource
 .text.HAL_TIM_PeriodElapsedCallback
                0x0800801a       0x14 ./Drivers/STM32F4xx_HAL_Driver/Src/stm32f4xx_hal_tim.o
                0x0800801a                HAL_TIM_PeriodElapsedCallback
 .text.HAL_TIM_OC_DelayElapsedCallback
                0x0800802e       0x14 ./Drivers/STM32F4xx_HAL_Driver/Src/stm32f4xx_hal_tim.o
                0x0800802e                HAL_TIM_OC_DelayElapsedCallback
 .text.HAL_TIM_IC_CaptureCallback
                0x08008042       0x14 ./Drivers/STM32F4xx_HAL_Driver/Src/stm32f4xx_hal_tim.o
                0x08008042                HAL_TIM_IC_CaptureCallback
 .text.HAL_TIM_PWM_PulseFinishedCallback
                0x08008056       0x14 ./Drivers/STM32F4xx_HAL_Driver/Src/stm32f4xx_hal_tim.o
                0x08008056                HAL_TIM_PWM_PulseFinishedCallback
 .text.HAL_TIM_TriggerCallback
                0x0800806a       0x14 ./Drivers/STM32F4xx_HAL_Driver/Src/stm32f4xx_hal_tim.o
                0x0800806a                HAL_TIM_TriggerCallback
 *fill*         0x0800807e        0x2 
 .text.TIM_Base_SetConfig
                0x08008080      0x10c ./Drivers/STM32F4xx_HAL_Driver/Src/stm32f4xx_hal_tim.o
                0x08008080                TIM_Base_SetConfig
 .text.TIM_OC1_SetConfig
                0x0800818c       0xcc ./Drivers/STM32F4xx_HAL_Driver/Src/stm32f4xx_hal_tim.o
 .text.TIM_OC2_SetConfig
                0x08008258       0xd8 ./Drivers/STM32F4xx_HAL_Driver/Src/stm32f4xx_hal_tim.o
                0x08008258                TIM_OC2_SetConfig
 .text.TIM_OC3_SetConfig
                0x08008330       0xd4 ./Drivers/STM32F4xx_HAL_Driver/Src/stm32f4xx_hal_tim.o
 .text.TIM_OC4_SetConfig
                0x08008404       0xa0 ./Drivers/STM32F4xx_HAL_Driver/Src/stm32f4xx_hal_tim.o
 .text.TIM_TI1_ConfigInputStage
                0x080084a4       0x5e ./Drivers/STM32F4xx_HAL_Driver/Src/stm32f4xx_hal_tim.o
 .text.TIM_TI2_ConfigInputStage
                0x08008502       0x60 ./Drivers/STM32F4xx_HAL_Driver/Src/stm32f4xx_hal_tim.o
 .text.TIM_ITRx_SetConfig
                0x08008562       0x36 ./Drivers/STM32F4xx_HAL_Driver/Src/stm32f4xx_hal_tim.o
 .text.TIM_ETR_SetConfig
                0x08008598       0x40 ./Drivers/STM32F4xx_HAL_Driver/Src/stm32f4xx_hal_tim.o
                0x08008598                TIM_ETR_SetConfig
 .text.HAL_TIMEx_MasterConfigSynchronization
                0x080085d8       0xdc ./Drivers/STM32F4xx_HAL_Driver/Src/stm32f4xx_hal_tim_ex.o
                0x080085d8                HAL_TIMEx_MasterConfigSynchronization
 .text.HAL_TIMEx_CommutCallback
                0x080086b4       0x14 ./Drivers/STM32F4xx_HAL_Driver/Src/stm32f4xx_hal_tim_ex.o
                0x080086b4                HAL_TIMEx_CommutCallback
 .text.HAL_TIMEx_BreakCallback
                0x080086c8       0x14 ./Drivers/STM32F4xx_HAL_Driver/Src/stm32f4xx_hal_tim_ex.o
                0x080086c8                HAL_TIMEx_BreakCallback
 .text.USB_CoreInit
                0x080086dc       0xc8 ./Drivers/STM32F4xx_HAL_Driver/Src/stm32f4xx_ll_usb.o
                0x080086dc                USB_CoreInit
 .text.USB_SetTurnaroundTime
                0x080087a4      0x144 ./Drivers/STM32F4xx_HAL_Driver/Src/stm32f4xx_ll_usb.o
                0x080087a4                USB_SetTurnaroundTime
 .text.USB_EnableGlobalInt
                0x080088e8       0x22 ./Drivers/STM32F4xx_HAL_Driver/Src/stm32f4xx_ll_usb.o
                0x080088e8                USB_EnableGlobalInt
 .text.USB_DisableGlobalInt
                0x0800890a       0x22 ./Drivers/STM32F4xx_HAL_Driver/Src/stm32f4xx_ll_usb.o
                0x0800890a                USB_DisableGlobalInt
 .text.USB_SetCurrentMode
                0x0800892c       0x98 ./Drivers/STM32F4xx_HAL_Driver/Src/stm32f4xx_ll_usb.o
                0x0800892c                USB_SetCurrentMode
 .text.USB_DevInit
                0x080089c4      0x2c8 ./Drivers/STM32F4xx_HAL_Driver/Src/stm32f4xx_ll_usb.o
                0x080089c4                USB_DevInit
 .text.USB_FlushTxFifo
                0x08008c8c       0x64 ./Drivers/STM32F4xx_HAL_Driver/Src/stm32f4xx_ll_usb.o
                0x08008c8c                USB_FlushTxFifo
 .text.USB_FlushRxFifo
                0x08008cf0       0x5c ./Drivers/STM32F4xx_HAL_Driver/Src/stm32f4xx_ll_usb.o
                0x08008cf0                USB_FlushRxFifo
 .text.USB_SetDevSpeed
                0x08008d4c       0x32 ./Drivers/STM32F4xx_HAL_Driver/Src/stm32f4xx_ll_usb.o
                0x08008d4c                USB_SetDevSpeed
 .text.USB_GetDevSpeed
                0x08008d7e       0x4a ./Drivers/STM32F4xx_HAL_Driver/Src/stm32f4xx_ll_usb.o
                0x08008d7e                USB_GetDevSpeed
 .text.USB_ActivateEndpoint
                0x08008dc8      0x10e ./Drivers/STM32F4xx_HAL_Driver/Src/stm32f4xx_ll_usb.o
                0x08008dc8                USB_ActivateEndpoint
 *fill*         0x08008ed6        0x2 
 .text.USB_DeactivateEndpoint
                0x08008ed8      0x1b8 ./Drivers/STM32F4xx_HAL_Driver/Src/stm32f4xx_ll_usb.o
                0x08008ed8                USB_DeactivateEndpoint
 .text.USB_EPStartXfer
                0x08009090      0x53c ./Drivers/STM32F4xx_HAL_Driver/Src/stm32f4xx_ll_usb.o
                0x08009090                USB_EPStartXfer
 .text.USB_EPStopXfer
                0x080095cc      0x154 ./Drivers/STM32F4xx_HAL_Driver/Src/stm32f4xx_ll_usb.o
                0x080095cc                USB_EPStopXfer
 .text.USB_WritePacket
                0x08009720       0x7c ./Drivers/STM32F4xx_HAL_Driver/Src/stm32f4xx_ll_usb.o
                0x08009720                USB_WritePacket
 .text.USB_ReadPacket
                0x0800979c       0xb0 ./Drivers/STM32F4xx_HAL_Driver/Src/stm32f4xx_ll_usb.o
                0x0800979c                USB_ReadPacket
 .text.USB_EPSetStall
                0x0800984c       0xdc ./Drivers/STM32F4xx_HAL_Driver/Src/stm32f4xx_ll_usb.o
                0x0800984c                USB_EPSetStall
 .text.USB_EPClearStall
                0x08009928       0xcc ./Drivers/STM32F4xx_HAL_Driver/Src/stm32f4xx_ll_usb.o
                0x08009928                USB_EPClearStall
 .text.USB_SetDevAddress
                0x080099f4       0x4c ./Drivers/STM32F4xx_HAL_Driver/Src/stm32f4xx_ll_usb.o
                0x080099f4                USB_SetDevAddress
 .text.USB_DevConnect
                0x08009a40       0x42 ./Drivers/STM32F4xx_HAL_Driver/Src/stm32f4xx_ll_usb.o
                0x08009a40                USB_DevConnect
 .text.USB_DevDisconnect
                0x08009a82       0x42 ./Drivers/STM32F4xx_HAL_Driver/Src/stm32f4xx_ll_usb.o
                0x08009a82                USB_DevDisconnect
 .text.USB_ReadInterrupts
                0x08009ac4       0x26 ./Drivers/STM32F4xx_HAL_Driver/Src/stm32f4xx_ll_usb.o
                0x08009ac4                USB_ReadInterrupts
 .text.USB_ReadDevAllOutEpInterrupt
                0x08009aea       0x34 ./Drivers/STM32F4xx_HAL_Driver/Src/stm32f4xx_ll_usb.o
                0x08009aea                USB_ReadDevAllOutEpInterrupt
 .text.USB_ReadDevAllInEpInterrupt
                0x08009b1e       0x34 ./Drivers/STM32F4xx_HAL_Driver/Src/stm32f4xx_ll_usb.o
                0x08009b1e                USB_ReadDevAllInEpInterrupt
 .text.USB_ReadDevOutEPInterrupt
                0x08009b52       0x3c ./Drivers/STM32F4xx_HAL_Driver/Src/stm32f4xx_ll_usb.o
                0x08009b52                USB_ReadDevOutEPInterrupt
 .text.USB_ReadDevInEPInterrupt
                0x08009b8e       0x5c ./Drivers/STM32F4xx_HAL_Driver/Src/stm32f4xx_ll_usb.o
                0x08009b8e                USB_ReadDevInEPInterrupt
 .text.USB_GetMode
                0x08009bea       0x1c ./Drivers/STM32F4xx_HAL_Driver/Src/stm32f4xx_ll_usb.o
                0x08009bea                USB_GetMode
 .text.USB_ActivateSetup
                0x08009c06       0x46 ./Drivers/STM32F4xx_HAL_Driver/Src/stm32f4xx_ll_usb.o
                0x08009c06                USB_ActivateSetup
 .text.USB_EP0_OutStart
                0x08009c4c       0xbc ./Drivers/STM32F4xx_HAL_Driver/Src/stm32f4xx_ll_usb.o
                0x08009c4c                USB_EP0_OutStart
 .text.USB_CoreReset
                0x08009d08       0x70 ./Drivers/STM32F4xx_HAL_Driver/Src/stm32f4xx_ll_usb.o
 .text.USBD_CDC_Init
                0x08009d78      0x1f0 ./Middlewares/ST/STM32_USB_Device_Library/Class/CDC/Src/usbd_cdc.o
 .text.USBD_CDC_DeInit
                0x08009f68      0x104 ./Middlewares/ST/STM32_USB_Device_Library/Class/CDC/Src/usbd_cdc.o
 .text.USBD_CDC_Setup
                0x0800a06c      0x1b8 ./Middlewares/ST/STM32_USB_Device_Library/Class/CDC/Src/usbd_cdc.o
 .text.USBD_CDC_DataIn
                0x0800a224       0xfe ./Middlewares/ST/STM32_USB_Device_Library/Class/CDC/Src/usbd_cdc.o
 .text.USBD_CDC_DataOut
                0x0800a322       0x70 ./Middlewares/ST/STM32_USB_Device_Library/Class/CDC/Src/usbd_cdc.o
 .text.USBD_CDC_EP0_RxReady
                0x0800a392       0x74 ./Middlewares/ST/STM32_USB_Device_Library/Class/CDC/Src/usbd_cdc.o
 *fill*         0x0800a406        0x2 
 .text.USBD_CDC_GetFSCfgDesc
                0x0800a408       0x70 ./Middlewares/ST/STM32_USB_Device_Library/Class/CDC/Src/usbd_cdc.o
 .text.USBD_CDC_GetHSCfgDesc
                0x0800a478       0x70 ./Middlewares/ST/STM32_USB_Device_Library/Class/CDC/Src/usbd_cdc.o
 .text.USBD_CDC_GetOtherSpeedCfgDesc
                0x0800a4e8       0x70 ./Middlewares/ST/STM32_USB_Device_Library/Class/CDC/Src/usbd_cdc.o
 .text.USBD_CDC_GetDeviceQualifierDescriptor
                0x0800a558       0x20 ./Middlewares/ST/STM32_USB_Device_Library/Class/CDC/Src/usbd_cdc.o
                0x0800a558                USBD_CDC_GetDeviceQualifierDescriptor
 .text.USBD_CDC_RegisterInterface
                0x0800a578       0x34 ./Middlewares/ST/STM32_USB_Device_Library/Class/CDC/Src/usbd_cdc.o
                0x0800a578                USBD_CDC_RegisterInterface
 .text.USBD_CDC_SetTxBuffer
                0x0800a5ac       0x44 ./Middlewares/ST/STM32_USB_Device_Library/Class/CDC/Src/usbd_cdc.o
                0x0800a5ac                USBD_CDC_SetTxBuffer
 .text.USBD_CDC_SetRxBuffer
                0x0800a5f0       0x3a ./Middlewares/ST/STM32_USB_Device_Library/Class/CDC/Src/usbd_cdc.o
                0x0800a5f0                USBD_CDC_SetRxBuffer
 *fill*         0x0800a62a        0x2 
 .text.USBD_CDC_ReceivePacket
                0x0800a62c       0x6c ./Middlewares/ST/STM32_USB_Device_Library/Class/CDC/Src/usbd_cdc.o
                0x0800a62c                USBD_CDC_ReceivePacket
 .text.USBD_Init
                0x0800a698       0x60 ./Middlewares/ST/STM32_USB_Device_Library/Core/Src/usbd_core.o
                0x0800a698                USBD_Init
 .text.USBD_RegisterClass
                0x0800a6f8       0x6c ./Middlewares/ST/STM32_USB_Device_Library/Core/Src/usbd_core.o
                0x0800a6f8                USBD_RegisterClass
 .text.USBD_Start
                0x0800a764       0x18 ./Middlewares/ST/STM32_USB_Device_Library/Core/Src/usbd_core.o
                0x0800a764                USBD_Start
 .text.USBD_RunTestMode
                0x0800a77c       0x16 ./Middlewares/ST/STM32_USB_Device_Library/Core/Src/usbd_core.o
                0x0800a77c                USBD_RunTestMode
 .text.USBD_SetClassConfig
                0x0800a792       0x38 ./Middlewares/ST/STM32_USB_Device_Library/Core/Src/usbd_core.o
                0x0800a792                USBD_SetClassConfig
 .text.USBD_ClrClassConfig
                0x0800a7ca       0x34 ./Middlewares/ST/STM32_USB_Device_Library/Core/Src/usbd_core.o
                0x0800a7ca                USBD_ClrClassConfig
 .text.USBD_LL_SetupStage
                0x0800a7fe       0xaa ./Middlewares/ST/STM32_USB_Device_Library/Core/Src/usbd_core.o
                0x0800a7fe                USBD_LL_SetupStage
 .text.USBD_LL_DataOutStage
                0x0800a8a8      0x178 ./Middlewares/ST/STM32_USB_Device_Library/Core/Src/usbd_core.o
                0x0800a8a8                USBD_LL_DataOutStage
 .text.USBD_LL_DataInStage
                0x0800aa20      0x176 ./Middlewares/ST/STM32_USB_Device_Library/Core/Src/usbd_core.o
                0x0800aa20                USBD_LL_DataInStage
 .text.USBD_LL_Reset
                0x0800ab96       0xa6 ./Middlewares/ST/STM32_USB_Device_Library/Core/Src/usbd_core.o
                0x0800ab96                USBD_LL_Reset
 .text.USBD_LL_SetSpeed
                0x0800ac3c       0x20 ./Middlewares/ST/STM32_USB_Device_Library/Core/Src/usbd_core.o
                0x0800ac3c                USBD_LL_SetSpeed
 .text.USBD_LL_Suspend
                0x0800ac5c       0x38 ./Middlewares/ST/STM32_USB_Device_Library/Core/Src/usbd_core.o
                0x0800ac5c                USBD_LL_Suspend
 .text.USBD_LL_Resume
                0x0800ac94       0x30 ./Middlewares/ST/STM32_USB_Device_Library/Core/Src/usbd_core.o
                0x0800ac94                USBD_LL_Resume
 .text.USBD_LL_SOF
                0x0800acc4       0x40 ./Middlewares/ST/STM32_USB_Device_Library/Core/Src/usbd_core.o
                0x0800acc4                USBD_LL_SOF
 .text.USBD_LL_IsoINIncomplete
                0x0800ad04       0x64 ./Middlewares/ST/STM32_USB_Device_Library/Core/Src/usbd_core.o
                0x0800ad04                USBD_LL_IsoINIncomplete
 .text.USBD_LL_IsoOUTIncomplete
                0x0800ad68       0x64 ./Middlewares/ST/STM32_USB_Device_Library/Core/Src/usbd_core.o
                0x0800ad68                USBD_LL_IsoOUTIncomplete
 .text.USBD_LL_DevConnected
                0x0800adcc       0x16 ./Middlewares/ST/STM32_USB_Device_Library/Core/Src/usbd_core.o
                0x0800adcc                USBD_LL_DevConnected
 .text.USBD_LL_DevDisconnected
                0x0800ade2       0x46 ./Middlewares/ST/STM32_USB_Device_Library/Core/Src/usbd_core.o
                0x0800ade2                USBD_LL_DevDisconnected
 .text.USBD_CoreFindIF
                0x0800ae28       0x1a ./Middlewares/ST/STM32_USB_Device_Library/Core/Src/usbd_core.o
                0x0800ae28                USBD_CoreFindIF
 .text.USBD_CoreFindEP
                0x0800ae42       0x1a ./Middlewares/ST/STM32_USB_Device_Library/Core/Src/usbd_core.o
                0x0800ae42                USBD_CoreFindEP
 .text.USBD_GetEpDesc
                0x0800ae5c       0x70 ./Middlewares/ST/STM32_USB_Device_Library/Core/Src/usbd_core.o
                0x0800ae5c                USBD_GetEpDesc
 .text.USBD_GetNextDesc
                0x0800aecc       0x38 ./Middlewares/ST/STM32_USB_Device_Library/Core/Src/usbd_core.o
                0x0800aecc                USBD_GetNextDesc
 .text.SWAPBYTE
                0x0800af04       0x3e ./Middlewares/ST/STM32_USB_Device_Library/Core/Src/usbd_ctlreq.o
 *fill*         0x0800af42        0x2 
 .text.USBD_StdDevReq
                0x0800af44       0xe4 ./Middlewares/ST/STM32_USB_Device_Library/Core/Src/usbd_ctlreq.o
                0x0800af44                USBD_StdDevReq
 .text.USBD_StdItfReq
                0x0800b028       0xd8 ./Middlewares/ST/STM32_USB_Device_Library/Core/Src/usbd_ctlreq.o
                0x0800b028                USBD_StdItfReq
 .text.USBD_StdEPReq
                0x0800b100      0x33e ./Middlewares/ST/STM32_USB_Device_Library/Core/Src/usbd_ctlreq.o
                0x0800b100                USBD_StdEPReq
 *fill*         0x0800b43e        0x2 
 .text.USBD_GetDescriptor
                0x0800b440      0x2d4 ./Middlewares/ST/STM32_USB_Device_Library/Core/Src/usbd_ctlreq.o
 .text.USBD_SetAddress
                0x0800b714       0x88 ./Middlewares/ST/STM32_USB_Device_Library/Core/Src/usbd_ctlreq.o
 .text.USBD_SetConfig
                0x0800b79c      0x154 ./Middlewares/ST/STM32_USB_Device_Library/Core/Src/usbd_ctlreq.o
 .text.USBD_GetConfig
                0x0800b8f0       0x6c ./Middlewares/ST/STM32_USB_Device_Library/Core/Src/usbd_ctlreq.o
 .text.USBD_GetStatus
                0x0800b95c       0x68 ./Middlewares/ST/STM32_USB_Device_Library/Core/Src/usbd_ctlreq.o
 .text.USBD_SetFeature
                0x0800b9c4       0x52 ./Middlewares/ST/STM32_USB_Device_Library/Core/Src/usbd_ctlreq.o
 .text.USBD_ClrFeature
                0x0800ba16       0x44 ./Middlewares/ST/STM32_USB_Device_Library/Core/Src/usbd_ctlreq.o
 .text.USBD_ParseSetupRequest
                0x0800ba5a       0x74 ./Middlewares/ST/STM32_USB_Device_Library/Core/Src/usbd_ctlreq.o
                0x0800ba5a                USBD_ParseSetupRequest
 .text.USBD_CtlError
                0x0800bace       0x22 ./Middlewares/ST/STM32_USB_Device_Library/Core/Src/usbd_ctlreq.o
                0x0800bace                USBD_CtlError
 .text.USBD_GetString
                0x0800baf0       0xa4 ./Middlewares/ST/STM32_USB_Device_Library/Core/Src/usbd_ctlreq.o
                0x0800baf0                USBD_GetString
 .text.USBD_GetLen
                0x0800bb94       0x34 ./Middlewares/ST/STM32_USB_Device_Library/Core/Src/usbd_ctlreq.o
 .text.USBD_CtlSendData
                0x0800bbc8       0x3c ./Middlewares/ST/STM32_USB_Device_Library/Core/Src/usbd_ioreq.o
                0x0800bbc8                USBD_CtlSendData
 .text.USBD_CtlContinueSendData
                0x0800bc04       0x22 ./Middlewares/ST/STM32_USB_Device_Library/Core/Src/usbd_ioreq.o
                0x0800bc04                USBD_CtlContinueSendData
 .text.USBD_CtlPrepareRx
                0x0800bc26       0x42 ./Middlewares/ST/STM32_USB_Device_Library/Core/Src/usbd_ioreq.o
                0x0800bc26                USBD_CtlPrepareRx
 .text.USBD_CtlContinueRx
                0x0800bc68       0x22 ./Middlewares/ST/STM32_USB_Device_Library/Core/Src/usbd_ioreq.o
                0x0800bc68                USBD_CtlContinueRx
 .text.USBD_CtlSendStatus
                0x0800bc8a       0x26 ./Middlewares/ST/STM32_USB_Device_Library/Core/Src/usbd_ioreq.o
                0x0800bc8a                USBD_CtlSendStatus
 .text.USBD_CtlReceiveStatus
                0x0800bcb0       0x26 ./Middlewares/ST/STM32_USB_Device_Library/Core/Src/usbd_ioreq.o
                0x0800bcb0                USBD_CtlReceiveStatus
 *fill*         0x0800bcd6        0x2 
 .text.MX_USB_DEVICE_Init
                0x0800bcd8       0x60 ./USB_DEVICE/App/usb_device.o
                0x0800bcd8                MX_USB_DEVICE_Init
 .text.CDC_Init_FS
                0x0800bd38       0x28 ./USB_DEVICE/App/usbd_cdc_if.o
 .text.CDC_DeInit_FS
                0x0800bd60       0x10 ./USB_DEVICE/App/usbd_cdc_if.o
 .text.CDC_Control_FS
                0x0800bd70       0xbc ./USB_DEVICE/App/usbd_cdc_if.o
 .text.CDC_Receive_FS
                0x0800be2c       0x28 ./USB_DEVICE/App/usbd_cdc_if.o
 .text.CDC_TransmitCplt_FS
                0x0800be54       0x22 ./USB_DEVICE/App/usbd_cdc_if.o
 *fill*         0x0800be76        0x2 
 .text.USBD_FS_DeviceDescriptor
                0x0800be78       0x24 ./USB_DEVICE/App/usbd_desc.o
                0x0800be78                USBD_FS_DeviceDescriptor
 .text.USBD_FS_LangIDStrDescriptor
                0x0800be9c       0x24 ./USB_DEVICE/App/usbd_desc.o
                0x0800be9c                USBD_FS_LangIDStrDescriptor
 .text.USBD_FS_ProductStrDescriptor
                0x0800bec0       0x3c ./USB_DEVICE/App/usbd_desc.o
                0x0800bec0                USBD_FS_ProductStrDescriptor
 .text.USBD_FS_ManufacturerStrDescriptor
                0x0800befc       0x28 ./USB_DEVICE/App/usbd_desc.o
                0x0800befc                USBD_FS_ManufacturerStrDescriptor
 .text.USBD_FS_SerialStrDescriptor
                0x0800bf24       0x24 ./USB_DEVICE/App/usbd_desc.o
                0x0800bf24                USBD_FS_SerialStrDescriptor
 .text.USBD_FS_ConfigStrDescriptor
                0x0800bf48       0x3c ./USB_DEVICE/App/usbd_desc.o
                0x0800bf48                USBD_FS_ConfigStrDescriptor
 .text.USBD_FS_InterfaceStrDescriptor
                0x0800bf84       0x3c ./USB_DEVICE/App/usbd_desc.o
                0x0800bf84                USBD_FS_InterfaceStrDescriptor
 .text.Get_SerialNum
                0x0800bfc0       0x58 ./USB_DEVICE/App/usbd_desc.o
 .text.IntToUnicode
                0x0800c018       0x7e ./USB_DEVICE/App/usbd_desc.o
 *fill*         0x0800c096        0x2 
 .text.HAL_PCD_MspInit
                0x0800c098       0xa8 ./USB_DEVICE/Target/usbd_conf.o
                0x0800c098                HAL_PCD_MspInit
 .text.HAL_PCD_SetupStageCallback
                0x0800c140       0x24 ./USB_DEVICE/Target/usbd_conf.o
                0x0800c140                HAL_PCD_SetupStageCallback
 .text.HAL_PCD_DataOutStageCallback
                0x0800c164       0x36 ./USB_DEVICE/Target/usbd_conf.o
                0x0800c164                HAL_PCD_DataOutStageCallback
 .text.HAL_PCD_DataInStageCallback
                0x0800c19a       0x34 ./USB_DEVICE/Target/usbd_conf.o
                0x0800c19a                HAL_PCD_DataInStageCallback
 .text.HAL_PCD_SOFCallback
                0x0800c1ce       0x1c ./USB_DEVICE/Target/usbd_conf.o
                0x0800c1ce                HAL_PCD_SOFCallback
 .text.HAL_PCD_ResetCallback
                0x0800c1ea       0x3c ./USB_DEVICE/Target/usbd_conf.o
                0x0800c1ea                HAL_PCD_ResetCallback
 *fill*         0x0800c226        0x2 
 .text.HAL_PCD_SuspendCallback
                0x0800c228       0x4c ./USB_DEVICE/Target/usbd_conf.o
                0x0800c228                HAL_PCD_SuspendCallback
 .text.HAL_PCD_ResumeCallback
                0x0800c274       0x1c ./USB_DEVICE/Target/usbd_conf.o
                0x0800c274                HAL_PCD_ResumeCallback
 .text.HAL_PCD_ISOOUTIncompleteCallback
                0x0800c290       0x24 ./USB_DEVICE/Target/usbd_conf.o
                0x0800c290                HAL_PCD_ISOOUTIncompleteCallback
 .text.HAL_PCD_ISOINIncompleteCallback
                0x0800c2b4       0x24 ./USB_DEVICE/Target/usbd_conf.o
                0x0800c2b4                HAL_PCD_ISOINIncompleteCallback
 .text.HAL_PCD_ConnectCallback
                0x0800c2d8       0x1c ./USB_DEVICE/Target/usbd_conf.o
                0x0800c2d8                HAL_PCD_ConnectCallback
 .text.HAL_PCD_DisconnectCallback
                0x0800c2f4       0x1c ./USB_DEVICE/Target/usbd_conf.o
                0x0800c2f4                HAL_PCD_DisconnectCallback
 .text.USBD_LL_Init
                0x0800c310       0x98 ./USB_DEVICE/Target/usbd_conf.o
                0x0800c310                USBD_LL_Init
 .text.USBD_LL_Start
                0x0800c3a8       0x36 ./USB_DEVICE/Target/usbd_conf.o
                0x0800c3a8                USBD_LL_Start
 .text.USBD_LL_OpenEP
                0x0800c3de       0x4c ./USB_DEVICE/Target/usbd_conf.o
                0x0800c3de                USBD_LL_OpenEP
 .text.USBD_LL_CloseEP
                0x0800c42a       0x3e ./USB_DEVICE/Target/usbd_conf.o
                0x0800c42a                USBD_LL_CloseEP
 .text.USBD_LL_StallEP
                0x0800c468       0x3e ./USB_DEVICE/Target/usbd_conf.o
                0x0800c468                USBD_LL_StallEP
 .text.USBD_LL_ClearStallEP
                0x0800c4a6       0x3e ./USB_DEVICE/Target/usbd_conf.o
                0x0800c4a6                USBD_LL_ClearStallEP
 .text.USBD_LL_IsStallEP
                0x0800c4e4       0x58 ./USB_DEVICE/Target/usbd_conf.o
                0x0800c4e4                USBD_LL_IsStallEP
 .text.USBD_LL_SetUSBAddress
                0x0800c53c       0x3e ./USB_DEVICE/Target/usbd_conf.o
                0x0800c53c                USBD_LL_SetUSBAddress
 .text.USBD_LL_Transmit
                0x0800c57a       0x42 ./USB_DEVICE/Target/usbd_conf.o
                0x0800c57a                USBD_LL_Transmit
 .text.USBD_LL_PrepareReceive
                0x0800c5bc       0x42 ./USB_DEVICE/Target/usbd_conf.o
                0x0800c5bc                USBD_LL_PrepareReceive
 .text.USBD_LL_GetRxDataSize
                0x0800c5fe       0x26 ./USB_DEVICE/Target/usbd_conf.o
                0x0800c5fe                USBD_LL_GetRxDataSize
 .text.USBD_static_malloc
                0x0800c624       0x1c ./USB_DEVICE/Target/usbd_conf.o
                0x0800c624                USBD_static_malloc
 .text.USBD_static_free
                0x0800c640       0x14 ./USB_DEVICE/Target/usbd_conf.o
                0x0800c640                USBD_static_free
 .text.USBD_Get_USB_Status
                0x0800c654       0x58 ./USB_DEVICE/Target/usbd_conf.o
                0x0800c654                USBD_Get_USB_Status
 .text.rand     0x0800c6ac       0x7c D:/mcu/STM/STM32CubeIDE/plugins/com.st.stm32cube.ide.mcu.externaltools.gnu-tools-for-stm32.14.3.rel1.win32_1.0.100.202602081740/tools/bin/../lib/gcc/arm-none-eabi/14.3.1/../../../../arm-none-eabi/lib/thumb/v7e-m+fp/hard\libc_nano.a(libc_a-rand.o)
                0x0800c6ac                rand
 .text.std      0x0800c728       0x6c D:/mcu/STM/STM32CubeIDE/plugins/com.st.stm32cube.ide.mcu.externaltools.gnu-tools-for-stm32.14.3.rel1.win32_1.0.100.202602081740/tools/bin/../lib/gcc/arm-none-eabi/14.3.1/../../../../arm-none-eabi/lib/thumb/v7e-m+fp/hard\libc_nano.a(libc_a-findfp.o)
 .text.stdio_exit_handler
                0x0800c794       0x18 D:/mcu/STM/STM32CubeIDE/plugins/com.st.stm32cube.ide.mcu.externaltools.gnu-tools-for-stm32.14.3.rel1.win32_1.0.100.202602081740/tools/bin/../lib/gcc/arm-none-eabi/14.3.1/../../../../arm-none-eabi/lib/thumb/v7e-m+fp/hard\libc_nano.a(libc_a-findfp.o)
 .text.cleanup_stdio
                0x0800c7ac       0x40 D:/mcu/STM/STM32CubeIDE/plugins/com.st.stm32cube.ide.mcu.externaltools.gnu-tools-for-stm32.14.3.rel1.win32_1.0.100.202602081740/tools/bin/../lib/gcc/arm-none-eabi/14.3.1/../../../../arm-none-eabi/lib/thumb/v7e-m+fp/hard\libc_nano.a(libc_a-findfp.o)
 .text.global_stdio_init.part.0
                0x0800c7ec       0x40 D:/mcu/STM/STM32CubeIDE/plugins/com.st.stm32cube.ide.mcu.externaltools.gnu-tools-for-stm32.14.3.rel1.win32_1.0.100.202602081740/tools/bin/../lib/gcc/arm-none-eabi/14.3.1/../../../../arm-none-eabi/lib/thumb/v7e-m+fp/hard\libc_nano.a(libc_a-findfp.o)
 .text.__sfp_lock_acquire
                0x0800c82c        0xc D:/mcu/STM/STM32CubeIDE/plugins/com.st.stm32cube.ide.mcu.externaltools.gnu-tools-for-stm32.14.3.rel1.win32_1.0.100.202602081740/tools/bin/../lib/gcc/arm-none-eabi/14.3.1/../../../../arm-none-eabi/lib/thumb/v7e-m+fp/hard\libc_nano.a(libc_a-findfp.o)
                0x0800c82c                __sfp_lock_acquire
 .text.__sfp_lock_release
                0x0800c838        0xc D:/mcu/STM/STM32CubeIDE/plugins/com.st.stm32cube.ide.mcu.externaltools.gnu-tools-for-stm32.14.3.rel1.win32_1.0.100.202602081740/tools/bin/../lib/gcc/arm-none-eabi/14.3.1/../../../../arm-none-eabi/lib/thumb/v7e-m+fp/hard\libc_nano.a(libc_a-findfp.o)
                0x0800c838                __sfp_lock_release
 .text.__sinit  0x0800c844       0x30 D:/mcu/STM/STM32CubeIDE/plugins/com.st.stm32cube.ide.mcu.externaltools.gnu-tools-for-stm32.14.3.rel1.win32_1.0.100.202602081740/tools/bin/../lib/gcc/arm-none-eabi/14.3.1/../../../../arm-none-eabi/lib/thumb/v7e-m+fp/hard\libc_nano.a(libc_a-findfp.o)
                0x0800c844                __sinit
 .text._fwalk_sglue
                0x0800c874       0x3c D:/mcu/STM/STM32CubeIDE/plugins/com.st.stm32cube.ide.mcu.externaltools.gnu-tools-for-stm32.14.3.rel1.win32_1.0.100.202602081740/tools/bin/../lib/gcc/arm-none-eabi/14.3.1/../../../../arm-none-eabi/lib/thumb/v7e-m+fp/hard\libc_nano.a(libc_a-fwalk.o)
                0x0800c874                _fwalk_sglue
 .text.snprintf
                0x0800c8b0       0x6c D:/mcu/STM/STM32CubeIDE/plugins/com.st.stm32cube.ide.mcu.externaltools.gnu-tools-for-stm32.14.3.rel1.win32_1.0.100.202602081740/tools/bin/../lib/gcc/arm-none-eabi/14.3.1/../../../../arm-none-eabi/lib/thumb/v7e-m+fp/hard\libc_nano.a(libc_a-snprintf.o)
                0x0800c8b0                sniprintf
                0x0800c8b0                snprintf
 .text.__sread  0x0800c91c       0x22 D:/mcu/STM/STM32CubeIDE/plugins/com.st.stm32cube.ide.mcu.externaltools.gnu-tools-for-stm32.14.3.rel1.win32_1.0.100.202602081740/tools/bin/../lib/gcc/arm-none-eabi/14.3.1/../../../../arm-none-eabi/lib/thumb/v7e-m+fp/hard\libc_nano.a(libc_a-stdio.o)
                0x0800c91c                __sread
 .text.__swrite
                0x0800c93e       0x38 D:/mcu/STM/STM32CubeIDE/plugins/com.st.stm32cube.ide.mcu.externaltools.gnu-tools-for-stm32.14.3.rel1.win32_1.0.100.202602081740/tools/bin/../lib/gcc/arm-none-eabi/14.3.1/../../../../arm-none-eabi/lib/thumb/v7e-m+fp/hard\libc_nano.a(libc_a-stdio.o)
                0x0800c93e                __swrite
 .text.__sseek  0x0800c976       0x26 D:/mcu/STM/STM32CubeIDE/plugins/com.st.stm32cube.ide.mcu.externaltools.gnu-tools-for-stm32.14.3.rel1.win32_1.0.100.202602081740/tools/bin/../lib/gcc/arm-none-eabi/14.3.1/../../../../arm-none-eabi/lib/thumb/v7e-m+fp/hard\libc_nano.a(libc_a-stdio.o)
                0x0800c976                __sseek
 .text.__sclose
                0x0800c99c        0x8 D:/mcu/STM/STM32CubeIDE/plugins/com.st.stm32cube.ide.mcu.externaltools.gnu-tools-for-stm32.14.3.rel1.win32_1.0.100.202602081740/tools/bin/../lib/gcc/arm-none-eabi/14.3.1/../../../../arm-none-eabi/lib/thumb/v7e-m+fp/hard\libc_nano.a(libc_a-stdio.o)
                0x0800c99c                __sclose
 .text.memset   0x0800c9a4       0x10 D:/mcu/STM/STM32CubeIDE/plugins/com.st.stm32cube.ide.mcu.externaltools.gnu-tools-for-stm32.14.3.rel1.win32_1.0.100.202602081740/tools/bin/../lib/gcc/arm-none-eabi/14.3.1/../../../../arm-none-eabi/lib/thumb/v7e-m+fp/hard\libc_nano.a(libc_a-memset.o)
                0x0800c9a4                memset
 .text._close_r
                0x0800c9b4       0x20 D:/mcu/STM/STM32CubeIDE/plugins/com.st.stm32cube.ide.mcu.externaltools.gnu-tools-for-stm32.14.3.rel1.win32_1.0.100.202602081740/tools/bin/../lib/gcc/arm-none-eabi/14.3.1/../../../../arm-none-eabi/lib/thumb/v7e-m+fp/hard\libc_nano.a(libc_a-closer.o)
                0x0800c9b4                _close_r
 .text._lseek_r
                0x0800c9d4       0x24 D:/mcu/STM/STM32CubeIDE/plugins/com.st.stm32cube.ide.mcu.externaltools.gnu-tools-for-stm32.14.3.rel1.win32_1.0.100.202602081740/tools/bin/../lib/gcc/arm-none-eabi/14.3.1/../../../../arm-none-eabi/lib/thumb/v7e-m+fp/hard\libc_nano.a(libc_a-lseekr.o)
                0x0800c9d4                _lseek_r
 .text._read_r  0x0800c9f8       0x24 D:/mcu/STM/STM32CubeIDE/plugins/com.st.stm32cube.ide.mcu.externaltools.gnu-tools-for-stm32.14.3.rel1.win32_1.0.100.202602081740/tools/bin/../lib/gcc/arm-none-eabi/14.3.1/../../../../arm-none-eabi/lib/thumb/v7e-m+fp/hard\libc_nano.a(libc_a-readr.o)
                0x0800c9f8                _read_r
 .text._write_r
                0x0800ca1c       0x24 D:/mcu/STM/STM32CubeIDE/plugins/com.st.stm32cube.ide.mcu.externaltools.gnu-tools-for-stm32.14.3.rel1.win32_1.0.100.202602081740/tools/bin/../lib/gcc/arm-none-eabi/14.3.1/../../../../arm-none-eabi/lib/thumb/v7e-m+fp/hard\libc_nano.a(libc_a-writer.o)
                0x0800ca1c                _write_r
 .text.__errno  0x0800ca40        0xc D:/mcu/STM/STM32CubeIDE/plugins/com.st.stm32cube.ide.mcu.externaltools.gnu-tools-for-stm32.14.3.rel1.win32_1.0.100.202602081740/tools/bin/../lib/gcc/arm-none-eabi/14.3.1/../../../../arm-none-eabi/lib/thumb/v7e-m+fp/hard\libc_nano.a(libc_a-errno.o)
                0x0800ca40                __errno
 .text.__libc_init_array
                0x0800ca4c       0x48 D:/mcu/STM/STM32CubeIDE/plugins/com.st.stm32cube.ide.mcu.externaltools.gnu-tools-for-stm32.14.3.rel1.win32_1.0.100.202602081740/tools/bin/../lib/gcc/arm-none-eabi/14.3.1/../../../../arm-none-eabi/lib/thumb/v7e-m+fp/hard\libc_nano.a(libc_a-init.o)
                0x0800ca4c                __libc_init_array
 .text.__retarget_lock_init_recursive
                0x0800ca94        0x2 D:/mcu/STM/STM32CubeIDE/plugins/com.st.stm32cube.ide.mcu.externaltools.gnu-tools-for-stm32.14.3.rel1.win32_1.0.100.202602081740/tools/bin/../lib/gcc/arm-none-eabi/14.3.1/../../../../arm-none-eabi/lib/thumb/v7e-m+fp/hard\libc_nano.a(libc_a-lock.o)
                0x0800ca94                __retarget_lock_init_recursive
 .text.__retarget_lock_acquire_recursive
                0x0800ca96        0x2 D:/mcu/STM/STM32CubeIDE/plugins/com.st.stm32cube.ide.mcu.externaltools.gnu-tools-for-stm32.14.3.rel1.win32_1.0.100.202602081740/tools/bin/../lib/gcc/arm-none-eabi/14.3.1/../../../../arm-none-eabi/lib/thumb/v7e-m+fp/hard\libc_nano.a(libc_a-lock.o)
                0x0800ca96                __retarget_lock_acquire_recursive
 .text.__retarget_lock_release_recursive
                0x0800ca98        0x2 D:/mcu/STM/STM32CubeIDE/plugins/com.st.stm32cube.ide.mcu.externaltools.gnu-tools-for-stm32.14.3.rel1.win32_1.0.100.202602081740/tools/bin/../lib/gcc/arm-none-eabi/14.3.1/../../../../arm-none-eabi/lib/thumb/v7e-m+fp/hard\libc_nano.a(libc_a-lock.o)
                0x0800ca98                __retarget_lock_release_recursive
 *fill*         0x0800ca9a        0x2 
 .text.__assert_func
                0x0800ca9c       0x3c D:/mcu/STM/STM32CubeIDE/plugins/com.st.stm32cube.ide.mcu.externaltools.gnu-tools-for-stm32.14.3.rel1.win32_1.0.100.202602081740/tools/bin/../lib/gcc/arm-none-eabi/14.3.1/../../../../arm-none-eabi/lib/thumb/v7e-m+fp/hard\libc_nano.a(libc_a-assert.o)
                0x0800ca9c                __assert_func
 .text._free_r  0x0800cad8       0x94 D:/mcu/STM/STM32CubeIDE/plugins/com.st.stm32cube.ide.mcu.externaltools.gnu-tools-for-stm32.14.3.rel1.win32_1.0.100.202602081740/tools/bin/../lib/gcc/arm-none-eabi/14.3.1/../../../../arm-none-eabi/lib/thumb/v7e-m+fp/hard\libc_nano.a(libc_a-freer.o)
                0x0800cad8                _free_r
 .text.malloc   0x0800cb6c       0x10 D:/mcu/STM/STM32CubeIDE/plugins/com.st.stm32cube.ide.mcu.externaltools.gnu-tools-for-stm32.14.3.rel1.win32_1.0.100.202602081740/tools/bin/../lib/gcc/arm-none-eabi/14.3.1/../../../../arm-none-eabi/lib/thumb/v7e-m+fp/hard\libc_nano.a(libc_a-malloc.o)
                0x0800cb6c                malloc
 .text.sbrk_aligned
                0x0800cb7c       0x44 D:/mcu/STM/STM32CubeIDE/plugins/com.st.stm32cube.ide.mcu.externaltools.gnu-tools-for-stm32.14.3.rel1.win32_1.0.100.202602081740/tools/bin/../lib/gcc/arm-none-eabi/14.3.1/../../../../arm-none-eabi/lib/thumb/v7e-m+fp/hard\libc_nano.a(libc_a-mallocr.o)
 .text._malloc_r
                0x0800cbc0      0x100 D:/mcu/STM/STM32CubeIDE/plugins/com.st.stm32cube.ide.mcu.externaltools.gnu-tools-for-stm32.14.3.rel1.win32_1.0.100.202602081740/tools/bin/../lib/gcc/arm-none-eabi/14.3.1/../../../../arm-none-eabi/lib/thumb/v7e-m+fp/hard\libc_nano.a(libc_a-mallocr.o)
                0x0800cbc0                _malloc_r
 .text.__malloc_lock
                0x0800ccc0        0xc D:/mcu/STM/STM32CubeIDE/plugins/com.st.stm32cube.ide.mcu.externaltools.gnu-tools-for-stm32.14.3.rel1.win32_1.0.100.202602081740/tools/bin/../lib/gcc/arm-none-eabi/14.3.1/../../../../arm-none-eabi/lib/thumb/v7e-m+fp/hard\libc_nano.a(libc_a-mlock.o)
                0x0800ccc0                __malloc_lock
 .text.__malloc_unlock
                0x0800cccc        0xc D:/mcu/STM/STM32CubeIDE/plugins/com.st.stm32cube.ide.mcu.externaltools.gnu-tools-for-stm32.14.3.rel1.win32_1.0.100.202602081740/tools/bin/../lib/gcc/arm-none-eabi/14.3.1/../../../../arm-none-eabi/lib/thumb/v7e-m+fp/hard\libc_nano.a(libc_a-mlock.o)
                0x0800cccc                __malloc_unlock
 .text.__ssputs_r
                0x0800ccd8       0xc0 D:/mcu/STM/STM32CubeIDE/plugins/com.st.stm32cube.ide.mcu.externaltools.gnu-tools-for-stm32.14.3.rel1.win32_1.0.100.202602081740/tools/bin/../lib/gcc/arm-none-eabi/14.3.1/../../../../arm-none-eabi/lib/thumb/v7e-m+fp/hard\libc_nano.a(libc_a-nano-svfprintf.o)
                0x0800ccd8                __ssputs_r
 .text._svfprintf_r
                0x0800cd98      0x1f0 D:/mcu/STM/STM32CubeIDE/plugins/com.st.stm32cube.ide.mcu.externaltools.gnu-tools-for-stm32.14.3.rel1.win32_1.0.100.202602081740/tools/bin/../lib/gcc/arm-none-eabi/14.3.1/../../../../arm-none-eabi/lib/thumb/v7e-m+fp/hard\libc_nano.a(libc_a-nano-svfprintf.o)
                0x0800cd98                _svfiprintf_r
                0x0800cd98                _svfprintf_r
 .text._printf_common
                0x0800cf88       0xda D:/mcu/STM/STM32CubeIDE/plugins/com.st.stm32cube.ide.mcu.externaltools.gnu-tools-for-stm32.14.3.rel1.win32_1.0.100.202602081740/tools/bin/../lib/gcc/arm-none-eabi/14.3.1/../../../../arm-none-eabi/lib/thumb/v7e-m+fp/hard\libc_nano.a(libc_a-nano-vfprintf_i.o)
                0x0800cf88                _printf_common
 *fill*         0x0800d062        0x2 
 .text._printf_i
                0x0800d064      0x24c D:/mcu/STM/STM32CubeIDE/plugins/com.st.stm32cube.ide.mcu.externaltools.gnu-tools-for-stm32.14.3.rel1.win32_1.0.100.202602081740/tools/bin/../lib/gcc/arm-none-eabi/14.3.1/../../../../arm-none-eabi/lib/thumb/v7e-m+fp/hard\libc_nano.a(libc_a-nano-vfprintf_i.o)
                0x0800d064                _printf_i
 .text.__sflush_r
                0x0800d2b0      0x104 D:/mcu/STM/STM32CubeIDE/plugins/com.st.stm32cube.ide.mcu.externaltools.gnu-tools-for-stm32.14.3.rel1.win32_1.0.100.202602081740/tools/bin/../lib/gcc/arm-none-eabi/14.3.1/../../../../arm-none-eabi/lib/thumb/v7e-m+fp/hard\libc_nano.a(libc_a-fflush.o)
                0x0800d2b0                __sflush_r
 .text._fflush_r
                0x0800d3b4       0x50 D:/mcu/STM/STM32CubeIDE/plugins/com.st.stm32cube.ide.mcu.externaltools.gnu-tools-for-stm32.14.3.rel1.win32_1.0.100.202602081740/tools/bin/../lib/gcc/arm-none-eabi/14.3.1/../../../../arm-none-eabi/lib/thumb/v7e-m+fp/hard\libc_nano.a(libc_a-fflush.o)
                0x0800d3b4                _fflush_r
 .text.fprintf  0x0800d404       0x24 D:/mcu/STM/STM32CubeIDE/plugins/com.st.stm32cube.ide.mcu.externaltools.gnu-tools-for-stm32.14.3.rel1.win32_1.0.100.202602081740/tools/bin/../lib/gcc/arm-none-eabi/14.3.1/../../../../arm-none-eabi/lib/thumb/v7e-m+fp/hard\libc_nano.a(libc_a-fprintf.o)
                0x0800d404                fiprintf
                0x0800d404                fprintf
 .text.memmove  0x0800d428       0x32 D:/mcu/STM/STM32CubeIDE/plugins/com.st.stm32cube.ide.mcu.externaltools.gnu-tools-for-stm32.14.3.rel1.win32_1.0.100.202602081740/tools/bin/../lib/gcc/arm-none-eabi/14.3.1/../../../../arm-none-eabi/lib/thumb/v7e-m+fp/hard\libc_nano.a(libc_a-memmove.o)
                0x0800d428                memmove
 *fill*         0x0800d45a        0x2 
 .text._sbrk_r  0x0800d45c       0x20 D:/mcu/STM/STM32CubeIDE/plugins/com.st.stm32cube.ide.mcu.externaltools.gnu-tools-for-stm32.14.3.rel1.win32_1.0.100.202602081740/tools/bin/../lib/gcc/arm-none-eabi/14.3.1/../../../../arm-none-eabi/lib/thumb/v7e-m+fp/hard\libc_nano.a(libc_a-sbrkr.o)
                0x0800d45c                _sbrk_r
 .text.memcpy   0x0800d47c       0x1c D:/mcu/STM/STM32CubeIDE/plugins/com.st.stm32cube.ide.mcu.externaltools.gnu-tools-for-stm32.14.3.rel1.win32_1.0.100.202602081740/tools/bin/../lib/gcc/arm-none-eabi/14.3.1/../../../../arm-none-eabi/lib/thumb/v7e-m+fp/hard\libc_nano.a(libc_a-memcpy-stub.o)
                0x0800d47c                memcpy
 .text.abort    0x0800d498        0xe D:/mcu/STM/STM32CubeIDE/plugins/com.st.stm32cube.ide.mcu.externaltools.gnu-tools-for-stm32.14.3.rel1.win32_1.0.100.202602081740/tools/bin/../lib/gcc/arm-none-eabi/14.3.1/../../../../arm-none-eabi/lib/thumb/v7e-m+fp/hard\libc_nano.a(libc_a-abort.o)
                0x0800d498                abort
 .text._realloc_r
                0x0800d4a6       0x5c D:/mcu/STM/STM32CubeIDE/plugins/com.st.stm32cube.ide.mcu.externaltools.gnu-tools-for-stm32.14.3.rel1.win32_1.0.100.202602081740/tools/bin/../lib/gcc/arm-none-eabi/14.3.1/../../../../arm-none-eabi/lib/thumb/v7e-m+fp/hard\libc_nano.a(libc_a-reallocr.o)
                0x0800d4a6                _realloc_r
 .text.__sfputc_r
                0x0800d502       0x2e D:/mcu/STM/STM32CubeIDE/plugins/com.st.stm32cube.ide.mcu.externaltools.gnu-tools-for-stm32.14.3.rel1.win32_1.0.100.202602081740/tools/bin/../lib/gcc/arm-none-eabi/14.3.1/../../../../arm-none-eabi/lib/thumb/v7e-m+fp/hard\libc_nano.a(libc_a-nano-vfprintf.o)
 .text.__sfputs_r
                0x0800d530       0x24 D:/mcu/STM/STM32CubeIDE/plugins/com.st.stm32cube.ide.mcu.externaltools.gnu-tools-for-stm32.14.3.rel1.win32_1.0.100.202602081740/tools/bin/../lib/gcc/arm-none-eabi/14.3.1/../../../../arm-none-eabi/lib/thumb/v7e-m+fp/hard\libc_nano.a(libc_a-nano-vfprintf.o)
                0x0800d530                __sfputs_r
 .text._vfprintf_r
                0x0800d554      0x228 D:/mcu/STM/STM32CubeIDE/plugins/com.st.stm32cube.ide.mcu.externaltools.gnu-tools-for-stm32.14.3.rel1.win32_1.0.100.202602081740/tools/bin/../lib/gcc/arm-none-eabi/14.3.1/../../../../arm-none-eabi/lib/thumb/v7e-m+fp/hard\libc_nano.a(libc_a-nano-vfprintf.o)
                0x0800d554                _vfprintf_r
                0x0800d554                _vfiprintf_r
 .text.__swbuf_r
                0x0800d77c       0x7c D:/mcu/STM/STM32CubeIDE/plugins/com.st.stm32cube.ide.mcu.externaltools.gnu-tools-for-stm32.14.3.rel1.win32_1.0.100.202602081740/tools/bin/../lib/gcc/arm-none-eabi/14.3.1/../../../../arm-none-eabi/lib/thumb/v7e-m+fp/hard\libc_nano.a(libc_a-wbuf.o)
                0x0800d77c                __swbuf_r
 .text.__swsetup_r
                0x0800d7f8       0xa8 D:/mcu/STM/STM32CubeIDE/plugins/com.st.stm32cube.ide.mcu.externaltools.gnu-tools-for-stm32.14.3.rel1.win32_1.0.100.202602081740/tools/bin/../lib/gcc/arm-none-eabi/14.3.1/../../../../arm-none-eabi/lib/thumb/v7e-m+fp/hard\libc_nano.a(libc_a-wsetup.o)
                0x0800d7f8                __swsetup_r
 .text._raise_r
                0x0800d8a0       0x50 D:/mcu/STM/STM32CubeIDE/plugins/com.st.stm32cube.ide.mcu.externaltools.gnu-tools-for-stm32.14.3.rel1.win32_1.0.100.202602081740/tools/bin/../lib/gcc/arm-none-eabi/14.3.1/../../../../arm-none-eabi/lib/thumb/v7e-m+fp/hard\libc_nano.a(libc_a-signal.o)
                0x0800d8a0                _raise_r
 .text.raise    0x0800d8f0       0x10 D:/mcu/STM/STM32CubeIDE/plugins/com.st.stm32cube.ide.mcu.externaltools.gnu-tools-for-stm32.14.3.rel1.win32_1.0.100.202602081740/tools/bin/../lib/gcc/arm-none-eabi/14.3.1/../../../../arm-none-eabi/lib/thumb/v7e-m+fp/hard\libc_nano.a(libc_a-signal.o)
                0x0800d8f0                raise
 .text._kill_r  0x0800d900       0x24 D:/mcu/STM/STM32CubeIDE/plugins/com.st.stm32cube.ide.mcu.externaltools.gnu-tools-for-stm32.14.3.rel1.win32_1.0.100.202602081740/tools/bin/../lib/gcc/arm-none-eabi/14.3.1/../../../../arm-none-eabi/lib/thumb/v7e-m+fp/hard\libc_nano.a(libc_a-signalr.o)
                0x0800d900                _kill_r
 .text._getpid_r
                0x0800d924        0x4 D:/mcu/STM/STM32CubeIDE/plugins/com.st.stm32cube.ide.mcu.externaltools.gnu-tools-for-stm32.14.3.rel1.win32_1.0.100.202602081740/tools/bin/../lib/gcc/arm-none-eabi/14.3.1/../../../../arm-none-eabi/lib/thumb/v7e-m+fp/hard\libc_nano.a(libc_a-signalr.o)
                0x0800d924                _getpid_r
 .text._malloc_usable_size_r
                0x0800d928       0x10 D:/mcu/STM/STM32CubeIDE/plugins/com.st.stm32cube.ide.mcu.externaltools.gnu-tools-for-stm32.14.3.rel1.win32_1.0.100.202602081740/tools/bin/../lib/gcc/arm-none-eabi/14.3.1/../../../../arm-none-eabi/lib/thumb/v7e-m+fp/hard\libc_nano.a(libc_a-msizer.o)
                0x0800d928                _malloc_usable_size_r
 .text.__swhatbuf_r
                0x0800d938       0x48 D:/mcu/STM/STM32CubeIDE/plugins/com.st.stm32cube.ide.mcu.externaltools.gnu-tools-for-stm32.14.3.rel1.win32_1.0.100.202602081740/tools/bin/../lib/gcc/arm-none-eabi/14.3.1/../../../../arm-none-eabi/lib/thumb/v7e-m+fp/hard\libc_nano.a(libc_a-makebuf.o)
                0x0800d938                __swhatbuf_r
 .text.__smakebuf_r
                0x0800d980       0x72 D:/mcu/STM/STM32CubeIDE/plugins/com.st.stm32cube.ide.mcu.externaltools.gnu-tools-for-stm32.14.3.rel1.win32_1.0.100.202602081740/tools/bin/../lib/gcc/arm-none-eabi/14.3.1/../../../../arm-none-eabi/lib/thumb/v7e-m+fp/hard\libc_nano.a(libc_a-makebuf.o)
                0x0800d980                __smakebuf_r
 *fill*         0x0800d9f2        0x2 
 .text._fstat_r
                0x0800d9f4       0x24 D:/mcu/STM/STM32CubeIDE/plugins/com.st.stm32cube.ide.mcu.externaltools.gnu-tools-for-stm32.14.3.rel1.win32_1.0.100.202602081740/tools/bin/../lib/gcc/arm-none-eabi/14.3.1/../../../../arm-none-eabi/lib/thumb/v7e-m+fp/hard\libc_nano.a(libc_a-fstatr.o)
                0x0800d9f4                _fstat_r
 .text._isatty_r
                0x0800da18       0x20 D:/mcu/STM/STM32CubeIDE/plugins/com.st.stm32cube.ide.mcu.externaltools.gnu-tools-for-stm32.14.3.rel1.win32_1.0.100.202602081740/tools/bin/../lib/gcc/arm-none-eabi/14.3.1/../../../../arm-none-eabi/lib/thumb/v7e-m+fp/hard\libc_nano.a(libc_a-isattyr.o)
                0x0800da18                _isatty_r
 .text.pow      0x0800da38       0xf0 D:/mcu/STM/STM32CubeIDE/plugins/com.st.stm32cube.ide.mcu.externaltools.gnu-tools-for-stm32.14.3.rel1.win32_1.0.100.202602081740/tools/bin/../lib/gcc/arm-none-eabi/14.3.1/../../../../arm-none-eabi/lib/thumb/v7e-m+fp/hard\libm.a(libm_a-w_pow.o)
                0x0800da38                pow
 .text.sqrt     0x0800db28       0x68 D:/mcu/STM/STM32CubeIDE/plugins/com.st.stm32cube.ide.mcu.externaltools.gnu-tools-for-stm32.14.3.rel1.win32_1.0.100.202602081740/tools/bin/../lib/gcc/arm-none-eabi/14.3.1/../../../../arm-none-eabi/lib/thumb/v7e-m+fp/hard\libm.a(libm_a-w_sqrt.o)
                0x0800db28                sqrt
 .text.cos      0x0800db90       0x88 D:/mcu/STM/STM32CubeIDE/plugins/com.st.stm32cube.ide.mcu.externaltools.gnu-tools-for-stm32.14.3.rel1.win32_1.0.100.202602081740/tools/bin/../lib/gcc/arm-none-eabi/14.3.1/../../../../arm-none-eabi/lib/thumb/v7e-m+fp/hard\libm.a(libm_a-s_cos.o)
                0x0800db90                cos
 .text.sin      0x0800dc18       0x88 D:/mcu/STM/STM32CubeIDE/plugins/com.st.stm32cube.ide.mcu.externaltools.gnu-tools-for-stm32.14.3.rel1.win32_1.0.100.202602081740/tools/bin/../lib/gcc/arm-none-eabi/14.3.1/../../../../arm-none-eabi/lib/thumb/v7e-m+fp/hard\libm.a(libm_a-s_sin.o)
                0x0800dc18                sin
 .text.finite   0x0800dca0       0x18 D:/mcu/STM/STM32CubeIDE/plugins/com.st.stm32cube.ide.mcu.externaltools.gnu-tools-for-stm32.14.3.rel1.win32_1.0.100.202602081740/tools/bin/../lib/gcc/arm-none-eabi/14.3.1/../../../../arm-none-eabi/lib/thumb/v7e-m+fp/hard\libm.a(libm_a-s_finite.o)
                0x0800dca0                finite
 .text.__ieee754_sqrt
                0x0800dcb8      0x1f0 D:/mcu/STM/STM32CubeIDE/plugins/com.st.stm32cube.ide.mcu.externaltools.gnu-tools-for-stm32.14.3.rel1.win32_1.0.100.202602081740/tools/bin/../lib/gcc/arm-none-eabi/14.3.1/../../../../arm-none-eabi/lib/thumb/v7e-m+fp/hard\libm.a(libm_a-e_sqrt.o)
                0x0800dcb8                __ieee754_sqrt
 .text.__kernel_cos
                0x0800dea8      0x26c D:/mcu/STM/STM32CubeIDE/plugins/com.st.stm32cube.ide.mcu.externaltools.gnu-tools-for-stm32.14.3.rel1.win32_1.0.100.202602081740/tools/bin/../lib/gcc/arm-none-eabi/14.3.1/../../../../arm-none-eabi/lib/thumb/v7e-m+fp/hard\libm.a(libm_a-k_cos.o)
                0x0800dea8                __kernel_cos
 *fill*         0x0800e114        0x4 
 .text.__kernel_sin
                0x0800e118      0x184 D:/mcu/STM/STM32CubeIDE/plugins/com.st.stm32cube.ide.mcu.externaltools.gnu-tools-for-stm32.14.3.rel1.win32_1.0.100.202602081740/tools/bin/../lib/gcc/arm-none-eabi/14.3.1/../../../../arm-none-eabi/lib/thumb/v7e-m+fp/hard\libm.a(libm_a-k_sin.o)
                0x0800e118                __kernel_sin
 *fill*         0x0800e29c        0x4 
 .text.__ieee754_pow
                0x0800e2a0      0xc7c D:/mcu/STM/STM32CubeIDE/plugins/com.st.stm32cube.ide.mcu.externaltools.gnu-tools-for-stm32.14.3.rel1.win32_1.0.100.202602081740/tools/bin/../lib/gcc/arm-none-eabi/14.3.1/../../../../arm-none-eabi/lib/thumb/v7e-m+fp/hard\libm.a(libm_a-e_pow.o)
                0x0800e2a0                __ieee754_pow
 *fill*         0x0800ef1c        0x4 
 .text.__ieee754_rem_pio2
                0x0800ef20      0x424 D:/mcu/STM/STM32CubeIDE/plugins/com.st.stm32cube.ide.mcu.externaltools.gnu-tools-for-stm32.14.3.rel1.win32_1.0.100.202602081740/tools/bin/../lib/gcc/arm-none-eabi/14.3.1/../../../../arm-none-eabi/lib/thumb/v7e-m+fp/hard\libm.a(libm_a-e_rem_pio2.o)
                0x0800ef20                __ieee754_rem_pio2
 .text.fabs     0x0800f344       0x10 D:/mcu/STM/STM32CubeIDE/plugins/com.st.stm32cube.ide.mcu.externaltools.gnu-tools-for-stm32.14.3.rel1.win32_1.0.100.202602081740/tools/bin/../lib/gcc/arm-none-eabi/14.3.1/../../../../arm-none-eabi/lib/thumb/v7e-m+fp/hard\libm.a(libm_a-s_fabs.o)
                0x0800f344                fabs
 *fill*         0x0800f354        0x4 
 .text.scalbn   0x0800f358      0x114 D:/mcu/STM/STM32CubeIDE/plugins/com.st.stm32cube.ide.mcu.externaltools.gnu-tools-for-stm32.14.3.rel1.win32_1.0.100.202602081740/tools/bin/../lib/gcc/arm-none-eabi/14.3.1/../../../../arm-none-eabi/lib/thumb/v7e-m+fp/hard\libm.a(libm_a-s_scalbn.o)
                0x0800f358                scalbn
 .text.with_errno
                0x0800f46c       0x24 D:/mcu/STM/STM32CubeIDE/plugins/com.st.stm32cube.ide.mcu.externaltools.gnu-tools-for-stm32.14.3.rel1.win32_1.0.100.202602081740/tools/bin/../lib/gcc/arm-none-eabi/14.3.1/../../../../arm-none-eabi/lib/thumb/v7e-m+fp/hard\libm.a(libm_a-math_err.o)
 .text.xflow    0x0800f490       0x34 D:/mcu/STM/STM32CubeIDE/plugins/com.st.stm32cube.ide.mcu.externaltools.gnu-tools-for-stm32.14.3.rel1.win32_1.0.100.202602081740/tools/bin/../lib/gcc/arm-none-eabi/14.3.1/../../../../arm-none-eabi/lib/thumb/v7e-m+fp/hard\libm.a(libm_a-math_err.o)
 *fill*         0x0800f4c4        0x4 
 .text.__math_uflow
                0x0800f4c8       0x10 D:/mcu/STM/STM32CubeIDE/plugins/com.st.stm32cube.ide.mcu.externaltools.gnu-tools-for-stm32.14.3.rel1.win32_1.0.100.202602081740/tools/bin/../lib/gcc/arm-none-eabi/14.3.1/../../../../arm-none-eabi/lib/thumb/v7e-m+fp/hard\libm.a(libm_a-math_err.o)
                0x0800f4c8                __math_uflow
 .text.__math_oflow
                0x0800f4d8       0x10 D:/mcu/STM/STM32CubeIDE/plugins/com.st.stm32cube.ide.mcu.externaltools.gnu-tools-for-stm32.14.3.rel1.win32_1.0.100.202602081740/tools/bin/../lib/gcc/arm-none-eabi/14.3.1/../../../../arm-none-eabi/lib/thumb/v7e-m+fp/hard\libm.a(libm_a-math_err.o)
                0x0800f4d8                __math_oflow
 .text.__kernel_rem_pio2
                0x0800f4e8      0x888 D:/mcu/STM/STM32CubeIDE/plugins/com.st.stm32cube.ide.mcu.externaltools.gnu-tools-for-stm32.14.3.rel1.win32_1.0.100.202602081740/tools/bin/../lib/gcc/arm-none-eabi/14.3.1/../../../../arm-none-eabi/lib/thumb/v7e-m+fp/hard\libm.a(libm_a-k_rem_pio2.o)
                0x0800f4e8                __kernel_rem_pio2
 .text.floor    0x0800fd70      0x108 D:/mcu/STM/STM32CubeIDE/plugins/com.st.stm32cube.ide.mcu.externaltools.gnu-tools-for-stm32.14.3.rel1.win32_1.0.100.202602081740/tools/bin/../lib/gcc/arm-none-eabi/14.3.1/../../../../arm-none-eabi/lib/thumb/v7e-m+fp/hard\libm.a(libm_a-s_floor.o)
                0x0800fd70                floor
 *(.glue_7)
 .glue_7        0x0800fe78        0x0 linker stubs
 *(.glue_7t)
 .glue_7t       0x0800fe78        0x0 linker stubs
 *(.eh_frame)
 .eh_frame      0x0800fe78        0x0 D:/mcu/STM/STM32CubeIDE/plugins/com.st.stm32cube.ide.mcu.externaltools.gnu-tools-for-stm32.14.3.rel1.win32_1.0.100.202602081740/tools/bin/../lib/gcc/arm-none-eabi/14.3.1/thumb/v7e-m+fp/hard/crtbegin.o
 *(.init)
 .init          0x0800fe78        0x4 D:/mcu/STM/STM32CubeIDE/plugins/com.st.stm32cube.ide.mcu.externaltools.gnu-tools-for-stm32.14.3.rel1.win32_1.0.100.202602081740/tools/bin/../lib/gcc/arm-none-eabi/14.3.1/thumb/v7e-m+fp/hard/crti.o
                0x0800fe78                _init
 .init          0x0800fe7c        0x8 D:/mcu/STM/STM32CubeIDE/plugins/com.st.stm32cube.ide.mcu.externaltools.gnu-tools-for-stm32.14.3.rel1.win32_1.0.100.202602081740/tools/bin/../lib/gcc/arm-none-eabi/14.3.1/thumb/v7e-m+fp/hard/crtn.o
 *(.fini)
 .fini          0x0800fe84        0x4 D:/mcu/STM/STM32CubeIDE/plugins/com.st.stm32cube.ide.mcu.externaltools.gnu-tools-for-stm32.14.3.rel1.win32_1.0.100.202602081740/tools/bin/../lib/gcc/arm-none-eabi/14.3.1/thumb/v7e-m+fp/hard/crti.o
                0x0800fe84                _fini
 .fini          0x0800fe88        0x8 D:/mcu/STM/STM32CubeIDE/plugins/com.st.stm32cube.ide.mcu.externaltools.gnu-tools-for-stm32.14.3.rel1.win32_1.0.100.202602081740/tools/bin/../lib/gcc/arm-none-eabi/14.3.1/thumb/v7e-m+fp/hard/crtn.o
                0x0800fe90                        . = ALIGN (0x4)
                0x0800fe90                        _etext = .

.vfp11_veneer   0x0800fe90        0x0
 .vfp11_veneer  0x0800fe90        0x0 linker stubs

.v4_bx          0x0800fe90        0x0
 .v4_bx         0x0800fe90        0x0 linker stubs

.iplt           0x0800fe90        0x0
 .iplt          0x0800fe90        0x0 D:/mcu/STM/STM32CubeIDE/plugins/com.st.stm32cube.ide.mcu.externaltools.gnu-tools-for-stm32.14.3.rel1.win32_1.0.100.202602081740/tools/bin/../lib/gcc/arm-none-eabi/14.3.1/thumb/v7e-m+fp/hard/crtbegin.o

.rodata         0x0800fe90      0xea0
                0x0800fe90                        . = ALIGN (0x4)
 *(.rodata)
 .rodata        0x0800fe90       0x28 ./Core/Src/lcd_ui.o
 .rodata        0x0800feb8       0x4a ./USB_DEVICE/App/usbd_desc.o
 *(.rodata*)
 *fill*         0x0800ff02        0x2 
 .rodata.LCD_FONT_6x8
                0x0800ff04      0x240 ./Core/Src/lcd.o
 .rodata.LCD_FONT_12x16
                0x08010144      0x900 ./Core/Src/lcd.o
 .rodata.AHBPrescTable
                0x08010a44       0x10 ./Core/Src/system_stm32f4xx.o
                0x08010a44                AHBPrescTable
 .rodata.APBPrescTable
                0x08010a54        0x8 ./Core/Src/system_stm32f4xx.o
                0x08010a54                APBPrescTable
 .rodata.flagBitshiftOffset.0
                0x08010a5c        0x8 ./Drivers/STM32F4xx_HAL_Driver/Src/stm32f4xx_hal_dma.o
 .rodata.srand.str1.1
                0x08010a64       0xde D:/mcu/STM/STM32CubeIDE/plugins/com.st.stm32cube.ide.mcu.externaltools.gnu-tools-for-stm32.14.3.rel1.win32_1.0.100.202602081740/tools/bin/../lib/gcc/arm-none-eabi/14.3.1/../../../../arm-none-eabi/lib/thumb/v7e-m+fp/hard\libc_nano.a(libc_a-rand.o)
                                 0x6f (size before relaxing)
 .rodata.__assert_func.str1.1
                0x08010b42       0x3d D:/mcu/STM/STM32CubeIDE/plugins/com.st.stm32cube.ide.mcu.externaltools.gnu-tools-for-stm32.14.3.rel1.win32_1.0.100.202602081740/tools/bin/../lib/gcc/arm-none-eabi/14.3.1/../../../../arm-none-eabi/lib/thumb/v7e-m+fp/hard\libc_nano.a(libc_a-assert.o)
 .rodata._svfprintf_r.str1.1
                0x08010b42       0x11 D:/mcu/STM/STM32CubeIDE/plugins/com.st.stm32cube.ide.mcu.externaltools.gnu-tools-for-stm32.14.3.rel1.win32_1.0.100.202602081740/tools/bin/../lib/gcc/arm-none-eabi/14.3.1/../../../../arm-none-eabi/lib/thumb/v7e-m+fp/hard\libc_nano.a(libc_a-nano-svfprintf.o)
 .rodata._printf_i.str1.1
                0x08010b42       0x22 D:/mcu/STM/STM32CubeIDE/plugins/com.st.stm32cube.ide.mcu.externaltools.gnu-tools-for-stm32.14.3.rel1.win32_1.0.100.202602081740/tools/bin/../lib/gcc/arm-none-eabi/14.3.1/../../../../arm-none-eabi/lib/thumb/v7e-m+fp/hard\libc_nano.a(libc_a-nano-vfprintf_i.o)
 .rodata._vfprintf_r.str1.1