Archive member included to satisfy reference by file (symbol)

D:/mcu/STM/STM32CubeIDE/plugins/com.st.stm32cube.ide.mcu.externaltools.gnu-tools-for-stm32.14.3.rel1.win32_1.0.100.202602081740/tools/bin/../lib/gcc/arm-none-eabi/14.3.1/../../../../arm-none-eabi/lib/thumb/v7e-m+fp/hard\libc_nano.a(libc_a-exit.o)
                              D:/mcu/STM/STM32CubeIDE/plugins/com.st.stm32cube.ide.mcu.externaltools.gnu-tools-for-stm32.14.3.rel1.win32_1.0.100.202602081740/tools/bin/../lib/gcc/arm-none-eabi/14.3.1/../../../../arm-none-eabi/lib/thumb/v7e-m+fp/hard/crt0.o (exit)
D:/mcu/STM/STM32CubeIDE/plugins/com.st.stm32cube.ide.mcu.externaltools.gnu-tools-for-stm32.14.3.rel1.win32_1.0.100.202602081740/tools/bin/../lib/gcc/arm-none-eabi/14.3.1/../../../../arm-none-eabi/lib/thumb/v7e-m+fp/hard\libc_nano.a(libc_a-rand.o)
                              ./Core/Src/lcd_ui.o (rand)
D:/mcu/STM/STM32CubeIDE/plugins/com.st.stm32cube.ide.mcu.externaltools.gnu-tools-for-stm32.14.3.rel1.win32_1.0.100.202602081740/tools/bin/../lib/gcc/arm-none-eabi/14.3.1/../../../../arm-none-eabi/lib/thumb/v7e-m+fp/hard\libc_nano.a(libc_a-findfp.o)
                              D:/mcu/STM/STM32CubeIDE/plugins/com.st.stm32cube.ide.mcu.externaltools.gnu-tools-for-stm32.14.3.rel1.win32_1.0.100.202602081740/tools/bin/../lib/gcc/arm-none-eabi/14.3.1/../../../../arm-none-eabi/lib/thumb/v7e-m+fp/hard\libc_nano.a(libc_a-exit.o) (__stdio_exit_handler)
D:/mcu/STM/STM32CubeIDE/plugins/com.st.stm32cube.ide.mcu.externaltools.gnu-tools-for-stm32.14.3.rel1.win32_1.0.100.202602081740/tools/bin/../lib/gcc/arm-none-eabi/14.3.1/../../../../arm-none-eabi/lib/thumb/v7e-m+fp/hard\libc_nano.a(libc_a-fwalk.o)
                              D:/mcu/STM/STM32CubeIDE/plugins/com.st.stm32cube.ide.mcu.externaltools.gnu-tools-for-stm32.14.3.rel1.win32_1.0.100.202602081740/tools/bin/../lib/gcc/arm-none-eabi/14.3.1/../../../../arm-none-eabi/lib/thumb/v7e-m+fp/hard\libc_nano.a(libc_a-findfp.o) (_fwalk_sglue)
D:/mcu/STM/STM32CubeIDE/plugins/com.st.stm32cube.ide.mcu.externaltools.gnu-tools-for-stm32.14.3.rel1.win32_1.0.100.202602081740/tools/bin/../lib/gcc/arm-none-eabi/14.3.1/../../../../arm-none-eabi/lib/thumb/v7e-m+fp/hard\libc_nano.a(libc_a-snprintf.o)
                              ./Core/Src/lcd_ui.o (snprintf)
D:/mcu/STM/STM32CubeIDE/plugins/com.st.stm32cube.ide.mcu.externaltools.gnu-tools-for-stm32.14.3.rel1.win32_1.0.100.202602081740/tools/bin/../lib/gcc/arm-none-eabi/14.3.1/../../../../arm-none-eabi/lib/thumb/v7e-m+fp/hard\libc_nano.a(libc_a-stdio.o)
                              D:/mcu/STM/STM32CubeIDE/plugins/com.st.stm32cube.ide.mcu.externaltools.gnu-tools-for-stm32.14.3.rel1.win32_1.0.100.202602081740/tools/bin/../lib/gcc/arm-none-eabi/14.3.1/../../../../arm-none-eabi/lib/thumb/v7e-m+fp/hard\libc_nano.a(libc_a-findfp.o) (__sread)
D:/mcu/STM/STM32CubeIDE/plugins/com.st.stm32cube.ide.mcu.externaltools.gnu-tools-for-stm32.14.3.rel1.win32_1.0.100.202602081740/tools/bin/../lib/gcc/arm-none-eabi/14.3.1/../../../../arm-none-eabi/lib/thumb/v7e-m+fp/hard\libc_nano.a(libc_a-memcmp.o)
                              ./Core/Src/storage_manager.o (memcmp)
D:/mcu/STM/STM32CubeIDE/plugins/com.st.stm32cube.ide.mcu.externaltools.gnu-tools-for-stm32.14.3.rel1.win32_1.0.100.202602081740/tools/bin/../lib/gcc/arm-none-eabi/14.3.1/../../../../arm-none-eabi/lib/thumb/v7e-m+fp/hard\libc_nano.a(libc_a-memset.o)
                              D:/mcu/STM/STM32CubeIDE/plugins/com.st.stm32cube.ide.mcu.externaltools.gnu-tools-for-stm32.14.3.rel1.win32_1.0.100.202602081740/tools/bin/../lib/gcc/arm-none-eabi/14.3.1/../../../../arm-none-eabi/lib/thumb/v7e-m+fp/hard/crt0.o (memset)
D:/mcu/STM/STM32CubeIDE/plugins/com.st.stm32cube.ide.mcu.externaltools.gnu-tools-for-stm32.14.3.rel1.win32_1.0.100.202602081740/tools/bin/../lib/gcc/arm-none-eabi/14.3.1/../../../../arm-none-eabi/lib/thumb/v7e-m+fp/hard\libc_nano.a(libc_a-closer.o)
                              D:/mcu/STM/STM32CubeIDE/plugins/com.st.stm32cube.ide.mcu.externaltools.gnu-tools-for-stm32.14.3.rel1.win32_1.0.100.202602081740/tools/bin/../lib/gcc/arm-none-eabi/14.3.1/../../../../arm-none-eabi/lib/thumb/v7e-m+fp/hard\libc_nano.a(libc_a-stdio.o) (_close_r)
D:/mcu/STM/STM32CubeIDE/plugins/com.st.stm32cube.ide.mcu.externaltools.gnu-tools-for-stm32.14.3.rel1.win32_1.0.100.202602081740/tools/bin/../lib/gcc/arm-none-eabi/14.3.1/../../../../arm-none-eabi/lib/thumb/v7e-m+fp/hard\libc_nano.a(libc_a-reent.o)
                              D:/mcu/STM/STM32CubeIDE/plugins/com.st.stm32cube.ide.mcu.externaltools.gnu-tools-for-stm32.14.3.rel1.win32_1.0.100.202602081740/tools/bin/../lib/gcc/arm-none-eabi/14.3.1/../../../../arm-none-eabi/lib/thumb/v7e-m+fp/hard\libc_nano.a(libc_a-closer.o) (errno)
D:/mcu/STM/STM32CubeIDE/plugins/com.st.stm32cube.ide.mcu.externaltools.gnu-tools-for-stm32.14.3.rel1.win32_1.0.100.202602081740/tools/bin/../lib/gcc/arm-none-eabi/14.3.1/../../../../arm-none-eabi/lib/thumb/v7e-m+fp/hard\libc_nano.a(libc_a-impure.o)
[...]
Memory Configuration

Name             Origin             Length             Attributes
RAM              0x20000000         0x00010000         xrw
FLASH            0x08000000         0x00040000         xr
*default*        0x00000000         0xffffffff

Linker script and memory map

LOAD D:/mcu/STM/STM32CubeIDE/plugins/com.st.stm32cube.ide.mcu.externaltools.gnu-tools-for-stm32.14.3.rel1.win32_1.0.100.202602081740/tools/bin/../lib/gcc/arm-none-eabi/14.3.1/thumb/v7e-m+fp/hard/crti.o
LOAD D:/mcu/STM/STM32CubeIDE/plugins/com.st.stm32cube.ide.mcu.externaltools.gnu-tools-for-stm32.14.3.rel1.win32_1.0.100.202602081740/tools/bin/../lib/gcc/arm-none-eabi/14.3.1/thumb/v7e-m+fp/hard/crtbegin.o
LOAD D:/mcu/STM/STM32CubeIDE/plugins/com.st.stm32cube.ide.mcu.externaltools.gnu-tools-for-stm32.14.3.rel1.win32_1.0.100.202602081740/tools/bin/../lib/gcc/arm-none-eabi/14.3.1/../../../../arm-none-eabi/lib/thumb/v7e-m+fp/hard/crt0.o
LOAD ./Core/Src/at24c_controller.o
LOAD ./Core/Src/call_back_functions.o
LOAD ./Core/Src/crc16.o
LOAD ./Core/Src/dma.o
LOAD ./Core/Src/gpio.o
LOAD ./Core/Src/i2c.o
LOAD ./Core/Src/lcd.o
LOAD ./Core/Src/lcd_driver.o
LOAD ./Core/Src/lcd_ui.o
LOAD ./Core/Src/main.o
LOAD ./Core/Src/spi.o
LOAD ./Core/Src/stm32f4xx_hal_msp.o
LOAD ./Core/Src/stm32f4xx_it.o
LOAD ./Core/Src/storage_manager.o
LOAD ./Core/Src/syscalls.o
LOAD ./Core/Src/sysmem.o
LOAD ./Core/Src/system_stm32f4xx.o
LOAD ./Core/Src/tim.o
LOAD ./Core/Src/usb_controller.o
LOAD ./Core/Src/w25q_controller.o
LOAD ./Core/Startup/startup_stm32f401rctx.o
LOAD ./Drivers/STM32F4xx_HAL_Driver/Src/stm32f4xx_hal.o
LOAD ./Drivers/STM32F4xx_HAL_Driver/Src/stm32f4xx_hal_cortex.o
LOAD ./Drivers/STM32F4xx_HAL_Driver/Src/stm32f4xx_hal_dma.o
LOAD ./Drivers/STM32F4xx_HAL_Driver/Src/stm32f4xx_hal_dma_ex.o
LOAD ./Drivers/STM32F4xx_HAL_Driver/Src/stm32f4xx_hal_exti.o
LOAD ./Drivers/STM32F4xx_HAL_Driver/Src/stm32f4xx_hal_flash.o
LOAD ./Drivers/STM32F4xx_HAL_Driver/Src/stm32f4xx_hal_flash_ex.o
LOAD ./Drivers/STM32F4xx_HAL_Driver/Src/stm32f4xx_hal_flash_ramfunc.o
LOAD ./Drivers/STM32F4xx_HAL_Driver/Src/stm32f4xx_hal_gpio.o
LOAD ./Drivers/STM32F4xx_HAL_Driver/Src/stm32f4xx_hal_i2c.o
LOAD ./Drivers/STM32F4xx_HAL_Driver/Src/stm32f4xx_hal_i2c_ex.o
LOAD ./Drivers/STM32F4xx_HAL_Driver/Src/stm32f4xx_hal_pcd.o
LOAD ./Drivers/STM32F4xx_HAL_Driver/Src/stm32f4xx_hal_pcd_ex.o
LOAD ./Drivers/STM32F4xx_HAL_Driver/Src/stm32f4xx_hal_pwr.o
LOAD ./Drivers/STM32F4xx_HAL_Driver/Src/stm32f4xx_hal_pwr_ex.o
LOAD ./Drivers/STM32F4xx_HAL_Driver/Src/stm32f4xx_hal_rcc.o
LOAD ./Drivers/STM32F4xx_HAL_Driver/Src/stm32f4xx_hal_rcc_ex.o
LOAD ./Drivers/STM32F4xx_HAL_Driver/Src/stm32f4xx_hal_spi.o
LOAD ./Drivers/STM32F4xx_HAL_Driver/Src/stm32f4xx_hal_tim.o
LOAD ./Drivers/STM32F4xx_HAL_Driver/Src/stm32f4xx_hal_tim_ex.o
LOAD ./Drivers/STM32F4xx_HAL_Driver/Src/stm32f4xx_ll_usb.o
LOAD ./Middlewares/ST/STM32_USB_Device_Library/Class/CDC/Src/usbd_cdc.o
LOAD ./Middlewares/ST/STM32_USB_Device_Library/Core/Src/usbd_core.o
LOAD ./Middlewares/ST/STM32_USB_Device_Library/Core/Src/usbd_ctlreq.o
LOAD ./Middlewares/ST/STM32_USB_Device_Library/Core/Src/usbd_ioreq.o
LOAD ./USB_DEVICE/App/usb_device.o
LOAD ./USB_DEVICE/App/usbd_cdc_if.o
LOAD ./USB_DEVICE/App/usbd_desc.o
LOAD ./USB_DEVICE/Target/usbd_conf.o
START GROUP
LOAD D:/mcu/STM/STM32CubeIDE/plugins/com.st.stm32cube.ide.mcu.externaltools.gnu-tools-for-stm32.14.3.rel1.win32_1.0.100.202602081740/tools/bin/../lib/gcc/arm-none-eabi/14.3.1/../../../../arm-none-eabi/lib/thumb/v7e-m+fp/hard\libc_nano.a
LOAD D:/mcu/STM/STM32CubeIDE/plugins/com.st.stm32cube.ide.mcu.externaltools.gnu-tools-for-stm32.14.3.rel1.win32_1.0.100.202602081740/tools/bin/../lib/gcc/arm-none-eabi/14.3.1/../../../../arm-none-eabi/lib/thumb/v7e-m+fp/hard\libm.a
END GROUP
START GROUP
LOAD D:/mcu/STM/STM32CubeIDE/plugins/com.st.stm32cube.ide.mcu.externaltools.gnu-tools-for-stm32.14.3.rel1.win32_1.0.100.202602081740/tools/bin/../lib/gcc/arm-none-eabi/14.3.1/thumb/v7e-m+fp/hard\libgcc.a
LOAD D:/mcu/STM/STM32CubeIDE/plugins/com.st.stm32cube.ide.mcu.externaltools.gnu-tools-for-stm32.14.3.rel1.win32_1.0.100.202602081740/tools/bin/../lib/gcc/arm-none-eabi/14.3.1/../../../../arm-none-eabi/lib/thumb/v7e-m+fp/hard\libc_nano.a
END GROUP
START GROUP
LOAD D:/mcu/STM/STM32CubeIDE/plugins/com.st.stm32cube.ide.mcu.externaltools.gnu-tools-for-stm32.14.3.rel1.win32_1.0.100.202602081740/tools/bin/../lib/gcc/arm-none-eabi/14.3.1/thumb/v7e-m+fp/hard\libgcc.a
LOAD D:/mcu/STM/STM32CubeIDE/plugins/com.st.stm32cube.ide.mcu.externaltools.gnu-tools-for-stm32.14.3.rel1.win32_1.0.100.202602081740/tools/bin/../lib/gcc/arm-none-eabi/14.3.1/../../../../arm-none-eabi/lib/thumb/v7e-m+fp/hard\libc_nano.a
LOAD D:/mcu/STM/STM32CubeIDE/plugins/com.st.stm32cube.ide.mcu.externaltools.gnu-tools-for-stm32.14.3.rel1.win32_1.0.100.202602081740/tools/bin/../lib/gcc/arm-none-eabi/14.3.1/../../../../arm-none-eabi/lib/thumb/v7e-m+fp/hard\libnosys.a
END GROUP
START GROUP
LOAD D:/mcu/STM/STM32CubeIDE/plugins/com.st.stm32cube.ide.mcu.externaltools.gnu-tools-for-stm32.14.3.rel1.win32_1.0.100.202602081740/tools/bin/../lib/gcc/arm-none-eabi/14.3.1/thumb/v7e-m+fp/hard\libgcc.a
LOAD D:/mcu/STM/STM32CubeIDE/plugins/com.st.stm32cube.ide.mcu.externaltools.gnu-tools-for-stm32.14.3.rel1.win32_1.0.100.202602081740/tools/bin/../lib/gcc/arm-none-eabi/14.3.1/../../../../arm-none-eabi/lib/thumb/v7e-m+fp/hard\libc_nano.a
LOAD D:/mcu/STM/STM32CubeIDE/plugins/com.st.stm32cube.ide.mcu.externaltools.gnu-tools-for-stm32.14.3.rel1.win32_1.0.100.202602081740/tools/bin/../lib/gcc/arm-none-eabi/14.3.1/../../../../arm-none-eabi/lib/thumb/v7e-m+fp/hard\libnosys.a
END GROUP
LOAD D:/mcu/STM/STM32CubeIDE/plugins/com.st.stm32cube.ide.mcu.externaltools.gnu-tools-for-stm32.14.3.rel1.win32_1.0.100.202602081740/tools/bin/../lib/gcc/arm-none-eabi/14.3.1/thumb/v7e-m+fp/hard/crtend.o
LOAD D:/mcu/STM/STM32CubeIDE/plugins/com.st.stm32cube.ide.mcu.externaltools.gnu-tools-for-stm32.14.3.rel1.win32_1.0.100.202602081740/tools/bin/../lib/gcc/arm-none-eabi/14.3.1/thumb/v7e-m+fp/hard/crtn.o
                0x20010000                        _estack = (ORIGIN (RAM) + LENGTH (RAM))
                0x00000200                        _Min_Heap_Size = 0x200
                0x00000400                        _Min_Stack_Size = 0x400

.isr_vector     0x08000000      0x194
                0x08000000                        . = ALIGN (0x4)
 *(.isr_vector)
 .isr_vector    0x08000000      0x194 ./Core/Startup/startup_stm32f401rctx.o
                0x08000000                g_pfnVectors
                0x08000194                        . = ALIGN (0x4)

.text           0x080001a0    0x14410
                0x080001a0                        . = ALIGN (0x4)
 *(.text)
 .text          0x080001a0       0x40 D:/mcu/STM/STM32CubeIDE/plugins/com.st.stm32cube.ide.mcu.externaltools.gnu-tools-for-stm32.14.3.rel1.win32_1.0.100.202602081740/tools/bin/../lib/gcc/arm-none-eabi/14.3.1/thumb/v7e-m+fp/hard/crtbegin.o
 .text          0x080001e0       0x14 D:/mcu/STM/STM32CubeIDE/plugins/com.st.stm32cube.ide.mcu.externaltools.gnu-tools-for-stm32.14.3.rel1.win32_1.0.100.202602081740/tools/bin/../lib/gcc/arm-none-eabi/14.3.1/../../../../arm-none-eabi/lib/thumb/v7e-m+fp/hard\libc_nano.a(libc_a-strcmp.o)
                0x080001e0                strcmp
 .text          0x080001f4       0x10 D:/mcu/STM/STM32CubeIDE/plugins/com.st.stm32cube.ide.mcu.externaltools.gnu-tools-for-stm32.14.3.rel1.win32_1.0.100.202602081740/tools/bin/../lib/gcc/arm-none-eabi/14.3.1/../../../../arm-none-eabi/lib/thumb/v7e-m+fp/hard\libc_nano.a(libc_a-strlen.o)
                0x080001f4                strlen
 *fill*         0x08000204        0xc 
 .text          0x08000210       0xa0 D:/mcu/STM/STM32CubeIDE/plugins/com.st.stm32cube.ide.mcu.externaltools.gnu-tools-for-stm32.14.3.rel1.win32_1.0.100.202602081740/tools/bin/../lib/gcc/arm-none-eabi/14.3.1/../../../../arm-none-eabi/lib/thumb/v7e-m+fp/hard\libc_nano.a(libc_a-memchr.o)
                0x08000210                memchr
 .text          0x080002b0      0x378 D:/mcu/STM/STM32CubeIDE/plugins/com.st.stm32cube.ide.mcu.externaltools.gnu-tools-for-stm32.14.3.rel1.win32_1.0.100.202602081740/tools/bin/../lib/gcc/arm-none-eabi/14.3.1/thumb/v7e-m+fp/hard\libgcc.a(_arm_addsubdf3.o)
                0x080002b0                __aeabi_drsub
                0x080002b8                __aeabi_dsub
                0x080002b8                __subdf3
                0x080002bc                __aeabi_dadd
                0x080002bc                __adddf3
                0x08000534                __floatunsidf
                0x08000534                __aeabi_ui2d
                0x08000554                __floatsidf
                0x08000554                __aeabi_i2d
                0x08000578                __aeabi_f2d
                0x08000578                __extendsfdf2
                0x080005bc                __floatundidf
                0x080005bc                __aeabi_ul2d
                0x080005cc                __floatdidf
                0x080005cc                __aeabi_l2d
 .text          0x08000628      0x424 D:/mcu/STM/STM32CubeIDE/plugins/com.st.stm32cube.ide.mcu.externaltools.gnu-tools-for-stm32.14.3.rel1.win32_1.0.100.202602081740/tools/bin/../lib/gcc/arm-none-eabi/14.3.1/thumb/v7e-m+fp/hard\libgcc.a(_arm_muldivdf3.o)
                0x08000628                __aeabi_dmul
                0x08000628                __muldf3
                0x0800087c                __divdf3
                0x0800087c                __aeabi_ddiv
 .text          0x08000a4c      0x110 D:/mcu/STM/STM32CubeIDE/plugins/com.st.stm32cube.ide.mcu.externaltools.gnu-tools-for-stm32.14.3.rel1.win32_1.0.100.202602081740/tools/bin/../lib/gcc/arm-none-eabi/14.3.1/thumb/v7e-m+fp/hard\libgcc.a(_arm_cmpdf2.o)
                0x08000a4c                __gtdf2
                0x08000a4c                __gedf2
                0x08000a54                __ltdf2
                0x08000a54                __ledf2
                0x08000a5c                __nedf2
                0x08000a5c                __eqdf2
                0x08000a5c                __cmpdf2
                0x08000ad8                __aeabi_cdrcmple
                0x08000ae8                __aeabi_cdcmpeq
                0x08000ae8                __aeabi_cdcmple
                0x08000af8                __aeabi_dcmpeq
                0x08000b0c                __aeabi_dcmplt
                0x08000b20                __aeabi_dcmple
                0x08000b34                __aeabi_dcmpge
                0x08000b48                __aeabi_dcmpgt
 .text          0x08000b5c       0x2c D:/mcu/STM/STM32CubeIDE/plugins/com.st.stm32cube.ide.mcu.externaltools.gnu-tools-for-stm32.14.3.rel1.win32_1.0.100.202602081740/tools/bin/../lib/gcc/arm-none-eabi/14.3.1/thumb/v7e-m+fp/hard\libgcc.a(_arm_unorddf2.o)
                0x08000b5c                __unorddf2
                0x08000b5c                __aeabi_dcmpun
 .text          0x08000b88       0x50 D:/mcu/STM/STM32CubeIDE/plugins/com.st.stm32cube.ide.mcu.externaltools.gnu-tools-for-stm32.14.3.rel1.win32_1.0.100.202602081740/tools/bin/../lib/gcc/arm-none-eabi/14.3.1/thumb/v7e-m+fp/hard\libgcc.a(_arm_fixdfsi.o)
                0x08000b88                __aeabi_d2iz
                0x08000b88                __fixdfsi
 .text          0x08000bd8       0x30 D:/mcu/STM/STM32CubeIDE/plugins/com.st.stm32cube.ide.mcu.externaltools.gnu-tools-for-stm32.14.3.rel1.win32_1.0.100.202602081740/tools/bin/../lib/gcc/arm-none-eabi/14.3.1/thumb/v7e-m+fp/hard\libgcc.a(_aeabi_uldivmod.o)
                0x08000bd8                __aeabi_uldivmod
 .text          0x08000c08      0x2f8 D:/mcu/STM/STM32CubeIDE/plugins/com.st.stm32cube.ide.mcu.externaltools.gnu-tools-for-stm32.14.3.rel1.win32_1.0.100.202602081740/tools/bin/../lib/gcc/arm-none-eabi/14.3.1/thumb/v7e-m+fp/hard\libgcc.a(_udivmoddi4.o)
                0x08000c08                __udivmoddi4
 .text          0x08000f00        0x4 D:/mcu/STM/STM32CubeIDE/plugins/com.st.stm32cube.ide.mcu.externaltools.gnu-tools-for-stm32.14.3.rel1.win32_1.0.100.202602081740/tools/bin/../lib/gcc/arm-none-eabi/14.3.1/thumb/v7e-m+fp/hard\libgcc.a(_dvmd_tls.o)
                0x08000f00                __aeabi_idiv0
                0x08000f00                __aeabi_ldiv0
 *(.text*)
 .text.at24c_wait_ready
                0x08000f04       0x40 ./Core/Src/at24c_controller.o
 .text.at24c_write_buffer
                0x08000f44      0x16c ./Core/Src/at24c_controller.o
                0x08000f44                at24c_write_buffer
 .text.at24c_read_buffer
                0x080010b0       0x5c ./Core/Src/at24c_controller.o
                0x080010b0                at24c_read_buffer
 .text.HAL_SPI_TxCpltCallback
                0x0800110c       0x7c ./Core/Src/call_back_functions.o
                0x0800110c                HAL_SPI_TxCpltCallback
 .text.HAL_SPI_RxCpltCallback
                0x08001188       0x38 ./Core/Src/call_back_functions.o
                0x08001188                HAL_SPI_RxCpltCallback
 .text.HAL_SPI_ErrorCallback
                0x080011c0       0x44 ./Core/Src/call_back_functions.o
                0x080011c0                HAL_SPI_ErrorCallback
 .text.crc16_usb_init_table
                0x08001204       0x78 ./Core/Src/crc16.o
                0x08001204                crc16_usb_init_table
 .text.crc16_usb_calc
                0x0800127c       0x64 ./Core/Src/crc16.o
                0x0800127c                crc16_usb_calc
 .text.crc16_usb_packing
                0x080012e0       0x72 ./Core/Src/crc16.o
                0x080012e0                crc16_usb_packing
 *fill*         0x08001352        0x2 
 .text.MX_DMA_Init
                0x08001354       0x7c ./Core/Src/dma.o
                0x08001354                MX_DMA_Init
 .text.MX_GPIO_Init
                0x080013d0      0x1bc ./Core/Src/gpio.o
                0x080013d0                MX_GPIO_Init
 .text.MX_I2C1_Init
                0x0800158c       0x5c ./Core/Src/i2c.o
                0x0800158c                MX_I2C1_Init
 .text.HAL_I2C_MspInit
                0x080015e8       0x90 ./Core/Src/i2c.o
                0x080015e8                HAL_I2C_MspInit
 .text.lcd_write_cmd
                0x08001678       0x44 ./Core/Src/lcd.o
 .text.lcd_write_data
                0x080016bc       0x44 ./Core/Src/lcd.o
 .text.lcd_write_data16
                0x08001700       0x58 ./Core/Src/lcd.o
 .text.swap_uint16_builtin
                0x08001758       0x1c ./Core/Src/lcd.o
 .text.lcd_set_address
                0x08001774       0x68 ./Core/Src/lcd.o
                0x08001774                lcd_set_address
 .text.lcd_init
                0x080017dc      0x178 ./Core/Src/lcd.o
                0x080017dc                lcd_init
 .text.lcd_screen_update_dma
                0x08001954      0x118 ./Core/Src/lcd.o
                0x08001954                lcd_screen_update_dma
 .text.lcd_fill_screen_dma
                0x08001a6c       0x4c ./Core/Src/lcd.o
                0x08001a6c                lcd_fill_screen_dma
 .text.lcd_draw_char
                0x08001ab8      0x2cc ./Core/Src/lcd.o
                0x08001ab8                lcd_draw_char
 .text.lcd_draw_string
                0x08001d84       0x72 ./Core/Src/lcd.o
                0x08001d84                lcd_draw_string
 *fill*         0x08001df6        0x2 
 .text.lcd_calculate_fps
                0x08001df8       0x80 ./Core/Src/lcd.o
                0x08001df8                lcd_calculate_fps
 .text.lcd_calculate_usage
                0x08001e78      0x150 ./Core/Src/lcd.o
                0x08001e78                lcd_calculate_usage
 .text.lcd_play_video_from_w25q
                0x08001fc8      0x30c ./Core/Src/lcd.o
                0x08001fc8                lcd_play_video_from_w25q
 .text.lcd_anim_clamp_elapsed
                0x080022d4       0x20 ./Core/Src/lcd_driver.o
 .text.lcd_anim_mix_q10
                0x080022f4       0x98 ./Core/Src/lcd_driver.o
 .text.lcd_anim_manager_init
                0x0800238c       0x30 ./Core/Src/lcd_driver.o
                0x0800238c                lcd_anim_manager_init
 .text.lcd_anim_manager_set_bg
                0x080023bc       0x20 ./Core/Src/lcd_driver.o
                0x080023bc                lcd_anim_manager_set_bg
 .text.lcd_anim_manager_task
                0x080023dc      0x184 ./Core/Src/lcd_driver.o
                0x080023dc                lcd_anim_manager_task
 .text.lcd_anim_manager_render
                0x08002560       0xc0 ./Core/Src/lcd_driver.o
                0x08002560                lcd_anim_manager_render
 .text.lcd_anim_manager_add_layer
                0x08002620       0x98 ./Core/Src/lcd_driver.o
                0x08002620                lcd_anim_manager_add_layer
 .text.lcd_anim_start
                0x080026b8      0x120 ./Core/Src/lcd_driver.o
                0x080026b8                lcd_anim_start
 .text.lcd_anim_get_path
                0x080027d8       0xdc ./Core/Src/lcd_driver.o
                0x080027d8                lcd_anim_get_path
 .text.lcd_anim_path_linear
                0x080028b4       0x42 ./Core/Src/lcd_driver.o
                0x080028b4                lcd_anim_path_linear
 .text.lcd_anim_path_ease_in_quad
                0x080028f6       0x4c ./Core/Src/lcd_driver.o
                0x080028f6                lcd_anim_path_ease_in_quad
 .text.lcd_anim_path_ease_out_quad
                0x08002942       0x52 ./Core/Src/lcd_driver.o
                0x08002942                lcd_anim_path_ease_out_quad
 .text.lcd_anim_path_ease_in_out_quad
                0x08002994       0x70 ./Core/Src/lcd_driver.o
                0x08002994                lcd_anim_path_ease_in_out_quad
 *fill*         0x08002a04        0x4 
 .text.lcd_anim_path_ease_in_out_sine
                0x08002a08       0xe0 ./Core/Src/lcd_driver.o
                0x08002a08                lcd_anim_path_ease_in_out_sine
 .text.lcd_anim_path_ease_in_sine
                0x08002ae8       0xe4 ./Core/Src/lcd_driver.o
                0x08002ae8                lcd_anim_path_ease_in_sine
 *fill*         0x08002bcc        0x4 
 .text.lcd_anim_path_ease_out_sine
                0x08002bd0       0xc8 ./Core/Src/lcd_driver.o
                0x08002bd0                lcd_anim_path_ease_out_sine
 .text.lcd_anim_path_ease_in_out_expo
                0x08002c98      0x188 ./Core/Src/lcd_driver.o
                0x08002c98                lcd_anim_path_ease_in_out_expo
 .text.lcd_anim_path_ease_in_expo
                0x08002e20      0x100 ./Core/Src/lcd_driver.o
                0x08002e20                lcd_anim_path_ease_in_expo
 .text.lcd_anim_path_ease_out_expo
                0x08002f20       0xf0 ./Core/Src/lcd_driver.o
                0x08002f20                lcd_anim_path_ease_out_expo
 .text.lcd_anim_path_ease_in_out_circ
                0x08003010      0x190 ./Core/Src/lcd_driver.o
                0x08003010                lcd_anim_path_ease_in_out_circ
 .text.lcd_anim_path_ease_in_circ
                0x080031a0       0xd0 ./Core/Src/lcd_driver.o
                0x080031a0                lcd_anim_path_ease_in_circ
 .text.lcd_anim_path_ease_out_circ
                0x08003270       0xd4 ./Core/Src/lcd_driver.o
                0x08003270                lcd_anim_path_ease_out_circ
 *fill*         0x08003344        0x4 
 .text.lcd_anim_path_ease_in_out_back
                0x08003348      0x208 ./Core/Src/lcd_driver.o
                0x08003348                lcd_anim_path_ease_in_out_back
 .text.lcd_anim_path_ease_out_elastic
                0x08003550      0x128 ./Core/Src/lcd_driver.o
                0x08003550                lcd_anim_path_ease_out_elastic
 .text.lcd_dma_draw_video_frame
                0x08003678       0x64 ./Core/Src/lcd_driver.o
                0x08003678                lcd_dma_draw_video_frame
 .text.lcd_draw_video_frame_layer
                0x080036dc       0x72 ./Core/Src/lcd_driver.o
                0x080036dc                lcd_draw_video_frame_layer
 *fill*         0x0800374e        0x2 
 .text.lcd_anim_exec_set_i16
                0x08003750       0x44 ./Core/Src/lcd_driver.o
                0x08003750                lcd_anim_exec_set_i16
 .text.lcd_anim_exec_set_u16
                0x08003794       0x3e ./Core/Src/lcd_driver.o
                0x08003794                lcd_anim_exec_set_u16
 *fill*         0x080037d2        0x2 
 .text.lcd_ui_init
                0x080037d4      0x2f0 ./Core/Src/lcd_ui.o
                0x080037d4                lcd_ui_init
 .text.lcd_ui_change
                0x08003ac4       0xa0 ./Core/Src/lcd_ui.o
                0x08003ac4                lcd_ui_change
 .text.lcd_ui_updater
                0x08003b64       0x14 ./Core/Src/lcd_ui.o
                0x08003b64                lcd_ui_updater
 .text.main     0x08003b78       0xe8 ./Core/Src/main.o
                0x08003b78                main
 .text.SystemClock_Config
                0x08003c60       0xd8 ./Core/Src/main.o
                0x08003c60                SystemClock_Config
 .text.Error_Handler
                0x08003d38        0xc ./Core/Src/main.o
                0x08003d38                Error_Handler
 .text.MX_SPI1_Init
                0x08003d44       0x6c ./Core/Src/spi.o
                0x08003d44                MX_SPI1_Init
 .text.MX_SPI2_Init
                0x08003db0       0x6c ./Core/Src/spi.o
                0x08003db0                MX_SPI2_Init
 .text.HAL_SPI_MspInit
                0x08003e1c      0x228 ./Core/Src/spi.o
                0x08003e1c                HAL_SPI_MspInit
 .text.HAL_MspInit
                0x08004044       0x50 ./Core/Src/stm32f4xx_hal_msp.o
                0x08004044                HAL_MspInit
 .text.NMI_Handler
                0x08004094        0x8 ./Core/Src/stm32f4xx_it.o
                0x08004094                NMI_Handler
 .text.HardFault_Handler
                0x0800409c        0x8 ./Core/Src/stm32f4xx_it.o
                0x0800409c                HardFault_Handler
 .text.MemManage_Handler
                0x080040a4        0x8 ./Core/Src/stm32f4xx_it.o
                0x080040a4                MemManage_Handler
 .text.BusFault_Handler
                0x080040ac        0x8 ./Core/Src/stm32f4xx_it.o
                0x080040ac                BusFault_Handler
 .text.UsageFault_Handler
                0x080040b4        0x8 ./Core/Src/stm32f4xx_it.o
                0x080040b4                UsageFault_Handler
 .text.SVC_Handler
                0x080040bc        0xe ./Core/Src/stm32f4xx_it.o
                0x080040bc                SVC_Handler
 .text.DebugMon_Handler
                0x080040ca        0xe ./Core/Src/stm32f4xx_it.o
                0x080040ca                DebugMon_Handler
 .text.PendSV_Handler
                0x080040d8        0xe ./Core/Src/stm32f4xx_it.o
                0x080040d8                PendSV_Handler
 .text.SysTick_Handler
                0x080040e6        0xc ./Core/Src/stm32f4xx_it.o
                0x080040e6                SysTick_Handler
 *fill*         0x080040f2        0x2 
 .text.DMA1_Stream3_IRQHandler
                0x080040f4       0x14 ./Core/Src/stm32f4xx_it.o
                0x080040f4                DMA1_Stream3_IRQHandler
 .text.DMA1_Stream4_IRQHandler
                0x08004108       0x14 ./Core/Src/stm32f4xx_it.o
                0x08004108                DMA1_Stream4_IRQHandler
 .text.TIM3_IRQHandler
                0x0800411c       0x14 ./Core/Src/stm32f4xx_it.o
                0x0800411c                TIM3_IRQHandler
 .text.DMA2_Stream3_IRQHandler
                0x08004130       0x14 ./Core/Src/stm32f4xx_it.o
                0x08004130                DMA2_Stream3_IRQHandler
 .text.OTG_FS_IRQHandler
                0x08004144       0x14 ./Core/Src/stm32f4xx_it.o
                0x08004144                OTG_FS_IRQHandler
 .text.storage_fat_init_default
                0x08004158       0x40 ./Core/Src/storage_manager.o
 .text.storage_fat_load
                0x08004198       0x74 ./Core/Src/storage_manager.o
                0x08004198                storage_fat_load
 .text.storage_fat_save
                0x0800420c       0x18 ./Core/Src/storage_manager.o
                0x0800420c                storage_fat_save
 .text.find_large_file_by_name
                0x08004224       0x70 ./Core/Src/storage_manager.o
                0x08004224                find_large_file_by_name
 .text.get_large_file_info
                0x08004294       0x64 ./Core/Src/storage_manager.o
                0x08004294                get_large_file_info
 .text.allocate_small_space
                0x080042f8       0x40 ./Core/Src/storage_manager.o
 .text.allocate_large_sectors
                0x08004338       0x44 ./Core/Src/storage_manager.o
 .text.clear_host_payload
                0x0800437c       0x18 ./Core/Src/storage_manager.o
 .text.erase_sector
                0x08004394       0x1a ./Core/Src/storage_manager.o
 *fill*         0x080043ae        0x2 
 .text.send_error
                0x080043b0       0x2c ./Core/Src/storage_manager.o
 .text.send_continue
                0x080043dc       0x18 ./Core/Src/storage_manager.o
 .text.flash_write_and_verify
                0x080043f4       0xc0 ./Core/Src/storage_manager.o
 .text.process_host_command
                0x080044b4      0x908 ./Core/Src/storage_manager.o
 .text.storage_manager_process_host_byte
                0x08004dbc      0x1a4 ./Core/Src/storage_manager.o
 .text.storage_manager_init
                0x08004f60       0x74 ./Core/Src/storage_manager.o
                0x08004f60                storage_manager_init
 .text.storage_manager_task
                0x08004fd4      0x118 ./Core/Src/storage_manager.o
                0x08004fd4                storage_manager_task
 .text.storage_is_downloading
                0x080050ec       0x18 ./Core/Src/storage_manager.o
                0x080050ec                storage_is_downloading
 .text._getpid  0x08005104       0x10 ./Core/Src/syscalls.o
                0x08005104                _getpid
 .text._kill    0x08005114       0x20 ./Core/Src/syscalls.o
                0x08005114                _kill
 .text._exit    0x08005134       0x16 ./Core/Src/syscalls.o
                0x08005134                _exit
 .text._read    0x0800514a       0x3a ./Core/Src/syscalls.o
                0x0800514a                _read
 .text._write   0x08005184       0x38 ./Core/Src/syscalls.o
                0x08005184                _write
 .text._close   0x080051bc       0x18 ./Core/Src/syscalls.o
                0x080051bc                _close
 .text._fstat   0x080051d4       0x20 ./Core/Src/syscalls.o
                0x080051d4                _fstat
 .text._isatty  0x080051f4       0x16 ./Core/Src/syscalls.o
                0x080051f4                _isatty
 .text._lseek   0x0800520a       0x1a ./Core/Src/syscalls.o
                0x0800520a                _lseek
 .text._sbrk    0x08005224       0x6c ./Core/Src/sysmem.o
                0x08005224                _sbrk
 .text.SystemInit
                0x08005290       0x24 ./Core/Src/system_stm32f4xx.o
                0x08005290                SystemInit
 .text.MX_TIM2_Init
                0x080052b4       0xa8 ./Core/Src/tim.o
                0x080052b4                MX_TIM2_Init
 .text.MX_TIM3_Init
                0x0800535c       0x9c ./Core/Src/tim.o
                0x0800535c                MX_TIM3_Init
 .text.MX_TIM4_Init
                0x080053f8       0x9c ./Core/Src/tim.o
                0x080053f8                MX_TIM4_Init
 .text.MX_TIM9_Init
                0x08005494       0xc4 ./Core/Src/tim.o
                0x08005494                MX_TIM9_Init
 .text.HAL_TIM_Encoder_MspInit
                0x08005558       0x8c ./Core/Src/tim.o
                0x08005558                HAL_TIM_Encoder_MspInit
 .text.HAL_TIM_Base_MspInit
                0x080055e4       0xa8 ./Core/Src/tim.o
                0x080055e4                HAL_TIM_Base_MspInit
 .text.HAL_TIM_MspPostInit
                0x0800568c       0x74 ./Core/Src/tim.o
                0x0800568c                HAL_TIM_MspPostInit
 .text.usb_min_u16
                0x08005700       0x28 ./Core/Src/usb_controller.o
 .text.usb_clear_tx_protocol_payload
                0x08005728       0x26 ./Core/Src/usb_controller.o
 .text.usb_clear_tx_queue
                0x0800574e       0x22 ./Core/Src/usb_controller.o
 .text.usb_clear_tx_pending
                0x08005770       0x26 ./Core/Src/usb_controller.o
 .text.usb_prepare_protocol_tx
                0x08005796       0x88 ./Core/Src/usb_controller.o
 .text.usb_reset_tx_state
                0x0800581e       0x32 ./Core/Src/usb_controller.o
 .text.usb_reset_rx_state
                0x08005850       0x20 ./Core/Src/usb_controller.o
 .text.usb_load_pending_as_active
                0x08005870       0x60 ./Core/Src/usb_controller.o
 .text.usb_is_stack_configured
                0x080058d0       0x30 ./Core/Src/usb_controller.o
 .text.usb_is_stack_tx_idle
                0x08005900       0x40 ./Core/Src/usb_controller.o
 .text.usb_start_tx_chunk
                0x08005940       0xec ./Core/Src/usb_controller.o
 .text.usb_transmit
                0x08005a2c       0x30 ./Core/Src/usb_controller.o
                0x08005a2c                usb_transmit
 .text.usb_controller_receive
                0x08005a5c      0x190 ./Core/Src/usb_controller.o
                0x08005a5c                usb_controller_receive
 .text.usb_controller_get_rx_free_space
                0x08005bec       0x48 ./Core/Src/usb_controller.o
                0x08005bec                usb_controller_get_rx_free_space
 .text.usb_controller_init
                0x08005c34       0x82 ./Core/Src/usb_controller.o
                0x08005c34                usb_controller_init
 *fill*         0x08005cb6        0x2 
 .text.usb_controller_task
                0x08005cb8      0x144 ./Core/Src/usb_controller.o
                0x08005cb8                usb_controller_task
 .text.usb_controller_send
                0x08005dfc       0xf6 ./Core/Src/usb_controller.o
                0x08005dfc                usb_controller_send
 *fill*         0x08005ef2        0x2 
 .text.usb_controller_on_tx_complete
                0x08005ef4       0x24 ./Core/Src/usb_controller.o
                0x08005ef4                usb_controller_on_tx_complete
 .text.usb_controller_on_rx_received
                0x08005f18      0x134 ./Core/Src/usb_controller.o
                0x08005f18                usb_controller_on_rx_received
 .text.w25q_spi_transmit
                0x0800604c       0x24 ./Core/Src/w25q_controller.o
 .text.w25q_spi_receive
                0x08006070       0x24 ./Core/Src/w25q_controller.o
 .text.w25q_dma_transmit
                0x08006094       0x28 ./Core/Src/w25q_controller.o
 .text.w25q_dma_receive
                0x080060bc       0x28 ./Core/Src/w25q_controller.o
 .text.w25q_is_transfer_range_valid
                0x080060e4       0x3a ./Core/Src/w25q_controller.o
 *fill*         0x0800611e        0x2 
 .text.w25q_try_read_status_reg1
                0x08006120       0x80 ./Core/Src/w25q_controller.o
 .text.w25q_write_enable
                0x080061a0       0x38 ./Core/Src/w25q_controller.o
                0x080061a0                w25q_write_enable
 .text.w25q_read_status_reg1
                0x080061d8       0x18 ./Core/Src/w25q_controller.o
                0x080061d8                w25q_read_status_reg1
 .text.w25q_is_flash_busy
                0x080061f0       0x34 ./Core/Src/w25q_controller.o
 .text.w25q_check_busy
                0x08006224       0x36 ./Core/Src/w25q_controller.o
                0x08006224                w25q_check_busy
 .text.w25q_check_busy_nontimeout
                0x0800625a       0x22 ./Core/Src/w25q_controller.o
                0x0800625a                w25q_check_busy_nontimeout
 .text.w25q_read_id
                0x0800627c       0x50 ./Core/Src/w25q_controller.o
                0x0800627c                w25q_read_id
 .text.w25q_init
                0x080062cc       0x28 ./Core/Src/w25q_controller.o
                0x080062cc                w25q_init
 .text.w25q_erase_sector
                0x080062f4       0x68 ./Core/Src/w25q_controller.o
                0x080062f4                w25q_erase_sector
 .text.w25q_page_program
                0x0800635c       0x84 ./Core/Src/w25q_controller.o
                0x0800635c                w25q_page_program
 .text.w25q_write_data
                0x080063e0       0x68 ./Core/Src/w25q_controller.o
                0x080063e0                w25q_write_data
 .text.w25q_fast_read_data
                0x08006448       0x68 ./Core/Src/w25q_controller.o
                0x08006448                w25q_fast_read_data
 .text.w25q_is_dma_active
                0x080064b0       0x38 ./Core/Src/w25q_controller.o
 .text.w25q_set_dma_error
                0x080064e8       0x58 ./Core/Src/w25q_controller.o
 .text.w25q_start_dma_read_internal
                0x08006540       0xe0 ./Core/Src/w25q_controller.o
 .text.w25q_fast_read_data_dma
                0x08006620       0xc8 ./Core/Src/w25q_controller.o
                0x08006620                w25q_fast_read_data_dma
 .text.w25q_start_page_program_dma
                0x080066e8      0x100 ./Core/Src/w25q_controller.o
 .text.w25q_start_next_write_chunk
                0x080067e8       0xb4 ./Core/Src/w25q_controller.o
 .text.w25q_write_data_dma
                0x0800689c       0xa4 ./Core/Src/w25q_controller.o
                0x0800689c                w25q_write_data_dma
 .text.w25q_dma_task
                0x08006940      0x22c ./Core/Src/w25q_controller.o
                0x08006940                w25q_dma_task
 .text.w25q_dma_is_busy
                0x08006b6c        0xe ./Core/Src/w25q_controller.o
                0x08006b6c                w25q_dma_is_busy
 *fill*         0x08006b7a        0x2 
 .text.w25q_on_spi_error_callback
                0x08006b7c       0x28 ./Core/Src/w25q_controller.o
                0x08006b7c                w25q_on_spi_error_callback
 .text.Reset_Handler
                0x08006ba4       0x50 ./Core/Startup/startup_stm32f401rctx.o
                0x08006ba4                Reset_Handler
 .text.Default_Handler
                0x08006bf4        0x2 ./Core/Startup/startup_stm32f401rctx.o
                0x08006bf4                RTC_Alarm_IRQHandler
                0x08006bf4                EXTI2_IRQHandler
                0x08006bf4                SPI4_IRQHandler
                0x08006bf4                TIM1_CC_IRQHandler
                0x08006bf4                DMA2_Stream5_IRQHandler
                0x08006bf4                DMA1_Stream5_IRQHandler
                0x08006bf4                PVD_IRQHandler
                0x08006bf4                SDIO_IRQHandler
                0x08006bf4                TAMP_STAMP_IRQHandler
                0x08006bf4                EXTI3_IRQHandler
                0x08006bf4                TIM1_UP_TIM10_IRQHandler
                0x08006bf4                I2C3_ER_IRQHandler
                0x08006bf4                EXTI0_IRQHandler
                0x08006bf4                I2C2_EV_IRQHandler
                0x08006bf4                DMA1_Stream2_IRQHandler
                0x08006bf4                FPU_IRQHandler
                0x08006bf4                DMA2_Stream2_IRQHandler
                0x08006bf4                SPI1_IRQHandler
                0x08006bf4                TIM1_BRK_TIM9_IRQHandler
                0x08006bf4                USART6_IRQHandler
                0x08006bf4                DMA2_Stream0_IRQHandler
                0x08006bf4                TIM4_IRQHandler
                0x08006bf4                I2C1_EV_IRQHandler
                0x08006bf4                DMA1_Stream6_IRQHandler
                0x08006bf4                DMA1_Stream1_IRQHandler
                0x08006bf4                RCC_IRQHandler
                0x08006bf4                Default_Handler
                0x08006bf4                EXTI15_10_IRQHandler
                0x08006bf4                ADC_IRQHandler
                0x08006bf4                DMA1_Stream7_IRQHandler
                0x08006bf4                TIM5_IRQHandler
                0x08006bf4                DMA2_Stream7_IRQHandler
                0x08006bf4                I2C3_EV_IRQHandler
                0x08006bf4                EXTI9_5_IRQHandler
                0x08006bf4                RTC_WKUP_IRQHandler
                0x08006bf4                SPI2_IRQHandler
                0x08006bf4                DMA1_Stream0_IRQHandler
                0x08006bf4                EXTI4_IRQHandler
                0x08006bf4                WWDG_IRQHandler
                0x08006bf4                TIM2_IRQHandler
                0x08006bf4                OTG_FS_WKUP_IRQHandler
                0x08006bf4                TIM1_TRG_COM_TIM11_IRQHandler
                0x08006bf4                EXTI1_IRQHandler
                0x08006bf4                USART2_IRQHandler
                0x08006bf4                I2C2_ER_IRQHandler
                0x08006bf4                DMA2_Stream1_IRQHandler
                0x08006bf4                FLASH_IRQHandler
                0x08006bf4                DMA2_Stream4_IRQHandler
                0x08006bf4                USART1_IRQHandler
                0x08006bf4                SPI3_IRQHandler
                0x08006bf4                I2C1_ER_IRQHandler
                0x08006bf4                DMA2_Stream6_IRQHandler
 *fill*         0x08006bf6        0x2 
 .text.HAL_Init
                0x08006bf8       0x44 ./Drivers/STM32F4xx_HAL_Driver/Src/stm32f4xx_hal.o
                0x08006bf8                HAL_Init
 .text.HAL_InitTick
                0x08006c3c       0x60 ./Drivers/STM32F4xx_HAL_Driver/Src/stm32f4xx_hal.o
                0x08006c3c                HAL_InitTick
 .text.HAL_IncTick
                0x08006c9c       0x28 ./Drivers/STM32F4xx_HAL_Driver/Src/stm32f4xx_hal.o
                0x08006c9c                HAL_IncTick
 .text.HAL_GetTick
                0x08006cc4       0x18 ./Drivers/STM32F4xx_HAL_Driver/Src/stm32f4xx_hal.o
                0x08006cc4                HAL_GetTick
 .text.HAL_Delay
                0x08006cdc       0x48 ./Drivers/STM32F4xx_HAL_Driver/Src/stm32f4xx_hal.o
                0x08006cdc                HAL_Delay
 .text.__NVIC_SetPriorityGrouping
                0x08006d24       0x48 ./Drivers/STM32F4xx_HAL_Driver/Src/stm32f4xx_hal_cortex.o
 .text.__NVIC_GetPriorityGrouping
                0x08006d6c       0x1c ./Drivers/STM32F4xx_HAL_Driver/Src/stm32f4xx_hal_cortex.o
 .text.__NVIC_EnableIRQ
                0x08006d88       0x3c ./Drivers/STM32F4xx_HAL_Driver/Src/stm32f4xx_hal_cortex.o
 .text.__NVIC_SetPriority
                0x08006dc4       0x54 ./Drivers/STM32F4xx_HAL_Driver/Src/stm32f4xx_hal_cortex.o
 .text.NVIC_EncodePriority
                0x08006e18       0x66 ./Drivers/STM32F4xx_HAL_Driver/Src/stm32f4xx_hal_cortex.o
 *fill*         0x08006e7e        0x2 
 .text.SysTick_Config
                0x08006e80       0x44 ./Drivers/STM32F4xx_HAL_Driver/Src/stm32f4xx_hal_cortex.o
 .text.HAL_NVIC_SetPriorityGrouping
                0x08006ec4       0x16 ./Drivers/STM32F4xx_HAL_Driver/Src/stm32f4xx_hal_cortex.o
                0x08006ec4                HAL_NVIC_SetPriorityGrouping
 .text.HAL_NVIC_SetPriority
                0x08006eda       0x38 ./Drivers/STM32F4xx_HAL_Driver/Src/stm32f4xx_hal_cortex.o
                0x08006eda                HAL_NVIC_SetPriority
 .text.HAL_NVIC_EnableIRQ
                0x08006f12       0x1c ./Drivers/STM32F4xx_HAL_Driver/Src/stm32f4xx_hal_cortex.o
                0x08006f12                HAL_NVIC_EnableIRQ
 .text.HAL_SYSTICK_Config
                0x08006f2e       0x18 ./Drivers/STM32F4xx_HAL_Driver/Src/stm32f4xx_hal_cortex.o
                0x08006f2e                HAL_SYSTICK_Config
 *fill*         0x08006f46        0x2 
 .text.HAL_DMA_Init
                0x08006f48      0x15c ./Drivers/STM32F4xx_HAL_Driver/Src/stm32f4xx_hal_dma.o
                0x08006f48                HAL_DMA_Init
 .text.HAL_DMA_Start_IT
                0x080070a4       0xb0 ./Drivers/STM32F4xx_HAL_Driver/Src/stm32f4xx_hal_dma.o
                0x080070a4                HAL_DMA_Start_IT
 .text.HAL_DMA_Abort
                0x08007154       0xe0 ./Drivers/STM32F4xx_HAL_Driver/Src/stm32f4xx_hal_dma.o
                0x08007154                HAL_DMA_Abort
 .text.HAL_DMA_IRQHandler
                0x08007234      0x314 ./Drivers/STM32F4xx_HAL_Driver/Src/stm32f4xx_hal_dma.o
                0x08007234                HAL_DMA_IRQHandler
 .text.DMA_SetConfig
                0x08007548       0x5c ./Drivers/STM32F4xx_HAL_Driver/Src/stm32f4xx_hal_dma.o
 .text.DMA_CalcBaseAndBitshift
                0x080075a4       0x6c ./Drivers/STM32F4xx_HAL_Driver/Src/stm32f4xx_hal_dma.o
 .text.DMA_CheckFifoParam
                0x08007610       0xf8 ./Drivers/STM32F4xx_HAL_Driver/Src/stm32f4xx_hal_dma.o
 .text.HAL_GPIO_Init
                0x08007708      0x308 ./Drivers/STM32F4xx_HAL_Driver/Src/stm32f4xx_hal_gpio.o
                0x08007708                HAL_GPIO_Init
 .text.HAL_GPIO_WritePin
                0x08007a10       0x32 ./Drivers/STM32F4xx_HAL_Driver/Src/stm32f4xx_hal_gpio.o
                0x08007a10                HAL_GPIO_WritePin
 *fill*         0x08007a42        0x2 
 .text.HAL_I2C_Init
                0x08007a44      0x288 ./Drivers/STM32F4xx_HAL_Driver/Src/stm32f4xx_hal_i2c.o
                0x08007a44                HAL_I2C_Init
 .text.HAL_I2C_Mem_Write
                0x08007ccc      0x1f4 ./Drivers/STM32F4xx_HAL_Driver/Src/stm32f4xx_hal_i2c.o
                0x08007ccc                HAL_I2C_Mem_Write
 .text.HAL_I2C_Mem_Read
                0x08007ec0      0x464 ./Drivers/STM32F4xx_HAL_Driver/Src/stm32f4xx_hal_i2c.o
                0x08007ec0                HAL_I2C_Mem_Read
 .text.HAL_I2C_IsDeviceReady
                0x08008324      0x25c ./Drivers/STM32F4xx_HAL_Driver/Src/stm32f4xx_hal_i2c.o
                0x08008324                HAL_I2C_IsDeviceReady
 .text.I2C_RequestMemoryWrite
                0x08008580      0x12c ./Drivers/STM32F4xx_HAL_Driver/Src/stm32f4xx_hal_i2c.o
 .text.I2C_RequestMemoryRead
                0x080086ac      0x1d0 ./Drivers/STM32F4xx_HAL_Driver/Src/stm32f4xx_hal_i2c.o
 .text.I2C_WaitOnFlagUntilTimeout
                0x0800887c       0xf4 ./Drivers/STM32F4xx_HAL_Driver/Src/stm32f4xx_hal_i2c.o
 .text.I2C_WaitOnMasterAddressFlagUntilTimeout
                0x08008970      0x140 ./Drivers/STM32F4xx_HAL_Driver/Src/stm32f4xx_hal_i2c.o
 .text.I2C_WaitOnTXEFlagUntilTimeout
                0x08008ab0       0x90 ./Drivers/STM32F4xx_HAL_Driver/Src/stm32f4xx_hal_i2c.o
 .text.I2C_WaitOnBTFFlagUntilTimeout
                0x08008b40       0x90 ./Drivers/STM32F4xx_HAL_Driver/Src/stm32f4xx_hal_i2c.o
 .text.I2C_WaitOnRXNEFlagUntilTimeout
                0x08008bd0       0xba ./Drivers/STM32F4xx_HAL_Driver/Src/stm32f4xx_hal_i2c.o
 .text.I2C_IsAcknowledgeFailed
                0x08008c8a       0x5e ./Drivers/STM32F4xx_HAL_Driver/Src/stm32f4xx_hal_i2c.o
 .text.HAL_PCD_Init
                0x08008ce8      0x21e ./Drivers/STM32F4xx_HAL_Driver/Src/stm32f4xx_hal_pcd.o
                0x08008ce8                HAL_PCD_Init
 .text.HAL_PCD_Start
                0x08008f06       0x6a ./Drivers/STM32F4xx_HAL_Driver/Src/stm32f4xx_hal_pcd.o
                0x08008f06                HAL_PCD_Start
 .text.HAL_PCD_IRQHandler
                0x08008f70      0x942 ./Drivers/STM32F4xx_HAL_Driver/Src/stm32f4xx_hal_pcd.o
                0x08008f70                HAL_PCD_IRQHandler
 .text.HAL_PCD_SetAddress
                0x080098b2       0x48 ./Drivers/STM32F4xx_HAL_Driver/Src/stm32f4xx_hal_pcd.o
                0x080098b2                HAL_PCD_SetAddress
 .text.HAL_PCD_EP_Open
                0x080098fa       0xd4 ./Drivers/STM32F4xx_HAL_Driver/Src/stm32f4xx_hal_pcd.o
                0x080098fa                HAL_PCD_EP_Open
 .text.HAL_PCD_EP_Close
                0x080099ce       0x94 ./Drivers/STM32F4xx_HAL_Driver/Src/stm32f4xx_hal_pcd.o
                0x080099ce                HAL_PCD_EP_Close
 .text.HAL_PCD_EP_Receive
                0x08009a62       0x76 ./Drivers/STM32F4xx_HAL_Driver/Src/stm32f4xx_hal_pcd.o
                0x08009a62                HAL_PCD_EP_Receive
 .text.HAL_PCD_EP_GetRxCount
                0x08009ad8       0x30 ./Drivers/STM32F4xx_HAL_Driver/Src/stm32f4xx_hal_pcd.o
                0x08009ad8                HAL_PCD_EP_GetRxCount
 .text.HAL_PCD_EP_Transmit
                0x08009b08       0x74 ./Drivers/STM32F4xx_HAL_Driver/Src/stm32f4xx_hal_pcd.o
                0x08009b08                HAL_PCD_EP_Transmit
 .text.HAL_PCD_EP_SetStall
                0x08009b7c       0xc6 ./Drivers/STM32F4xx_HAL_Driver/Src/stm32f4xx_hal_pcd.o
                0x08009b7c                HAL_PCD_EP_SetStall
 .text.HAL_PCD_EP_ClrStall
                0x08009c42       0xac ./Drivers/STM32F4xx_HAL_Driver/Src/stm32f4xx_hal_pcd.o
                0x08009c42                HAL_PCD_EP_ClrStall
 .text.HAL_PCD_EP_Abort
                0x08009cee       0x62 ./Drivers/STM32F4xx_HAL_Driver/Src/stm32f4xx_hal_pcd.o
                0x08009cee                HAL_PCD_EP_Abort
 .text.HAL_PCD_EP_Flush
                0x08009d50       0x5a ./Drivers/STM32F4xx_HAL_Driver/Src/stm32f4xx_hal_pcd.o
                0x08009d50                HAL_PCD_EP_Flush
 .text.PCD_WriteEmptyTxFifo
                0x08009daa      0x118 ./Drivers/STM32F4xx_HAL_Driver/Src/stm32f4xx_hal_pcd.o
 *fill*         0x08009ec2        0x2 
 .text.PCD_EP_OutXfrComplete_int
                0x08009ec4      0x1d0 ./Drivers/STM32F4xx_HAL_Driver/Src/stm32f4xx_hal_pcd.o
 .text.PCD_EP_OutSetupPacket_int
                0x0800a094       0x8c ./Drivers/STM32F4xx_HAL_Driver/Src/stm32f4xx_hal_pcd.o
 .text.HAL_PCDEx_SetTxFiFo
                0x0800a120       0x8e ./Drivers/STM32F4xx_HAL_Driver/Src/stm32f4xx_hal_pcd_ex.o
                0x0800a120                HAL_PCDEx_SetTxFiFo
 .text.HAL_PCDEx_SetRxFiFo
                0x0800a1ae       0x22 ./Drivers/STM32F4xx_HAL_Driver/Src/stm32f4xx_hal_pcd_ex.o
                0x0800a1ae                HAL_PCDEx_SetRxFiFo
 .text.HAL_PCDEx_LPM_Callback
                0x0800a1d0       0x18 ./Drivers/STM32F4xx_HAL_Driver/Src/stm32f4xx_hal_pcd_ex.o
                0x0800a1d0                HAL_PCDEx_LPM_Callback
 .text.HAL_RCC_OscConfig
                0x0800a1e8      0x4f0 ./Drivers/STM32F4xx_HAL_Driver/Src/stm32f4xx_hal_rcc.o
                0x0800a1e8                HAL_RCC_OscConfig
 .text.HAL_RCC_ClockConfig
                0x0800a6d8      0x1cc ./Drivers/STM32F4xx_HAL_Driver/Src/stm32f4xx_hal_rcc.o
                0x0800a6d8                HAL_RCC_ClockConfig
 .text.HAL_RCC_GetSysClockFreq
                0x0800a8a4      0x188 ./Drivers/STM32F4xx_HAL_Driver/Src/stm32f4xx_hal_rcc.o
                0x0800a8a4                HAL_RCC_GetSysClockFreq
 .text.HAL_RCC_GetHCLKFreq
                0x0800aa2c       0x18 ./Drivers/STM32F4xx_HAL_Driver/Src/stm32f4xx_hal_rcc.o
                0x0800aa2c                HAL_RCC_GetHCLKFreq
 .text.HAL_RCC_GetPCLK1Freq
                0x0800aa44       0x28 ./Drivers/STM32F4xx_HAL_Driver/Src/stm32f4xx_hal_rcc.o
                0x0800aa44                HAL_RCC_GetPCLK1Freq
 .text.HAL_SPI_Init
                0x0800aa6c      0x112 ./Drivers/STM32F4xx_HAL_Driver/Src/stm32f4xx_hal_spi.o
                0x0800aa6c                HAL_SPI_Init
 .text.HAL_SPI_Transmit
                0x0800ab7e      0x288 ./Drivers/STM32F4xx_HAL_Driver/Src/stm32f4xx_hal_spi.o
                0x0800ab7e                HAL_SPI_Transmit
 .text.HAL_SPI_Receive
                0x0800ae06      0x232 ./Drivers/STM32F4xx_HAL_Driver/Src/stm32f4xx_hal_spi.o
                0x0800ae06                HAL_SPI_Receive
 .text.HAL_SPI_TransmitReceive
                0x0800b038      0x352 ./Drivers/STM32F4xx_HAL_Driver/Src/stm32f4xx_hal_spi.o
                0x0800b038                HAL_SPI_TransmitReceive
 *fill*         0x0800b38a        0x2 
 .text.HAL_SPI_Transmit_DMA
                0x0800b38c      0x164 ./Drivers/STM32F4xx_HAL_Driver/Src/stm32f4xx_hal_spi.o
                0x0800b38c                HAL_SPI_Transmit_DMA
 .text.HAL_SPI_Receive_DMA
                0x0800b4f0      0x188 ./Drivers/STM32F4xx_HAL_Driver/Src/stm32f4xx_hal_spi.o
                0x0800b4f0                HAL_SPI_Receive_DMA
 .text.HAL_SPI_TransmitReceive_DMA
                0x0800b678      0x1f8 ./Drivers/STM32F4xx_HAL_Driver/Src/stm32f4xx_hal_spi.o
                0x0800b678                HAL_SPI_TransmitReceive_DMA
 .text.HAL_SPI_DMAStop
                0x0800b870       0x7e ./Drivers/STM32F4xx_HAL_Driver/Src/stm32f4xx_hal_spi.o
                0x0800b870                HAL_SPI_DMAStop
 .text.HAL_SPI_TxRxCpltCallback
                0x0800b8ee       0x14 ./Drivers/STM32F4xx_HAL_Driver/Src/stm32f4xx_hal_spi.o
                0x0800b8ee                HAL_SPI_TxRxCpltCallback
 .text.HAL_SPI_TxHalfCpltCallback
                0x0800b902       0x14 ./Drivers/STM32F4xx_HAL_Driver/Src/stm32f4xx_hal_spi.o
                0x0800b902                HAL_SPI_TxHalfCpltCallback
 .text.HAL_SPI_RxHalfCpltCallback
                0x0800b916       0x14 ./Drivers/STM32F4xx_HAL_Driver/Src/stm32f4xx_hal_spi.o
                0x0800b916                HAL_SPI_RxHalfCpltCallback
 .text.HAL_SPI_TxRxHalfCpltCallback
                0x0800b92a       0x14 ./Drivers/STM32F4xx_HAL_Driver/Src/stm32f4xx_hal_spi.o
                0x0800b92a                HAL_SPI_TxRxHalfCpltCallback
 .text.SPI_DMATransmitCplt
                0x0800b93e       0xa8 ./Drivers/STM32F4xx_HAL_Driver/Src/stm32f4xx_hal_spi.o
 .text.SPI_DMAReceiveCplt
                0x0800b9e6       0xa8 ./Drivers/STM32F4xx_HAL_Driver/Src/stm32f4xx_hal_spi.o
 .text.SPI_DMATransmitReceiveCplt
                0x0800ba8e       0x90 ./Drivers/STM32F4xx_HAL_Driver/Src/stm32f4xx_hal_spi.o
 .text.SPI_DMAHalfTransmitCplt
                0x0800bb1e       0x1c ./Drivers/STM32F4xx_HAL_Driver/Src/stm32f4xx_hal_spi.o
 .text.SPI_DMAHalfReceiveCplt
                0x0800bb3a       0x1c ./Drivers/STM32F4xx_HAL_Driver/Src/stm32f4xx_hal_spi.o
 .text.SPI_DMAHalfTransmitReceiveCplt
                0x0800bb56       0x1c ./Drivers/STM32F4xx_HAL_Driver/Src/stm32f4xx_hal_spi.o
 .text.SPI_DMAError
                0x0800bb72       0x40 ./Drivers/STM32F4xx_HAL_Driver/Src/stm32f4xx_hal_spi.o
 *fill*         0x0800bbb2        0x2 
 .text.SPI_WaitFlagStateUntilTimeout
                0x0800bbb4      0x110 ./Drivers/STM32F4xx_HAL_Driver/Src/stm32f4xx_hal_spi.o
 .text.SPI_EndRxTransaction
                0x0800bcc4       0xca ./Drivers/STM32F4xx_HAL_Driver/Src/stm32f4xx_hal_spi.o
 *fill*         0x0800bd8e        0x2 
 .text.SPI_EndRxTxTransaction
                0x0800bd90       0xa8 ./Drivers/STM32F4xx_HAL_Driver/Src/stm32f4xx_hal_spi.o
 .text.HAL_TIM_Base_Init
                0x0800be38       0x9e ./Drivers/STM32F4xx_HAL_Driver/Src/stm32f4xx_hal_tim.o
                0x0800be38                HAL_TIM_Base_Init
 .text.HAL_TIM_PWM_Init
                0x0800bed6       0x9e ./Drivers/STM32F4xx_HAL_Driver/Src/stm32f4xx_hal_tim.o
                0x0800bed6                HAL_TIM_PWM_Init
 .text.HAL_TIM_PWM_MspInit
                0x0800bf74       0x14 ./Drivers/STM32F4xx_HAL_Driver/Src/stm32f4xx_hal_tim.o
                0x0800bf74                HAL_TIM_PWM_MspInit
 .text.HAL_TIM_Encoder_Init
                0x0800bf88      0x14c ./Drivers/STM32F4xx_HAL_Driver/Src/stm32f4xx_hal_tim.o
                0x0800bf88                HAL_TIM_Encoder_Init
 .text.HAL_TIM_IRQHandler
                0x0800c0d4      0x1e0 ./Drivers/STM32F4xx_HAL_Driver/Src/stm32f4xx_hal_tim.o
                0x0800c0d4                HAL_TIM_IRQHandler
 .text.HAL_TIM_PWM_ConfigChannel
                0x0800c2b4      0x184 ./Drivers/STM32F4xx_HAL_Driver/Src/stm32f4xx_hal_tim.o
                0x0800c2b4                HAL_TIM_PWM_ConfigChannel
 .text.HAL_TIM_ConfigClockSource
                0x0800c438      0x18e ./Drivers/STM32F4xx_HAL_Driver/Src/stm32f4xx_hal_tim.o
                0x0800c438                HAL_TIM_ConfigClockSource
 .text.HAL_TIM_PeriodElapsedCallback
                0x0800c5c6       0x14 ./Drivers/STM32F4xx_HAL_Driver/Src/stm32f4xx_hal_tim.o
                0x0800c5c6                HAL_TIM_PeriodElapsedCallback
 .text.HAL_TIM_OC_DelayElapsedCallback
                0x0800c5da       0x14 ./Drivers/STM32F4xx_HAL_Driver/Src/stm32f4xx_hal_tim.o
                0x0800c5da                HAL_TIM_OC_DelayElapsedCallback
 .text.HAL_TIM_IC_CaptureCallback
                0x0800c5ee       0x14 ./Drivers/STM32F4xx_HAL_Driver/Src/stm32f4xx_hal_tim.o
                0x0800c5ee                HAL_TIM_IC_CaptureCallback
 .text.HAL_TIM_PWM_PulseFinishedCallback
                0x0800c602       0x14 ./Drivers/STM32F4xx_HAL_Driver/Src/stm32f4xx_hal_tim.o
                0x0800c602                HAL_TIM_PWM_PulseFinishedCallback
 .text.HAL_TIM_TriggerCallback
                0x0800c616       0x14 ./Drivers/STM32F4xx_HAL_Driver/Src/stm32f4xx_hal_tim.o
                0x0800c616                HAL_TIM_TriggerCallback
 *fill*         0x0800c62a        0x2 
 .text.TIM_Base_SetConfig
                0x0800c62c      0x10c ./Drivers/STM32F4xx_HAL_Driver/Src/stm32f4xx_hal_tim.o
                0x0800c62c                TIM_Base_SetConfig
 .text.TIM_OC1_SetConfig
                0x0800c738       0xcc ./Drivers/STM32F4xx_HAL_Driver/Src/stm32f4xx_hal_tim.o
 .text.TIM_OC2_SetConfig
                0x0800c804       0xd8 ./Drivers/STM32F4xx_HAL_Driver/Src/stm32f4xx_hal_tim.o
                0x0800c804                TIM_OC2_SetConfig
 .text.TIM_OC3_SetConfig
                0x0800c8dc       0xd4 ./Drivers/STM32F4xx_HAL_Driver/Src/stm32f4xx_hal_tim.o
 .text.TIM_OC4_SetConfig
                0x0800c9b0       0xa0 ./Drivers/STM32F4xx_HAL_Driver/Src/stm32f4xx_hal_tim.o
 .text.TIM_TI1_ConfigInputStage
                0x0800ca50       0x5e ./Drivers/STM32F4xx_HAL_Driver/Src/stm32f4xx_hal_tim.o
 .text.TIM_TI2_ConfigInputStage
                0x0800caae       0x60 ./Drivers/STM32F4xx_HAL_Driver/Src/stm32f4xx_hal_tim.o
 .text.TIM_ITRx_SetConfig
                0x0800cb0e       0x36 ./Drivers/STM32F4xx_HAL_Driver/Src/stm32f4xx_hal_tim.o
 .text.TIM_ETR_SetConfig
                0x0800cb44       0x40 ./Drivers/STM32F4xx_HAL_Driver/Src/stm32f4xx_hal_tim.o
                0x0800cb44                TIM_ETR_SetConfig
 .text.HAL_TIMEx_MasterConfigSynchronization
                0x0800cb84       0xdc ./Drivers/STM32F4xx_HAL_Driver/Src/stm32f4xx_hal_tim_ex.o
                0x0800cb84                HAL_TIMEx_MasterConfigSynchronization
 .text.HAL_TIMEx_CommutCallback
                0x0800cc60       0x14 ./Drivers/STM32F4xx_HAL_Driver/Src/stm32f4xx_hal_tim_ex.o
                0x0800cc60                HAL_TIMEx_CommutCallback
 .text.HAL_TIMEx_BreakCallback
                0x0800cc74       0x14 ./Drivers/STM32F4xx_HAL_Driver/Src/stm32f4xx_hal_tim_ex.o
                0x0800cc74                HAL_TIMEx_BreakCallback
 .text.USB_CoreInit
                0x0800cc88       0xc8 ./Drivers/STM32F4xx_HAL_Driver/Src/stm32f4xx_ll_usb.o
                0x0800cc88                USB_CoreInit
 .text.USB_SetTurnaroundTime
                0x0800cd50      0x144 ./Drivers/STM32F4xx_HAL_Driver/Src/stm32f4xx_ll_usb.o
                0x0800cd50                USB_SetTurnaroundTime
 .text.USB_EnableGlobalInt
                0x0800ce94       0x22 ./Drivers/STM32F4xx_HAL_Driver/Src/stm32f4xx_ll_usb.o
                0x0800ce94                USB_EnableGlobalInt
 .text.USB_DisableGlobalInt
                0x0800ceb6       0x22 ./Drivers/STM32F4xx_HAL_Driver/Src/stm32f4xx_ll_usb.o
                0x0800ceb6                USB_DisableGlobalInt
 .text.USB_SetCurrentMode
                0x0800ced8       0x98 ./Drivers/STM32F4xx_HAL_Driver/Src/stm32f4xx_ll_usb.o
                0x0800ced8                USB_SetCurrentMode
 .text.USB_DevInit
                0x0800cf70      0x2c8 ./Drivers/STM32F4xx_HAL_Driver/Src/stm32f4xx_ll_usb.o
                0x0800cf70                USB_DevInit
 .text.USB_FlushTxFifo
                0x0800d238       0x64 ./Drivers/STM32F4xx_HAL_Driver/Src/stm32f4xx_ll_usb.o
                0x0800d238                USB_FlushTxFifo
 .text.USB_FlushRxFifo
                0x0800d29c       0x5c ./Drivers/STM32F4xx_HAL_Driver/Src/stm32f4xx_ll_usb.o
                0x0800d29c                USB_FlushRxFifo
 .text.USB_SetDevSpeed
                0x0800d2f8       0x32 ./Drivers/STM32F4xx_HAL_Driver/Src/stm32f4xx_ll_usb.o
                0x0800d2f8                USB_SetDevSpeed
 .text.USB_GetDevSpeed
                0x0800d32a       0x4a ./Drivers/STM32F4xx_HAL_Driver/Src/stm32f4xx_ll_usb.o
                0x0800d32a                USB_GetDevSpeed
 .text.USB_ActivateEndpoint
                0x0800d374      0x10e ./Drivers/STM32F4xx_HAL_Driver/Src/stm32f4xx_ll_usb.o
                0x0800d374                USB_ActivateEndpoint
 *fill*         0x0800d482        0x2 
 .text.USB_DeactivateEndpoint
                0x0800d484      0x1b8 ./Drivers/STM32F4xx_HAL_Driver/Src/stm32f4xx_ll_usb.o
                0x0800d484                USB_DeactivateEndpoint
 .text.USB_EPStartXfer
                0x0800d63c      0x53c ./Drivers/STM32F4xx_HAL_Driver/Src/stm32f4xx_ll_usb.o
                0x0800d63c                USB_EPStartXfer
 .text.USB_EPStopXfer
                0x0800db78      0x154 ./Drivers/STM32F4xx_HAL_Driver/Src/stm32f4xx_ll_usb.o
                0x0800db78                USB_EPStopXfer
 .text.USB_WritePacket
                0x0800dccc       0x7c ./Drivers/STM32F4xx_HAL_Driver/Src/stm32f4xx_ll_usb.o
                0x0800dccc                USB_WritePacket
 .text.USB_ReadPacket
                0x0800dd48       0xb0 ./Drivers/STM32F4xx_HAL_Driver/Src/stm32f4xx_ll_usb.o
                0x0800dd48                USB_ReadPacket
 .text.USB_EPSetStall
                0x0800ddf8       0xdc ./Drivers/STM32F4xx_HAL_Driver/Src/stm32f4xx_ll_usb.o
                0x0800ddf8                USB_EPSetStall
 .text.USB_EPClearStall
                0x0800ded4       0xcc ./Drivers/STM32F4xx_HAL_Driver/Src/stm32f4xx_ll_usb.o
                0x0800ded4                USB_EPClearStall
 .text.USB_SetDevAddress
                0x0800dfa0       0x4c ./Drivers/STM32F4xx_HAL_Driver/Src/stm32f4xx_ll_usb.o
                0x0800dfa0                USB_SetDevAddress
 .text.USB_DevConnect
                0x0800dfec       0x42 ./Drivers/STM32F4xx_HAL_Driver/Src/stm32f4xx_ll_usb.o
                0x0800dfec                USB_DevConnect
 .text.USB_DevDisconnect
                0x0800e02e       0x42 ./Drivers/STM32F4xx_HAL_Driver/Src/stm32f4xx_ll_usb.o
                0x0800e02e                USB_DevDisconnect
 .text.USB_ReadInterrupts
                0x0800e070       0x26 ./Drivers/STM32F4xx_HAL_Driver/Src/stm32f4xx_ll_usb.o
                0x0800e070                USB_ReadInterrupts
 .text.USB_ReadDevAllOutEpInterrupt
                0x0800e096       0x34 ./Drivers/STM32F4xx_HAL_Driver/Src/stm32f4xx_ll_usb.o
                0x0800e096                USB_ReadDevAllOutEpInterrupt
 .text.USB_ReadDevAllInEpInterrupt
                0x0800e0ca       0x34 ./Drivers/STM32F4xx_HAL_Driver/Src/stm32f4xx_ll_usb.o
                0x0800e0ca                USB_ReadDevAllInEpInterrupt
 .text.USB_ReadDevOutEPInterrupt
                0x0800e0fe       0x3c ./Drivers/STM32F4xx_HAL_Driver/Src/stm32f4xx_ll_usb.o
                0x0800e0fe                USB_ReadDevOutEPInterrupt
 .text.USB_ReadDevInEPInterrupt
                0x0800e13a       0x5c ./Drivers/STM32F4xx_HAL_Driver/Src/stm32f4xx_ll_usb.o
                0x0800e13a                USB_ReadDevInEPInterrupt
 .text.USB_GetMode
                0x0800e196       0x1c ./Drivers/STM32F4xx_HAL_Driver/Src/stm32f4xx_ll_usb.o
                0x0800e196                USB_GetMode
 .text.USB_ActivateSetup
                0x0800e1b2       0x46 ./Drivers/STM32F4xx_HAL_Driver/Src/stm32f4xx_ll_usb.o
                0x0800e1b2                USB_ActivateSetup
 .text.USB_EP0_OutStart
                0x0800e1f8       0xbc ./Drivers/STM32F4xx_HAL_Driver/Src/stm32f4xx_ll_usb.o
                0x0800e1f8                USB_EP0_OutStart
 .text.USB_CoreReset
                0x0800e2b4       0x70 ./Drivers/STM32F4xx_HAL_Driver/Src/stm32f4xx_ll_usb.o
 .text.USBD_CDC_Init
                0x0800e324      0x1f0 ./Middlewares/ST/STM32_USB_Device_Library/Class/CDC/Src/usbd_cdc.o
 .text.USBD_CDC_DeInit
                0x0800e514      0x104 ./Middlewares/ST/STM32_USB_Device_Library/Class/CDC/Src/usbd_cdc.o
 .text.USBD_CDC_Setup
                0x0800e618      0x1b8 ./Middlewares/ST/STM32_USB_Device_Library/Class/CDC/Src/usbd_cdc.o
 .text.USBD_CDC_DataIn
                0x0800e7d0       0xfe ./Middlewares/ST/STM32_USB_Device_Library/Class/CDC/Src/usbd_cdc.o
 .text.USBD_CDC_DataOut
                0x0800e8ce       0x70 ./Middlewares/ST/STM32_USB_Device_Library/Class/CDC/Src/usbd_cdc.o
 .text.USBD_CDC_EP0_RxReady
                0x0800e93e       0x74 ./Middlewares/ST/STM32_USB_Device_Library/Class/CDC/Src/usbd_cdc.o
 *fill*         0x0800e9b2        0x2 
 .text.USBD_CDC_GetFSCfgDesc
                0x0800e9b4       0x70 ./Middlewares/ST/STM32_USB_Device_Library/Class/CDC/Src/usbd_cdc.o
 .text.USBD_CDC_GetHSCfgDesc
                0x0800ea24       0x70 ./Middlewares/ST/STM32_USB_Device_Library/Class/CDC/Src/usbd_cdc.o
 .text.USBD_CDC_GetOtherSpeedCfgDesc
                0x0800ea94       0x70 ./Middlewares/ST/STM32_USB_Device_Library/Class/CDC/Src/usbd_cdc.o
 .text.USBD_CDC_GetDeviceQualifierDescriptor
                0x0800eb04       0x20 ./Middlewares/ST/STM32_USB_Device_Library/Class/CDC/Src/usbd_cdc.o
                0x0800eb04                USBD_CDC_GetDeviceQualifierDescriptor
 .text.USBD_CDC_RegisterInterface
                0x0800eb24       0x34 ./Middlewares/ST/STM32_USB_Device_Library/Class/CDC/Src/usbd_cdc.o
                0x0800eb24                USBD_CDC_RegisterInterface
 .text.USBD_CDC_SetTxBuffer
                0x0800eb58       0x44 ./Middlewares/ST/STM32_USB_Device_Library/Class/CDC/Src/usbd_cdc.o
                0x0800eb58                USBD_CDC_SetTxBuffer
 .text.USBD_CDC_SetRxBuffer
                0x0800eb9c       0x3a ./Middlewares/ST/STM32_USB_Device_Library/Class/CDC/Src/usbd_cdc.o
                0x0800eb9c                USBD_CDC_SetRxBuffer
 *fill*         0x0800ebd6        0x2 
 .text.USBD_CDC_TransmitPacket
                0x0800ebd8       0x80 ./Middlewares/ST/STM32_USB_Device_Library/Class/CDC/Src/usbd_cdc.o
                0x0800ebd8                USBD_CDC_TransmitPacket
 .text.USBD_CDC_ReceivePacket
                0x0800ec58       0x6c ./Middlewares/ST/STM32_USB_Device_Library/Class/CDC/Src/usbd_cdc.o
                0x0800ec58                USBD_CDC_ReceivePacket
 .text.USBD_Init
                0x0800ecc4       0x60 ./Middlewares/ST/STM32_USB_Device_Library/Core/Src/usbd_core.o
                0x0800ecc4                USBD_Init
 .text.USBD_RegisterClass
                0x0800ed24       0x6c ./Middlewares/ST/STM32_USB_Device_Library/Core/Src/usbd_core.o
                0x0800ed24                USBD_RegisterClass
 .text.USBD_Start
                0x0800ed90       0x18 ./Middlewares/ST/STM32_USB_Device_Library/Core/Src/usbd_core.o
                0x0800ed90                USBD_Start
 .text.USBD_RunTestMode
                0x0800eda8       0x16 ./Middlewares/ST/STM32_USB_Device_Library/Core/Src/usbd_core.o
                0x0800eda8                USBD_RunTestMode
 .text.USBD_SetClassConfig
                0x0800edbe       0x38 ./Middlewares/ST/STM32_USB_Device_Library/Core/Src/usbd_core.o
                0x0800edbe                USBD_SetClassConfig
 .text.USBD_ClrClassConfig
                0x0800edf6       0x34 ./Middlewares/ST/STM32_USB_Device_Library/Core/Src/usbd_core.o
                0x0800edf6                USBD_ClrClassConfig
 .text.USBD_LL_SetupStage
                0x0800ee2a       0xaa ./Middlewares/ST/STM32_USB_Device_Library/Core/Src/usbd_core.o
                0x0800ee2a                USBD_LL_SetupStage
 .text.USBD_LL_DataOutStage
                0x0800eed4      0x178 ./Middlewares/ST/STM32_USB_Device_Library/Core/Src/usbd_core.o
                0x0800eed4                USBD_LL_DataOutStage
 .text.USBD_LL_DataInStage
                0x0800f04c      0x176 ./Middlewares/ST/STM32_USB_Device_Library/Core/Src/usbd_core.o
                0x0800f04c                USBD_LL_DataInStage
 .text.USBD_LL_Reset
                0x0800f1c2       0xa6 ./Middlewares/ST/STM32_USB_Device_Library/Core/Src/usbd_core.o
                0x0800f1c2                USBD_LL_Reset
 .text.USBD_LL_SetSpeed
                0x0800f268       0x20 ./Middlewares/ST/STM32_USB_Device_Library/Core/Src/usbd_core.o
                0x0800f268                USBD_LL_SetSpeed
 .text.USBD_LL_Suspend
                0x0800f288       0x38 ./Middlewares/ST/STM32_USB_Device_Library/Core/Src/usbd_core.o
                0x0800f288                USBD_LL_Suspend
 .text.USBD_LL_Resume
                0x0800f2c0       0x30 ./Middlewares/ST/STM32_USB_Device_Library/Core/Src/usbd_core.o
                0x0800f2c0                USBD_LL_Resume
 .text.USBD_LL_SOF
                0x0800f2f0       0x40 ./Middlewares/ST/STM32_USB_Device_Library/Core/Src/usbd_core.o
                0x0800f2f0                USBD_LL_SOF
 .text.USBD_LL_IsoINIncomplete
                0x0800f330       0x64 ./Middlewares/ST/STM32_USB_Device_Library/Core/Src/usbd_core.o
                0x0800f330                USBD_LL_IsoINIncomplete
 .text.USBD_LL_IsoOUTIncomplete
                0x0800f394       0x64 ./Middlewares/ST/STM32_USB_Device_Library/Core/Src/usbd_core.o
                0x0800f394                USBD_LL_IsoOUTIncomplete
 .text.USBD_LL_DevConnected
                0x0800f3f8       0x16 ./Middlewares/ST/STM32_USB_Device_Library/Core/Src/usbd_core.o
                0x0800f3f8                USBD_LL_DevConnected
 .text.USBD_LL_DevDisconnected
                0x0800f40e       0x46 ./Middlewares/ST/STM32_USB_Device_Library/Core/Src/usbd_core.o
                0x0800f40e                USBD_LL_DevDisconnected
 .text.USBD_CoreFindIF
                0x0800f454       0x1a ./Middlewares/ST/STM32_USB_Device_Library/Core/Src/usbd_core.o
                0x0800f454                USBD_CoreFindIF
 .text.USBD_CoreFindEP
                0x0800f46e       0x1a ./Middlewares/ST/STM32_USB_Device_Library/Core/Src/usbd_core.o
                0x0800f46e                USBD_CoreFindEP
 .text.USBD_GetEpDesc
                0x0800f488       0x70 ./Middlewares/ST/STM32_USB_Device_Library/Core/Src/usbd_core.o
                0x0800f488                USBD_GetEpDesc
 .text.USBD_GetNextDesc
                0x0800f4f8       0x38 ./Middlewares/ST/STM32_USB_Device_Library/Core/Src/usbd_core.o
                0x0800f4f8                USBD_GetNextDesc
 .text.SWAPBYTE
                0x0800f530       0x3e ./Middlewares/ST/STM32_USB_Device_Library/Core/Src/usbd_ctlreq.o
 *fill*         0x0800f56e        0x2 
 .text.USBD_StdDevReq
                0x0800f570       0xe4 ./Middlewares/ST/STM32_USB_Device_Library/Core/Src/usbd_ctlreq.o
                0x0800f570                USBD_StdDevReq
 .text.USBD_StdItfReq
                0x0800f654       0xd8 ./Middlewares/ST/STM32_USB_Device_Library/Core/Src/usbd_ctlreq.o
                0x0800f654                USBD_StdItfReq
 .text.USBD_StdEPReq
                0x0800f72c      0x33e ./Middlewares/ST/STM32_USB_Device_Library/Core/Src/usbd_ctlreq.o
                0x0800f72c                USBD_StdEPReq
 *fill*         0x0800fa6a        0x2 
 .text.USBD_GetDescriptor
                0x0800fa6c      0x2d4 ./Middlewares/ST/STM32_USB_Device_Library/Core/Src/usbd_ctlreq.o
 .text.USBD_SetAddress
                0x0800fd40       0x88 ./Middlewares/ST/STM32_USB_Device_Library/Core/Src/usbd_ctlreq.o
 .text.USBD_SetConfig
                0x0800fdc8      0x154 ./Middlewares/ST/STM32_USB_Device_Library/Core/Src/usbd_ctlreq.o
 .text.USBD_GetConfig
                0x0800ff1c       0x6c ./Middlewares/ST/STM32_USB_Device_Library/Core/Src/usbd_ctlreq.o
 .text.USBD_GetStatus
                0x0800ff88       0x68 ./Middlewares/ST/STM32_USB_Device_Library/Core/Src/usbd_ctlreq.o
 .text.USBD_SetFeature
                0x0800fff0       0x52 ./Middlewares/ST/STM32_USB_Device_Library/Core/Src/usbd_ctlreq.o
 .text.USBD_ClrFeature
                0x08010042       0x44 ./Middlewares/ST/STM32_USB_Device_Library/Core/Src/usbd_ctlreq.o
 .text.USBD_ParseSetupRequest
                0x08010086       0x74 ./Middlewares/ST/STM32_USB_Device_Library/Core/Src/usbd_ctlreq.o
                0x08010086                USBD_ParseSetupRequest
 .text.USBD_CtlError
                0x080100fa       0x22 ./Middlewares/ST/STM32_USB_Device_Library/Core/Src/usbd_ctlreq.o
                0x080100fa                USBD_CtlError
 .text.USBD_GetString
                0x0801011c       0xa4 ./Middlewares/ST/STM32_USB_Device_Library/Core/Src/usbd_ctlreq.o
                0x0801011c                USBD_GetString
 .text.USBD_GetLen
                0x080101c0       0x34 ./Middlewares/ST/STM32_USB_Device_Library/Core/Src/usbd_ctlreq.o
 .text.USBD_CtlSendData
                0x080101f4       0x3c ./Middlewares/ST/STM32_USB_Device_Library/Core/Src/usbd_ioreq.o
                0x080101f4                USBD_CtlSendData
 .text.USBD_CtlContinueSendData
                0x08010230       0x22 ./Middlewares/ST/STM32_USB_Device_Library/Core/Src/usbd_ioreq.o
                0x08010230                USBD_CtlContinueSendData
 .text.USBD_CtlPrepareRx
                0x08010252       0x42 ./Middlewares/ST/STM32_USB_Device_Library/Core/Src/usbd_ioreq.o
                0x08010252                USBD_CtlPrepareRx
 .text.USBD_CtlContinueRx
                0x08010294       0x22 ./Middlewares/ST/STM32_USB_Device_Library/Core/Src/usbd_ioreq.o
                0x08010294                USBD_CtlContinueRx
 .text.USBD_CtlSendStatus
                0x080102b6       0x26 ./Middlewares/ST/STM32_USB_Device_Library/Core/Src/usbd_ioreq.o
                0x080102b6                USBD_CtlSendStatus
 .text.USBD_CtlReceiveStatus
                0x080102dc       0x26 ./Middlewares/ST/STM32_USB_Device_Library/Core/Src/usbd_ioreq.o
                0x080102dc                USBD_CtlReceiveStatus
 *fill*         0x08010302        0x2 
 .text.MX_USB_DEVICE_Init
                0x08010304       0x60 ./USB_DEVICE/App/usb_device.o
                0x08010304                MX_USB_DEVICE_Init
 .text.CDC_Init_FS
                0x08010364       0x28 ./USB_DEVICE/App/usbd_cdc_if.o
 .text.CDC_DeInit_FS
                0x0801038c       0x10 ./USB_DEVICE/App/usbd_cdc_if.o
 .text.CDC_Control_FS
                0x0801039c       0xbc ./USB_DEVICE/App/usbd_cdc_if.o
 .text.CDC_Receive_FS
                0x08010458       0x48 ./USB_DEVICE/App/usbd_cdc_if.o
 .text.CDC_Transmit_FS
                0x080104a0       0x74 ./USB_DEVICE/App/usbd_cdc_if.o
                0x080104a0                CDC_Transmit_FS
 .text.CDC_TransmitCplt_FS
                0x08010514       0x22 ./USB_DEVICE/App/usbd_cdc_if.o
 *fill*         0x08010536        0x2 
 .text.USBD_FS_DeviceDescriptor
                0x08010538       0x24 ./USB_DEVICE/App/usbd_desc.o
                0x08010538                USBD_FS_DeviceDescriptor
 .text.USBD_FS_LangIDStrDescriptor
                0x0801055c       0x24 ./USB_DEVICE/App/usbd_desc.o
                0x0801055c                USBD_FS_LangIDStrDescriptor
 .text.USBD_FS_ProductStrDescriptor
                0x08010580       0x3c ./USB_DEVICE/App/usbd_desc.o
                0x08010580                USBD_FS_ProductStrDescriptor
 .text.USBD_FS_ManufacturerStrDescriptor
                0x080105bc       0x28 ./USB_DEVICE/App/usbd_desc.o
                0x080105bc                USBD_FS_ManufacturerStrDescriptor
 .text.USBD_FS_SerialStrDescriptor
                0x080105e4       0x24 ./USB_DEVICE/App/usbd_desc.o
                0x080105e4                USBD_FS_SerialStrDescriptor
 .text.USBD_FS_ConfigStrDescriptor
                0x08010608       0x3c ./USB_DEVICE/App/usbd_desc.o
                0x08010608                USBD_FS_ConfigStrDescriptor
 .text.USBD_FS_InterfaceStrDescriptor
                0x08010644       0x3c ./USB_DEVICE/App/usbd_desc.o
                0x08010644                USBD_FS_InterfaceStrDescriptor
 .text.Get_SerialNum
                0x08010680       0x58 ./USB_DEVICE/App/usbd_desc.o
 .text.IntToUnicode
                0x080106d8       0x7e ./USB_DEVICE/App/usbd_desc.o
 *fill*         0x08010756        0x2 
 .text.HAL_PCD_MspInit
                0x08010758       0xa8 ./USB_DEVICE/Target/usbd_conf.o
                0x08010758                HAL_PCD_MspInit
 .text.HAL_PCD_SetupStageCallback
                0x08010800       0x24 ./USB_DEVICE/Target/usbd_conf.o
                0x08010800                HAL_PCD_SetupStageCallback
 .text.HAL_PCD_DataOutStageCallback
                0x08010824       0x36 ./USB_DEVICE/Target/usbd_conf.o
                0x08010824                HAL_PCD_DataOutStageCallback
 .text.HAL_PCD_DataInStageCallback
                0x0801085a       0x34 ./USB_DEVICE/Target/usbd_conf.o
                0x0801085a                HAL_PCD_DataInStageCallback
 .text.HAL_PCD_SOFCallback
                0x0801088e       0x1c ./USB_DEVICE/Target/usbd_conf.o
                0x0801088e                HAL_PCD_SOFCallback
 .text.HAL_PCD_ResetCallback
                0x080108aa       0x3c ./USB_DEVICE/Target/usbd_conf.o
                0x080108aa                HAL_PCD_ResetCallback
 *fill*         0x080108e6        0x2 
 .text.HAL_PCD_SuspendCallback
                0x080108e8       0x4c ./USB_DEVICE/Target/usbd_conf.o
                0x080108e8                HAL_PCD_SuspendCallback
 .text.HAL_PCD_ResumeCallback
                0x08010934       0x1c ./USB_DEVICE/Target/usbd_conf.o
                0x08010934                HAL_PCD_ResumeCallback
 .text.HAL_PCD_ISOOUTIncompleteCallback
                0x08010950       0x24 ./USB_DEVICE/Target/usbd_conf.o
                0x08010950                HAL_PCD_ISOOUTIncompleteCallback
 .text.HAL_PCD_ISOINIncompleteCallback
                0x08010974       0x24 ./USB_DEVICE/Target/usbd_conf.o
                0x08010974                HAL_PCD_ISOINIncompleteCallback
 .text.HAL_PCD_ConnectCallback
                0x08010998       0x1c ./USB_DEVICE/Target/usbd_conf.o
                0x08010998                HAL_PCD_ConnectCallback
 .text.HAL_PCD_DisconnectCallback
                0x080109b4       0x1c ./USB_DEVICE/Target/usbd_conf.o
                0x080109b4                HAL_PCD_DisconnectCallback
 .text.USBD_LL_Init
                0x080109d0       0x98 ./USB_DEVICE/Target/usbd_conf.o
                0x080109d0                USBD_LL_Init
 .text.USBD_LL_Start
                0x08010a68       0x36 ./USB_DEVICE/Target/usbd_conf.o
                0x08010a68                USBD_LL_Start
 .text.USBD_LL_OpenEP
                0x08010a9e       0x4c ./USB_DEVICE/Target/usbd_conf.o
                0x08010a9e                USBD_LL_OpenEP
 .text.USBD_LL_CloseEP
                0x08010aea       0x3e ./USB_DEVICE/Target/usbd_conf.o
                0x08010aea                USBD_LL_CloseEP
 .text.USBD_LL_FlushEP
                0x08010b28       0x3e ./USB_DEVICE/Target/usbd_conf.o
                0x08010b28                USBD_LL_FlushEP
 .text.USBD_LL_StallEP
                0x08010b66       0x3e ./USB_DEVICE/Target/usbd_conf.o
                0x08010b66                USBD_LL_StallEP
 .text.USBD_LL_ClearStallEP
                0x08010ba4       0x3e ./USB_DEVICE/Target/usbd_conf.o
                0x08010ba4                USBD_LL_ClearStallEP
 .text.USBD_LL_IsStallEP
                0x08010be2       0x58 ./USB_DEVICE/Target/usbd_conf.o
                0x08010be2                USBD_LL_IsStallEP
 .text.USBD_LL_SetUSBAddress
                0x08010c3a       0x3e ./USB_DEVICE/Target/usbd_conf.o
                0x08010c3a                USBD_LL_SetUSBAddress
 .text.USBD_LL_Transmit
                0x08010c78       0x42 ./USB_DEVICE/Target/usbd_conf.o
                0x08010c78                USBD_LL_Transmit
 .text.USBD_LL_PrepareReceive
                0x08010cba       0x42 ./USB_DEVICE/Target/usbd_conf.o
                0x08010cba                USBD_LL_PrepareReceive
 .text.USBD_LL_GetRxDataSize
                0x08010cfc       0x26 ./USB_DEVICE/Target/usbd_conf.o
                0x08010cfc                USBD_LL_GetRxDataSize
 *fill*         0x08010d22        0x2 
 .text.USBD_static_malloc
                0x08010d24       0x1c ./USB_DEVICE/Target/usbd_conf.o
                0x08010d24                USBD_static_malloc
 .text.USBD_static_free
                0x08010d40       0x14 ./USB_DEVICE/Target/usbd_conf.o
                0x08010d40                USBD_static_free
 .text.USBD_Get_USB_Status
                0x08010d54       0x58 ./USB_DEVICE/Target/usbd_conf.o
                0x08010d54                USBD_Get_USB_Status
 .text.rand     0x08010dac       0x7c D:/mcu/STM/STM32CubeIDE/plugins/com.st.stm32cube.ide.mcu.externaltools.gnu-tools-for-stm32.14.3.rel1.win32_1.0.100.202602081740/tools/bin/../lib/gcc/arm-none-eabi/14.3.1/../../../../arm-none-eabi/lib/thumb/v7e-m+fp/hard\libc_nano.a(libc_a-rand.o)
                0x08010dac                rand
 .text.std      0x08010e28       0x6c D:/mcu/STM/STM32CubeIDE/plugins/com.st.stm32cube.ide.mcu.externaltools.gnu-tools-for-stm32.14.3.rel1.win32_1.0.100.202602081740/tools/bin/../lib/gcc/arm-none-eabi/14.3.1/../../../../arm-none-eabi/lib/thumb/v7e-m+fp/hard\libc_nano.a(libc_a-findfp.o)
 .text.stdio_exit_handler
                0x08010e94       0x18 D:/mcu/STM/STM32CubeIDE/plugins/com.st.stm32cube.ide.mcu.externaltools.gnu-tools-for-stm32.14.3.rel1.win32_1.0.100.202602081740/tools/bin/../lib/gcc/arm-none-eabi/14.3.1/../../../../arm-none-eabi/lib/thumb/v7e-m+fp/hard\libc_nano.a(libc_a-findfp.o)
 .text.cleanup_stdio
                0x08010eac       0x40 D:/mcu/STM/STM32CubeIDE/plugins/com.st.stm32cube.ide.mcu.externaltools.gnu-tools-for-stm32.14.3.rel1.win32_1.0.100.202602081740/tools/bin/../lib/gcc/arm-none-eabi/14.3.1/../../../../arm-none-eabi/lib/thumb/v7e-m+fp/hard\libc_nano.a(libc_a-findfp.o)
 .text.global_stdio_init.part.0
                0x08010eec       0x40 D:/mcu/STM/STM32CubeIDE/plugins/com.st.stm32cube.ide.mcu.externaltools.gnu-tools-for-stm32.14.3.rel1.win32_1.0.100.202602081740/tools/bin/../lib/gcc/arm-none-eabi/14.3.1/../../../../arm-none-eabi/lib/thumb/v7e-m+fp/hard\libc_nano.a(libc_a-findfp.o)
 .text.__sfp_lock_acquire
                0x08010f2c        0xc D:/mcu/STM/STM32CubeIDE/plugins/com.st.stm32cube.ide.mcu.externaltools.gnu-tools-for-stm32.14.3.rel1.win32_1.0.100.202602081740/tools/bin/../lib/gcc/arm-none-eabi/14.3.1/../../../../arm-none-eabi/lib/thumb/v7e-m+fp/hard\libc_nano.a(libc_a-findfp.o)
                0x08010f2c                __sfp_lock_acquire
 .text.__sfp_lock_release
                0x08010f38        0xc D:/mcu/STM/STM32CubeIDE/plugins/com.st.stm32cube.ide.mcu.externaltools.gnu-tools-for-stm32.14.3.rel1.win32_1.0.100.202602081740/tools/bin/../lib/gcc/arm-none-eabi/14.3.1/../../../../arm-none-eabi/lib/thumb/v7e-m+fp/hard\libc_nano.a(libc_a-findfp.o)
                0x08010f38                __sfp_lock_release
 .text.__sinit  0x08010f44       0x30 D:/mcu/STM/STM32CubeIDE/plugins/com.st.stm32cube.ide.mcu.externaltools.gnu-tools-for-stm32.14.3.rel1.win32_1.0.100.202602081740/tools/bin/../lib/gcc/arm-none-eabi/14.3.1/../../../../arm-none-eabi/lib/thumb/v7e-m+fp/hard\libc_nano.a(libc_a-findfp.o)
                0x08010f44                __sinit
 .text._fwalk_sglue
                0x08010f74       0x3c D:/mcu/STM/STM32CubeIDE/plugins/com.st.stm32cube.ide.mcu.externaltools.gnu-tools-for-stm32.14.3.rel1.win32_1.0.100.202602081740/tools/bin/../lib/gcc/arm-none-eabi/14.3.1/../../../../arm-none-eabi/lib/thumb/v7e-m+fp/hard\libc_nano.a(libc_a-fwalk.o)
                0x08010f74                _fwalk_sglue
 .text.snprintf
                0x08010fb0       0x6c D:/mcu/STM/STM32CubeIDE/plugins/com.st.stm32cube.ide.mcu.externaltools.gnu-tools-for-stm32.14.3.rel1.win32_1.0.100.202602081740/tools/bin/../lib/gcc/arm-none-eabi/14.3.1/../../../../arm-none-eabi/lib/thumb/v7e-m+fp/hard\libc_nano.a(libc_a-snprintf.o)
                0x08010fb0                sniprintf
                0x08010fb0                snprintf
 .text.__sread  0x0801101c       0x22 D:/mcu/STM/STM32CubeIDE/plugins/com.st.stm32cube.ide.mcu.externaltools.gnu-tools-for-stm32.14.3.rel1.win32_1.0.100.202602081740/tools/bin/../lib/gcc/arm-none-eabi/14.3.1/../../../../arm-none-eabi/lib/thumb/v7e-m+fp/hard\libc_nano.a(libc_a-stdio.o)
                0x0801101c                __sread
 .text.__swrite
                0x0801103e       0x38 D:/mcu/STM/STM32CubeIDE/plugins/com.st.stm32cube.ide.mcu.externaltools.gnu-tools-for-stm32.14.3.rel1.win32_1.0.100.202602081740/tools/bin/../lib/gcc/arm-none-eabi/14.3.1/../../../../arm-none-eabi/lib/thumb/v7e-m+fp/hard\libc_nano.a(libc_a-stdio.o)
                0x0801103e                __swrite
 .text.__sseek  0x08011076       0x26 D:/mcu/STM/STM32CubeIDE/plugins/com.st.stm32cube.ide.mcu.externaltools.gnu-tools-for-stm32.14.3.rel1.win32_1.0.100.202602081740/tools/bin/../lib/gcc/arm-none-eabi/14.3.1/../../../../arm-none-eabi/lib/thumb/v7e-m+fp/hard\libc_nano.a(libc_a-stdio.o)
                0x08011076                __sseek
 .text.__sclose
                0x0801109c        0x8 D:/mcu/STM/STM32CubeIDE/plugins/com.st.stm32cube.ide.mcu.externaltools.gnu-tools-for-stm32.14.3.rel1.win32_1.0.100.202602081740/tools/bin/../lib/gcc/arm-none-eabi/14.3.1/../../../../arm-none-eabi/lib/thumb/v7e-m+fp/hard\libc_nano.a(libc_a-stdio.o)
                0x0801109c                __sclose
 .text.memcmp   0x080110a4       0x20 D:/mcu/STM/STM32CubeIDE/plugins/com.st.stm32cube.ide.mcu.externaltools.gnu-tools-for-stm32.14.3.rel1.win32_1.0.100.202602081740/tools/bin/../lib/gcc/arm-none-eabi/14.3.1/../../../../arm-none-eabi/lib/thumb/v7e-m+fp/hard\libc_nano.a(libc_a-memcmp.o)
                0x080110a4                memcmp
 .text.memset   0x080110c4       0x10 D:/mcu/STM/STM32CubeIDE/plugins/com.st.stm32cube.ide.mcu.externaltools.gnu-tools-for-stm32.14.3.rel1.win32_1.0.100.202602081740/tools/bin/../lib/gcc/arm-none-eabi/14.3.1/../../../../arm-none-eabi/lib/thumb/v7e-m+fp/hard\libc_nano.a(libc_a-memset.o)
                0x080110c4                memset
 .text._close_r
                0x080110d4       0x20 D:/mcu/STM/STM32CubeIDE/plugins/com.st.stm32cube.ide.mcu.externaltools.gnu-tools-for-stm32.14.3.rel1.win32_1.0.100.202602081740/tools/bin/../lib/gcc/arm-none-eabi/14.3.1/../../../../arm-none-eabi/lib/thumb/v7e-m+fp/hard\libc_nano.a(libc_a-closer.o)
                0x080110d4                _close_r
 .text._lseek_r
                0x080110f4       0x24 D:/mcu/STM/STM32CubeIDE/plugins/com.st.stm32cube.ide.mcu.externaltools.gnu-tools-for-stm32.14.3.rel1.win32_1.0.100.202602081740/tools/bin/../lib/gcc/arm-none-eabi/14.3.1/../../../../arm-none-eabi/lib/thumb/v7e-m+fp/hard\libc_nano.a(libc_a-lseekr.o)
                0x080110f4                _lseek_r
 .text._read_r  0x08011118       0x24 D:/mcu/STM/STM32CubeIDE/plugins/com.st.stm32cube.ide.mcu.externaltools.gnu-tools-for-stm32.14.3.rel1.win32_1.0.100.202602081740/tools/bin/../lib/gcc/arm-none-eabi/14.3.1/../../../../arm-none-eabi/lib/thumb/v7e-m+fp/hard\libc_nano.a(libc_a-readr.o)
                0x08011118                _read_r
 .text._write_r
                0x0801113c       0x24 D:/mcu/STM/STM32CubeIDE/plugins/com.st.stm32cube.ide.mcu.externaltools.gnu-tools-for-stm32.14.3.rel1.win32_1.0.100.202602081740/tools/bin/../lib/gcc/arm-none-eabi/14.3.1/../../../../arm-none-eabi/lib/thumb/v7e-m+fp/hard\libc_nano.a(libc_a-writer.o)
                0x0801113c                _write_r
 .text.__errno  0x08011160        0xc D:/mcu/STM/STM32CubeIDE/plugins/com.st.stm32cube.ide.mcu.externaltools.gnu-tools-for-stm32.14.3.rel1.win32_1.0.100.202602081740/tools/bin/../lib/gcc/arm-none-eabi/14.3.1/../../../../arm-none-eabi/lib/thumb/v7e-m+fp/hard\libc_nano.a(libc_a-errno.o)
                0x08011160                __errno
 .text.__libc_init_array
                0x0801116c       0x48 D:/mcu/STM/STM32CubeIDE/plugins/com.st.stm32cube.ide.mcu.externaltools.gnu-tools-for-stm32.14.3.rel1.win32_1.0.100.202602081740/tools/bin/../lib/gcc/arm-none-eabi/14.3.1/../../../../arm-none-eabi/lib/thumb/v7e-m+fp/hard\libc_nano.a(libc_a-init.o)
                0x0801116c                __libc_init_array
 .text.__retarget_lock_init_recursive
                0x080111b4        0x2 D:/mcu/STM/STM32CubeIDE/plugins/com.st.stm32cube.ide.mcu.externaltools.gnu-tools-for-stm32.14.3.rel1.win32_1.0.100.202602081740/tools/bin/../lib/gcc/arm-none-eabi/14.3.1/../../../../arm-none-eabi/lib/thumb/v7e-m+fp/hard\libc_nano.a(libc_a-lock.o)
                0x080111b4                __retarget_lock_init_recursive
 .text.__retarget_lock_acquire_recursive
                0x080111b6        0x2 D:/mcu/STM/STM32CubeIDE/plugins/com.st.stm32cube.ide.mcu.externaltools.gnu-tools-for-stm32.14.3.rel1.win32_1.0.100.202602081740/tools/bin/../lib/gcc/arm-none-eabi/14.3.1/../../../../arm-none-eabi/lib/thumb/v7e-m+fp/hard\libc_nano.a(libc_a-lock.o)
                0x080111b6                __retarget_lock_acquire_recursive
 .text.__retarget_lock_release_recursive
                0x080111b8        0x2 D:/mcu/STM/STM32CubeIDE/plugins/com.st.stm32cube.ide.mcu.externaltools.gnu-tools-for-stm32.14.3.rel1.win32_1.0.100.202602081740/tools/bin/../lib/gcc/arm-none-eabi/14.3.1/../../../../arm-none-eabi/lib/thumb/v7e-m+fp/hard\libc_nano.a(libc_a-lock.o)
                0x080111b8                __retarget_lock_release_recursive
 .text.memcpy   0x080111ba       0x1c D:/mcu/STM/STM32CubeIDE/plugins/com.st.stm32cube.ide.mcu.externaltools.gnu-tools-for-stm32.14.3.rel1.win32_1.0.100.202602081740/tools/bin/../lib/gcc/arm-none-eabi/14.3.1/../../../../arm-none-eabi/lib/thumb/v7e-m+fp/hard\libc_nano.a(libc_a-memcpy-stub.o)
                0x080111ba                memcpy
 *fill*         0x080111d6        0x2 
 .text.__assert_func
                0x080111d8       0x3c D:/mcu/STM/STM32CubeIDE/plugins/com.st.stm32cube.ide.mcu.externaltools.gnu-tools-for-stm32.14.3.rel1.win32_1.0.100.202602081740/tools/bin/../lib/gcc/arm-none-eabi/14.3.1/../../../../arm-none-eabi/lib/thumb/v7e-m+fp/hard\libc_nano.a(libc_a-assert.o)
                0x080111d8                __assert_func
 .text._free_r  0x08011214       0x94 D:/mcu/STM/STM32CubeIDE/plugins/com.st.stm32cube.ide.mcu.externaltools.gnu-tools-for-stm32.14.3.rel1.win32_1.0.100.202602081740/tools/bin/../lib/gcc/arm-none-eabi/14.3.1/../../../../arm-none-eabi/lib/thumb/v7e-m+fp/hard\libc_nano.a(libc_a-freer.o)
                0x08011214                _free_r
 .text.malloc   0x080112a8       0x10 D:/mcu/STM/STM32CubeIDE/plugins/com.st.stm32cube.ide.mcu.externaltools.gnu-tools-for-stm32.14.3.rel1.win32_1.0.100.202602081740/tools/bin/../lib/gcc/arm-none-eabi/14.3.1/../../../../arm-none-eabi/lib/thumb/v7e-m+fp/hard\libc_nano.a(libc_a-malloc.o)
                0x080112a8                malloc
 .text.sbrk_aligned
                0x080112b8       0x44 D:/mcu/STM/STM32CubeIDE/plugins/com.st.stm32cube.ide.mcu.externaltools.gnu-tools-for-stm32.14.3.rel1.win32_1.0.100.202602081740/tools/bin/../lib/gcc/arm-none-eabi/14.3.1/../../../../arm-none-eabi/lib/thumb/v7e-m+fp/hard\libc_nano.a(libc_a-mallocr.o)
 .text._malloc_r
                0x080112fc      0x100 D:/mcu/STM/STM32CubeIDE/plugins/com.st.stm32cube.ide.mcu.externaltools.gnu-tools-for-stm32.14.3.rel1.win32_1.0.100.202602081740/tools/bin/../lib/gcc/arm-none-eabi/14.3.1/../../../../arm-none-eabi/lib/thumb/v7e-m+fp/hard\libc_nano.a(libc_a-mallocr.o)
                0x080112fc                _malloc_r
 .text.__malloc_lock
                0x080113fc        0xc D:/mcu/STM/STM32CubeIDE/plugins/com.st.stm32cube.ide.mcu.externaltools.gnu-tools-for-stm32.14.3.rel1.win32_1.0.100.202602081740/tools/bin/../lib/gcc/arm-none-eabi/14.3.1/../../../../arm-none-eabi/lib/thumb/v7e-m+fp/hard\libc_nano.a(libc_a-mlock.o)
                0x080113fc                __malloc_lock
 .text.__malloc_unlock
                0x08011408        0xc D:/mcu/STM/STM32CubeIDE/plugins/com.st.stm32cube.ide.mcu.externaltools.gnu-tools-for-stm32.14.3.rel1.win32_1.0.100.202602081740/tools/bin/../lib/gcc/arm-none-eabi/14.3.1/../../../../arm-none-eabi/lib/thumb/v7e-m+fp/hard\libc_nano.a(libc_a-mlock.o)
                0x08011408                __malloc_unlock
 .text.__ssputs_r
                0x08011414       0xc0 D:/mcu/STM/STM32CubeIDE/plugins/com.st.stm32cube.ide.mcu.externaltools.gnu-tools-for-stm32.14.3.rel1.win32_1.0.100.202602081740/tools/bin/../lib/gcc/arm-none-eabi/14.3.1/../../../../arm-none-eabi/lib/thumb/v7e-m+fp/hard\libc_nano.a(libc_a-nano-svfprintf.o)
                0x08011414                __ssputs_r
 .text._svfprintf_r
                0x080114d4      0x1f0 D:/mcu/STM/STM32CubeIDE/plugins/com.st.stm32cube.ide.mcu.externaltools.gnu-tools-for-stm32.14.3.rel1.win32_1.0.100.202602081740/tools/bin/../lib/gcc/arm-none-eabi/14.3.1/../../../../arm-none-eabi/lib/thumb/v7e-m+fp/hard\libc_nano.a(libc_a-nano-svfprintf.o)
                0x080114d4                _svfiprintf_r
                0x080114d4                _svfprintf_r
 .text._printf_common
                0x080116c4       0xda D:/mcu/STM/STM32CubeIDE/plugins/com.st.stm32cube.ide.mcu.externaltools.gnu-tools-for-stm32.14.3.rel1.win32_1.0.100.202602081740/tools/bin/../lib/gcc/arm-none-eabi/14.3.1/../../../../arm-none-eabi/lib/thumb/v7e-m+fp/hard\libc_nano.a(libc_a-nano-vfprintf_i.o)
                0x080116c4                _printf_common
 *fill*         0x0801179e        0x2 
 .text._printf_i
                0x080117a0      0x24c D:/mcu/STM/STM32CubeIDE/plugins/com.st.stm32cube.ide.mcu.externaltools.gnu-tools-for-stm32.14.3.rel1.win32_1.0.100.202602081740/tools/bin/../lib/gcc/arm-none-eabi/14.3.1/../../../../arm-none-eabi/lib/thumb/v7e-m+fp/hard\libc_nano.a(libc_a-nano-vfprintf_i.o)
                0x080117a0                _printf_i
 .text.__sflush_r
                0x080119ec      0x104 D:/mcu/STM/STM32CubeIDE/plugins/com.st.stm32cube.ide.mcu.externaltools.gnu-tools-for-stm32.14.3.rel1.win32_1.0.100.202602081740/tools/bin/../lib/gcc/arm-none-eabi/14.3.1/../../../../arm-none-eabi/lib/thumb/v7e-m+fp/hard\libc_nano.a(libc_a-fflush.o)
                0x080119ec                __sflush_r
 .text._fflush_r
                0x08011af0       0x50 D:/mcu/STM/STM32CubeIDE/plugins/com.st.stm32cube.ide.mcu.externaltools.gnu-tools-for-stm32.14.3.rel1.win32_1.0.100.202602081740/tools/bin/../lib/gcc/arm-none-eabi/14.3.1/../../../../arm-none-eabi/lib/thumb/v7e-m+fp/hard\libc_nano.a(libc_a-fflush.o)
                0x08011af0                _fflush_r
 .text.fprintf  0x08011b40       0x24 D:/mcu/STM/STM32CubeIDE/plugins/com.st.stm32cube.ide.mcu.externaltools.gnu-tools-for-stm32.14.3.rel1.win32_1.0.100.202602081740/tools/bin/../lib/gcc/arm-none-eabi/14.3.1/../../../../arm-none-eabi/lib/thumb/v7e-m+fp/hard\libc_nano.a(libc_a-fprintf.o)
                0x08011b40                fiprintf
                0x08011b40                fprintf
 .text.memmove  0x08011b64       0x32 D:/mcu/STM/STM32CubeIDE/plugins/com.st.stm32cube.ide.mcu.externaltools.gnu-tools-for-stm32.14.3.rel1.win32_1.0.100.202602081740/tools/bin/../lib/gcc/arm-none-eabi/14.3.1/../../../../arm-none-eabi/lib/thumb/v7e-m+fp/hard\libc_nano.a(libc_a-memmove.o)
                0x08011b64                memmove
 *fill*         0x08011b96        0x2 
 .text._sbrk_r  0x08011b98       0x20 D:/mcu/STM/STM32CubeIDE/plugins/com.st.stm32cube.ide.mcu.externaltools.gnu-tools-for-stm32.14.3.rel1.win32_1.0.100.202602081740/tools/bin/../lib/gcc/arm-none-eabi/14.3.1/../../../../arm-none-eabi/lib/thumb/v7e-m+fp/hard\libc_nano.a(libc_a-sbrkr.o)
                0x08011b98                _sbrk_r
 .text.abort    0x08011bb8        0xe D:/mcu/STM/STM32CubeIDE/plugins/com.st.stm32cube.ide.mcu.externaltools.gnu-tools-for-stm32.14.3.rel1.win32_1.0.100.202602081740/tools/bin/../lib/gcc/arm-none-eabi/14.3.1/../../../../arm-none-eabi/lib/thumb/v7e-m+fp/hard\libc_nano.a(libc_a-abort.o)
                0x08011bb8                abort
 .text._realloc_r
                0x08011bc6       0x5c D:/mcu/STM/STM32CubeIDE/plugins/com.st.stm32cube.ide.mcu.externaltools.gnu-tools-for-stm32.14.3.rel1.win32_1.0.100.202602081740/tools/bin/../lib/gcc/arm-none-eabi/14.3.1/../../../../arm-none-eabi/lib/thumb/v7e-m+fp/hard\libc_nano.a(libc_a-reallocr.o)
                0x08011bc6                _realloc_r
 .text.__sfputc_r
                0x08011c22       0x2e D:/mcu/STM/STM32CubeIDE/plugins/com.st.stm32cube.ide.mcu.externaltools.gnu-tools-for-stm32.14.3.rel1.win32_1.0.100.202602081740/tools/bin/../lib/gcc/arm-none-eabi/14.3.1/../../../../arm-none-eabi/lib/thumb/v7e-m+fp/hard\libc_nano.a(libc_a-nano-vfprintf.o)
 .text.__sfputs_r
                0x08011c50       0x24 D:/mcu/STM/STM32CubeIDE/plugins/com.st.stm32cube.ide.mcu.externaltools.gnu-tools-for-stm32.14.3.rel1.win32_1.0.100.202602081740/tools/bin/../lib/gcc/arm-none-eabi/14.3.1/../../../../arm-none-eabi/lib/thumb/v7e-m+fp/hard\libc_nano.a(libc_a-nano-vfprintf.o)
                0x08011c50                __sfputs_r
 .text._vfprintf_r
                0x08011c74      0x228 D:/mcu/STM/STM32CubeIDE/plugins/com.st.stm32cube.ide.mcu.externaltools.gnu-tools-for-stm32.14.3.rel1.win32_1.0.100.202602081740/tools/bin/../lib/gcc/arm-none-eabi/14.3.1/../../../../arm-none-eabi/lib/thumb/v7e-m+fp/hard\libc_nano.a(libc_a-nano-vfprintf.o)
                0x08011c74                _vfprintf_r
                0x08011c74                _vfiprintf_r
 .text.__swbuf_r
                0x08011e9c       0x7c D:/mcu/STM/STM32CubeIDE/plugins/com.st.stm32cube.ide.mcu.externaltools.gnu-tools-for-stm32.14.3.rel1.win32_1.0.100.202602081740/tools/bin/../lib/gcc/arm-none-eabi/14.3.1/../../../../arm-none-eabi/lib/thumb/v7e-m+fp/hard\libc_nano.a(libc_a-wbuf.o)
                0x08011e9c                __swbuf_r
 .text.__swsetup_r
                0x08011f18       0xa8 D:/mcu/STM/STM32CubeIDE/plugins/com.st.stm32cube.ide.mcu.externaltools.gnu-tools-for-stm32.14.3.rel1.win32_1.0.100.202602081740/tools/bin/../lib/gcc/arm-none-eabi/14.3.1/../../../../arm-none-eabi/lib/thumb/v7e-m+fp/hard\libc_nano.a(libc_a-wsetup.o)
                0x08011f18                __swsetup_r
 .text._raise_r
                0x08011fc0       0x50 D:/mcu/STM/STM32CubeIDE/plugins/com.st.stm32cube.ide.mcu.externaltools.gnu-tools-for-stm32.14.3.rel1.win32_1.0.100.202602081740/tools/bin/../lib/gcc/arm-none-eabi/14.3.1/../../../../arm-none-eabi/lib/thumb/v7e-m+fp/hard\libc_nano.a(libc_a-signal.o)
                0x08011fc0                _raise_r