../Core/Src/lcd.c:32:13:lcd_write_cmd	16	static
../Core/Src/lcd.c:40:13:lcd_write_data	16	static
../Core/Src/lcd.c:48:13:lcd_write_data16	24	static
../Core/Src/lcd.c:59:24:swap_uint16_builtin	16	static
../Core/Src/lcd.c:65:6:lcd_set_address	24	static
../Core/Src/lcd.c:109:6:lcd_init	8	static
../Core/Src/lcd.c:196:6:set_lcd_brightness	16	static
../Core/Src/lcd.c:204:6:lcd_fill_screen	24	static
../Core/Src/lcd.c:213:6:lcd_draw_point	16	static
../Core/Src/lcd.c:219:6:lcd_draw_line	64	static
../Core/Src/lcd.c:268:6:lcd_draw_rectangle	32	static
../Core/Src/lcd.c:276:6:lcd_draw_circle	32	static
../Core/Src/lcd.c:312:6:lcd_draw_point_dma_swapped	16	static
../Core/Src/lcd.c:322:6:lcd_draw_point_dma	16	static
../Core/Src/lcd.c:328:6:lcd_screen_update_dma	16	static
../Core/Src/lcd.c:369:6:lcd_fill_screen_dma	32	static
../Core/Src/lcd.c:379:6:lcd_draw_char	56	static
../Core/Src/lcd.c:462:6:lcd_draw_string	32	static
../Core/Src/lcd.c:475:6:lcd_calculate_fps	16	static
../Core/Src/lcd.c:495:6:lcd_calculate_usage	32	static
../Core/Src/lcd.c:557:6:lcd_set_area_color	40	static
../Core/Src/lcd.c:576:6:lcd_draw_line_dma	64	static
../Core/Src/lcd.c:646:6:lcd_draw_picture_dma	48	static
../Core/Src/lcd.c:677:6:lcd_draw_picture_from_w25q	2296	static
../Core/Src/lcd.c:826:6:lcd_play_video_from_w25q	2120	static
../Core/Src/lcd.c:931:20:bl_read_block_var	40	static
../Core/Src/lcd.c:954:20:bl_put_pixel	24	static
../Core/Src/lcd.c:981:6:lcd_play_compressed_video_from_w25q	2288	static
