../Core/Src/lcd.c:30:13:lcd_write_cmd	16	static
../Core/Src/lcd.c:38:13:lcd_write_data	16	static
../Core/Src/lcd.c:46:13:lcd_write_data16	24	static
../Core/Src/lcd.c:57:24:swap_uint16_builtin	16	static
../Core/Src/lcd.c:63:6:lcd_set_address	24	static
../Core/Src/lcd.c:107:6:lcd_init	8	static
../Core/Src/lcd.c:194:6:set_lcd_brightness	16	static
../Core/Src/lcd.c:202:6:lcd_fill_screen	24	static
../Core/Src/lcd.c:211:6:lcd_draw_point	16	static
../Core/Src/lcd.c:217:6:lcd_draw_line	64	static
../Core/Src/lcd.c:266:6:lcd_draw_rectangle	32	static
../Core/Src/lcd.c:274:6:lcd_draw_circle	32	static
../Core/Src/lcd.c:310:6:lcd_draw_point_dma_swapped	16	static
../Core/Src/lcd.c:320:6:lcd_draw_point_dma	16	static
../Core/Src/lcd.c:326:6:lcd_screen_update_dma	16	static
../Core/Src/lcd.c:367:6:lcd_fill_screen_dma	32	static
../Core/Src/lcd.c:377:6:lcd_draw_char	56	static
../Core/Src/lcd.c:460:6:lcd_draw_string	32	static
../Core/Src/lcd.c:473:6:lcd_calculate_fps	16	static
../Core/Src/lcd.c:493:6:lcd_calculate_usage	32	static
../Core/Src/lcd.c:555:6:lcd_set_area_color	40	static
../Core/Src/lcd.c:574:6:lcd_draw_line_dma	64	static
../Core/Src/lcd.c:643:6:lcd_draw_picture_dma	48	static
../Core/Src/lcd.c:667:6:lcd_draw_picture_from_w25q	2112	static
../Core/Src/lcd.c:709:6:lcd_play_video_from_w25q	2112	static
