../Core/Src/lcd.c:23:13:lcd_write_cmd	16	static
../Core/Src/lcd.c:31:13:lcd_write_data	16	static
../Core/Src/lcd.c:39:13:lcd_write_data16	24	static
../Core/Src/lcd.c:50:24:swap_uint16_builtin	16	static
../Core/Src/lcd.c:56:6:lcd_set_address	24	static
../Core/Src/lcd.c:100:6:lcd_init	8	static
../Core/Src/lcd.c:187:6:set_lcd_brightness	16	static
../Core/Src/lcd.c:195:6:lcd_fill_screen	24	static
../Core/Src/lcd.c:204:6:lcd_draw_point	16	static
../Core/Src/lcd.c:210:6:lcd_draw_line	64	static
../Core/Src/lcd.c:259:6:lcd_draw_rectangle	32	static
../Core/Src/lcd.c:267:6:lcd_draw_circle	32	static
../Core/Src/lcd.c:303:6:lcd_draw_point_dma_swapped	16	static
../Core/Src/lcd.c:313:6:lcd_draw_point_dma	16	static
../Core/Src/lcd.c:319:6:lcd_screen_update_dma	8	static
../Core/Src/lcd.c:337:6:lcd_fill_screen_dma	32	static
../Core/Src/lcd.c:347:6:lcd_draw_char	56	static
../Core/Src/lcd.c:430:6:lcd_draw_string	32	static
../Core/Src/lcd.c:443:6:lcd_calculate_fps	16	static
../Core/Src/lcd.c:463:6:lcd_calculate_usage	32	static
../Core/Src/lcd.c:525:6:lcd_set_area_color	40	static
../Core/Src/lcd.c:544:6:lcd_draw_line_dma	64	static
