../Core/Src/lcd.c:48:13:lcd_write_data16	16	static
../Core/Src/lcd.c:32:13:lcd_write_cmd	16	static
../Core/Src/lcd.c:40:13:lcd_write_data	16	static
../Core/Src/lcd.c:65:6:lcd_set_address	24	static
../Core/Src/lcd.c:109:6:lcd_init	16	static
../Core/Src/lcd.c:199:6:set_lcd_brightness	0	static
../Core/Src/lcd.c:207:6:lcd_fill_screen	16	static
../Core/Src/lcd.c:216:6:lcd_draw_point	8	static
../Core/Src/lcd.c:222:6:lcd_draw_line	56	static
../Core/Src/lcd.c:271:6:lcd_draw_rectangle	32	static
../Core/Src/lcd.c:279:6:lcd_draw_circle	56	static
../Core/Src/lcd.c:315:6:lcd_draw_point_dma_swapped	0	static
../Core/Src/lcd.c:325:6:lcd_draw_point_dma	8	static
../Core/Src/lcd.c:331:6:lcd_screen_update_dma	8	static
../Core/Src/lcd.c:372:6:lcd_fill_screen_dma	0	static
../Core/Src/lcd.c:382:6:lcd_draw_char	36	static
../Core/Src/lcd.c:465:6:lcd_draw_string	40	static
../Core/Src/lcd.c:478:6:lcd_calculate_fps	8	static
../Core/Src/lcd.c:498:6:lcd_calculate_usage	8	static
../Core/Src/lcd.c:560:6:lcd_set_area_color	16	static
../Core/Src/lcd.c:579:6:lcd_draw_line_dma	80	static
../Core/Src/lcd.c:649:6:lcd_draw_picture_dma	48	static
../Core/Src/lcd.c:680:6:lcd_draw_picture_from_w25q	2184	static
../Core/Src/lcd.c:984:6:lcd_play_compressed_video_from_w25q	2168	static
../Core/Src/lcd.c:829:6:lcd_play_video_from_w25q	2088	static
