../Core/Src/lcd.c:28:13:lcd_write_cmd	16	static
../Core/Src/lcd.c:36:13:lcd_write_data	16	static
../Core/Src/lcd.c:44:13:lcd_write_data16	24	static
../Core/Src/lcd.c:55:24:swap_uint16_builtin	16	static
../Core/Src/lcd.c:61:6:lcd_set_address	24	static
../Core/Src/lcd.c:105:6:lcd_init	8	static
../Core/Src/lcd.c:192:6:set_lcd_brightness	16	static
../Core/Src/lcd.c:200:6:lcd_fill_screen	24	static
../Core/Src/lcd.c:209:6:lcd_draw_point	16	static
../Core/Src/lcd.c:215:6:lcd_draw_line	64	static
../Core/Src/lcd.c:264:6:lcd_draw_rectangle	32	static
../Core/Src/lcd.c:272:6:lcd_draw_circle	32	static
../Core/Src/lcd.c:308:6:lcd_draw_point_dma_swapped	16	static
../Core/Src/lcd.c:318:6:lcd_draw_point_dma	16	static
../Core/Src/lcd.c:324:6:lcd_screen_update_dma	8	static
../Core/Src/lcd.c:361:6:lcd_fill_screen_dma	32	static
../Core/Src/lcd.c:371:6:lcd_draw_char	56	static
../Core/Src/lcd.c:454:6:lcd_draw_string	32	static
../Core/Src/lcd.c:467:6:lcd_calculate_fps	16	static
../Core/Src/lcd.c:487:6:lcd_calculate_usage	32	static
../Core/Src/lcd.c:549:6:lcd_set_area_color	40	static
../Core/Src/lcd.c:568:6:lcd_draw_line_dma	64	static
