../Core/Src/lcd.c:27:13:lcd_write_cmd	16	static
../Core/Src/lcd.c:35:13:lcd_write_data	16	static
../Core/Src/lcd.c:43:13:lcd_write_data16	24	static
../Core/Src/lcd.c:54:24:swap_uint16_builtin	16	static
../Core/Src/lcd.c:60:6:lcd_set_address	24	static
../Core/Src/lcd.c:104:6:lcd_init	8	static
../Core/Src/lcd.c:191:6:set_lcd_brightness	16	static
../Core/Src/lcd.c:199:6:lcd_fill_screen	24	static
../Core/Src/lcd.c:208:6:lcd_draw_point	16	static
../Core/Src/lcd.c:214:6:lcd_draw_line	64	static
../Core/Src/lcd.c:263:6:lcd_draw_rectangle	32	static
../Core/Src/lcd.c:271:6:lcd_draw_circle	32	static
../Core/Src/lcd.c:307:6:lcd_draw_point_dma_swapped	16	static
../Core/Src/lcd.c:317:6:lcd_draw_point_dma	16	static
../Core/Src/lcd.c:323:6:lcd_screen_update_dma	16	static
../Core/Src/lcd.c:364:6:lcd_fill_screen_dma	32	static
../Core/Src/lcd.c:374:6:lcd_draw_char	56	static
../Core/Src/lcd.c:457:6:lcd_draw_string	32	static
../Core/Src/lcd.c:470:6:lcd_calculate_fps	16	static
../Core/Src/lcd.c:490:6:lcd_calculate_usage	32	static
../Core/Src/lcd.c:552:6:lcd_set_area_color	40	static
../Core/Src/lcd.c:571:6:lcd_draw_line_dma	64	static
