../Core/Src/lcd.c:65:6:lcd_set_address	32	static
../Core/Src/lcd.c:109:6:lcd_init	40	static
../Core/Src/lcd.c:196:6:set_lcd_brightness	0	static
../Core/Src/lcd.c:204:6:lcd_fill_screen	24	static
../Core/Src/lcd.c:213:6:lcd_draw_point	24	static
../Core/Src/lcd.c:219:6:lcd_draw_line	64	static
../Core/Src/lcd.c:268:6:lcd_draw_rectangle	32	static
../Core/Src/lcd.c:276:6:lcd_draw_circle	88	static
../Core/Src/lcd.c:312:6:lcd_draw_point_dma_swapped	0	static
../Core/Src/lcd.c:322:6:lcd_draw_point_dma	0	static
../Core/Src/lcd.c:328:6:lcd_screen_update_dma	24	static
../Core/Src/lcd.c:369:6:lcd_fill_screen_dma	0	static
../Core/Src/lcd.c:379:6:lcd_draw_char	72	static
../Core/Src/lcd.c:462:6:lcd_draw_string	40	static
../Core/Src/lcd.c:475:6:lcd_calculate_fps	8	static
../Core/Src/lcd.c:495:6:lcd_calculate_usage	24	static
../Core/Src/lcd.c:557:6:lcd_set_area_color	16	static
../Core/Src/lcd.c:576:6:lcd_draw_line_dma	88	static
../Core/Src/lcd.c:646:6:lcd_draw_picture_dma	20	static
../Core/Src/lcd.c:677:6:lcd_draw_picture_from_w25q	2168	static
../Core/Src/lcd.c:959:6:lcd_play_compressed_video_from_w25q	2160	static
../Core/Src/lcd.c:804:6:lcd_play_video_from_w25q.part.0	2096	static
../Core/Src/lcd.c:804:6:lcd_play_video_from_w25q	12	static
