../Core/Src/lcd.c:18:13:lcd_write_cmd	16	static
../Core/Src/lcd.c:26:13:lcd_write_data	16	static
../Core/Src/lcd.c:34:13:lcd_write_data16	24	static
../Core/Src/lcd.c:45:24:swap_uint16_builtin	16	static
../Core/Src/lcd.c:51:6:lcd_set_address	24	static
../Core/Src/lcd.c:95:6:lcd_init	8	static
../Core/Src/lcd.c:182:6:set_lcd_brightness	16	static
../Core/Src/lcd.c:190:6:lcd_fill_screen	24	static
../Core/Src/lcd.c:199:6:lcd_draw_point	16	static
../Core/Src/lcd.c:205:6:lcd_draw_line	64	static
../Core/Src/lcd.c:254:6:lcd_draw_rectangle	32	static
../Core/Src/lcd.c:262:6:lcd_draw_circle	32	static
../Core/Src/lcd.c:289:6:lcd_draw_point_dma_swapped	16	static
../Core/Src/lcd.c:299:6:lcd_draw_point_dma	16	static
../Core/Src/lcd.c:304:6:lcd_screen_update_dma	16	static
../Core/Src/lcd.c:327:6:lcd_fill_screen_dma	32	static
../Core/Src/lcd.c:337:6:lcd_draw_char	56	static
../Core/Src/lcd.c:420:6:lcd_draw_string	32	static
../Core/Src/lcd.c:433:6:lcd_calculate_fps	16	static
../Core/Src/lcd.c:449:6:lcd_set_area_color	40	static
../Core/Src/lcd.c:468:6:lcd_draw_line_dma	64	static
