../Core/Src/lcd_driver.c:319:9:lcd_anim_path_linear	0	static
../Core/Src/lcd_driver.c:331:9:lcd_anim_path_ease_in_quad	0	static
../Core/Src/lcd_driver.c:344:9:lcd_anim_path_ease_out_quad	0	static
../Core/Src/lcd_driver.c:357:9:lcd_anim_path_ease_in_out_quad	0	static
../Core/Src/lcd_driver.c:381:9:lcd_anim_path_ease_in_out_sine	24	static
../Core/Src/lcd_driver.c:394:9:lcd_anim_path_ease_in_sine	24	static
../Core/Src/lcd_driver.c:407:9:lcd_anim_path_ease_out_sine	24	static
../Core/Src/lcd_driver.c:420:9:lcd_anim_path_ease_in_out_expo	24	static
../Core/Src/lcd_driver.c:443:9:lcd_anim_path_ease_in_expo	24	static
../Core/Src/lcd_driver.c:456:9:lcd_anim_path_ease_out_expo	24	static
../Core/Src/lcd_driver.c:520:9:lcd_anim_path_ease_in_out_back	32	static
../Core/Src/lcd_driver.c:547:9:lcd_anim_path_ease_out_elastic	24	static
../Core/Src/lcd_driver.c:469:9:lcd_anim_path_ease_in_out_circ	24	static
../Core/Src/lcd_driver.c:493:9:lcd_anim_path_ease_in_circ	24	static
../Core/Src/lcd_driver.c:506:9:lcd_anim_path_ease_out_circ	24	static
../Core/Src/lcd_driver.c:60:6:lcd_anim_manager_init	8	static
../Core/Src/lcd_driver.c:67:6:lcd_anim_manager_set_bg	0	static
../Core/Src/lcd_driver.c:72:6:lcd_anim_manager_task	32	static
../Core/Src/lcd_driver.c:128:6:lcd_anim_manager_render	16	static
../Core/Src/lcd_driver.c:164:8:lcd_anim_manager_add_layer	4	static
../Core/Src/lcd_driver.c:190:6:lcd_anim_manager_remove_layer	0	static
../Core/Src/lcd_driver.c:206:6:lcd_anim_manager_clear_layers	0	static
../Core/Src/lcd_driver.c:216:8:lcd_anim_start	16	static
../Core/Src/lcd_driver.c:252:6:lcd_anim_stop	0	static
../Core/Src/lcd_driver.c:271:6:lcd_anim_stop_all	0	static
../Core/Src/lcd_driver.c:280:20:lcd_anim_get_path	0	static
../Core/Src/lcd_driver.c:564:6:lcd_dma_draw_pixel	0	static
../Core/Src/lcd_driver.c:569:6:lcd_dma_draw_filled_rect	4	static
../Core/Src/lcd_driver.c:607:6:lcd_dma_draw_circle	56	static
../Core/Src/lcd_driver.c:638:6:lcd_dma_draw_label	16	static
../Core/Src/lcd_driver.c:649:6:lcd_dma_draw_picture	8	static
../Core/Src/lcd_driver.c:659:6:lcd_dma_draw_video_frame	12	static
../Core/Src/lcd_driver.c:670:6:lcd_draw_rect_layer	16	static
../Core/Src/lcd_driver.c:681:6:lcd_draw_circle_layer	0	static
../Core/Src/lcd_driver.c:692:6:lcd_draw_label_layer	16	static
../Core/Src/lcd_driver.c:698:6:lcd_draw_picture_layer	16	static
../Core/Src/lcd_driver.c:709:6:lcd_draw_video_frame_layer	24	static
../Core/Src/lcd_driver.c:732:6:lcd_anim_exec_set_i16	0	static
../Core/Src/lcd_driver.c:751:6:lcd_anim_exec_set_u16	0	static
../Core/Src/lcd_driver.c:770:6:lcd_anim_exec_set_u8	0	static
