../Core/Src/lcd_driver.c:42:24:lcd_anim_clamp_elapsed	16	static
../Core/Src/lcd_driver.c:47:23:lcd_anim_mix_q10	80	static
../Core/Src/lcd_driver.c:53:20:lcd_dma_plot_point	16	static
../Core/Src/lcd_driver.c:60:6:lcd_anim_manager_init	8	static
../Core/Src/lcd_driver.c:67:6:lcd_anim_manager_set_bg	16	static
../Core/Src/lcd_driver.c:72:6:lcd_anim_manager_task	56	static
../Core/Src/lcd_driver.c:128:6:lcd_anim_manager_render	16	static
../Core/Src/lcd_driver.c:149:8:lcd_anim_manager_add_layer	24	static
../Core/Src/lcd_driver.c:175:6:lcd_anim_manager_remove_layer	16	static
../Core/Src/lcd_driver.c:191:6:lcd_anim_manager_clear_layers	8	static
../Core/Src/lcd_driver.c:201:8:lcd_anim_start	32	static
../Core/Src/lcd_driver.c:237:6:lcd_anim_stop	16	static
../Core/Src/lcd_driver.c:256:6:lcd_anim_stop_all	8	static
../Core/Src/lcd_driver.c:265:20:lcd_anim_get_path	16	static
../Core/Src/lcd_driver.c:304:9:lcd_anim_path_linear	32	static
../Core/Src/lcd_driver.c:316:9:lcd_anim_path_ease_in_quad	40	static
../Core/Src/lcd_driver.c:329:9:lcd_anim_path_ease_out_quad	40	static
../Core/Src/lcd_driver.c:342:9:lcd_anim_path_ease_in_out_quad	40	static
../Core/Src/lcd_driver.c:366:9:lcd_anim_path_ease_in_out_sine	56	static
../Core/Src/lcd_driver.c:379:9:lcd_anim_path_ease_in_sine	56	static
../Core/Src/lcd_driver.c:392:9:lcd_anim_path_ease_out_sine	56	static
../Core/Src/lcd_driver.c:405:9:lcd_anim_path_ease_in_out_expo	56	static
../Core/Src/lcd_driver.c:428:9:lcd_anim_path_ease_in_expo	56	static
../Core/Src/lcd_driver.c:441:9:lcd_anim_path_ease_out_expo	56	static
../Core/Src/lcd_driver.c:454:9:lcd_anim_path_ease_in_out_circ	64	static
../Core/Src/lcd_driver.c:478:9:lcd_anim_path_ease_in_circ	56	static
../Core/Src/lcd_driver.c:491:9:lcd_anim_path_ease_out_circ	64	static
../Core/Src/lcd_driver.c:505:9:lcd_anim_path_ease_in_out_back	80	static
../Core/Src/lcd_driver.c:532:9:lcd_anim_path_ease_out_elastic	56	static
../Core/Src/lcd_driver.c:549:6:lcd_dma_draw_pixel	16	static
../Core/Src/lcd_driver.c:554:6:lcd_dma_draw_filled_rect	48	static
../Core/Src/lcd_driver.c:592:6:lcd_dma_draw_circle	32	static
../Core/Src/lcd_driver.c:623:6:lcd_dma_draw_label	32	static
../Core/Src/lcd_driver.c:633:6:lcd_draw_rect_layer	40	static
../Core/Src/lcd_driver.c:644:6:lcd_draw_circle_layer	24	static
../Core/Src/lcd_driver.c:655:6:lcd_draw_label_layer	24	static
../Core/Src/lcd_driver.c:665:6:lcd_anim_exec_set_i16	16	static
../Core/Src/lcd_driver.c:684:6:lcd_anim_exec_set_u16	16	static
../Core/Src/lcd_driver.c:703:6:lcd_anim_exec_set_u8	16	static
