../Core/Src/picojpeg.c:224:13:fillInBuf	24	static
../Core/Src/picojpeg.c:241:26:getChar	8	static
../Core/Src/picojpeg.c:257:25:stuffChar	16	static
../Core/Src/picojpeg.c:264:26:getOctet	24	static
../Core/Src/picojpeg.c:282:15:getBits	24	static
../Core/Src/picojpeg.c:319:27:getBits1	16	static
../Core/Src/picojpeg.c:324:27:getBits2	16	static
../Core/Src/picojpeg.c:329:26:getBit	16	static
../Core/Src/picojpeg.c:348:15:getExtendTest	16	static
../Core/Src/picojpeg.c:372:14:getExtendOffset	16	static
../Core/Src/picojpeg.c:396:26:huffExtend	16	static
../Core/Src/picojpeg.c:401:26:huffDecode	24	static
../Core/Src/picojpeg.c:432:13:huffCreate	24	static
../Core/Src/picojpeg.c:468:19:getHuffTable	16	static
../Core/Src/picojpeg.c:482:15:getHuffVal	16	static
../Core/Src/picojpeg.c:496:15:getMaxHuffCodes	16	static
../Core/Src/picojpeg.c:501:14:readDHTMarker	48	static
../Core/Src/picojpeg.c:559:14:readDQTMarker	32	static
../Core/Src/picojpeg.c:612:14:readSOFMarker	16	static
../Core/Src/picojpeg.c:653:14:skipVariableMarker	16	static
../Core/Src/picojpeg.c:672:14:readDRIMarker	8	static
../Core/Src/picojpeg.c:683:14:readSOSMarker	24	static
../Core/Src/picojpeg.c:732:14:nextMarker	16	static
../Core/Src/picojpeg.c:762:14:processMarkers	24	static
../Core/Src/picojpeg.c:837:14:locateSOIMarker	16	static
../Core/Src/picojpeg.c:882:14:locateSOFMarker	16	static
../Core/Src/picojpeg.c:925:14:locateSOSMarker	24	static
../Core/Src/picojpeg.c:947:14:init	8	static
../Core/Src/picojpeg.c:970:13:fixInBuffer	8	static
../Core/Src/picojpeg.c:985:14:processRestart	16	static
../Core/Src/picojpeg.c:1030:14:findEOI	16	static
../Core/Src/picojpeg.c:1054:14:checkHuffTables	16	static
../Core/Src/picojpeg.c:1071:14:checkQuantTables	16	static
../Core/Src/picojpeg.c:1086:14:initScan	16	static
../Core/Src/picojpeg.c:1118:14:initFrame	4	static
../Core/Src/picojpeg.c:1234:13:createWinogradQuant	24	static
../Core/Src/picojpeg.c:1252:26:imul_b1_b3	24	static
../Core/Src/picojpeg.c:1261:26:imul_b2	24	static
../Core/Src/picojpeg.c:1270:26:imul_b4	24	static
../Core/Src/picojpeg.c:1279:26:imul_b5	24	static
../Core/Src/picojpeg.c:1286:26:clamp	16	static
../Core/Src/picojpeg.c:1299:13:idctRows	88	static
../Core/Src/picojpeg.c:1374:13:idctCols	88	static
../Core/Src/picojpeg.c:1452:26:addAndClamp	16	static
../Core/Src/picojpeg.c:1467:26:subAndClamp	16	static
../Core/Src/picojpeg.c:1492:13:upsampleCb	48	static
../Core/Src/picojpeg.c:1529:13:upsampleCbH	48	static
../Core/Src/picojpeg.c:1560:13:upsampleCbV	48	static
../Core/Src/picojpeg.c:1601:13:upsampleCr	48	static
../Core/Src/picojpeg.c:1638:13:upsampleCrH	48	static
../Core/Src/picojpeg.c:1669:13:upsampleCrV	48	static
../Core/Src/picojpeg.c:1701:13:copyY	40	static
../Core/Src/picojpeg.c:1720:13:convertCb	48	static
../Core/Src/picojpeg.c:1741:13:convertCr	48	static
../Core/Src/picojpeg.c:1761:13:transformBlock	16	static
../Core/Src/picojpeg.c:1908:13:transformBlockReduce	32	static
../Core/Src/picojpeg.c:2118:14:decodeNextMCU	32	static
../Core/Src/picojpeg.c:2262:15:pjpeg_decode_mcu	16	static
../Core/Src/picojpeg.c:2287:15:pjpeg_decode_init	32	static
