../Core/Src/picojpeg.c:241:26:getChar	8	static
../Core/Src/picojpeg.c:257:25:stuffChar	0	static
../Core/Src/picojpeg.c:264:26:getOctet	16	static
../Core/Src/picojpeg.c:282:15:getBits	32	static
../Core/Src/picojpeg.c:319:27:getBits1	8	static
../Core/Src/picojpeg.c:324:27:getBits2	8	static
../Core/Src/picojpeg.c:329:26:getBit	8	static
../Core/Src/picojpeg.c:348:15:getExtendTest	0	static
../Core/Src/picojpeg.c:372:14:getExtendOffset	0	static
../Core/Src/picojpeg.c:401:26:huffDecode	32	static
../Core/Src/picojpeg.c:762:14:processMarkers	72	static
../Core/Src/picojpeg.c:1286:26:clamp	0	static
../Core/Src/picojpeg.c:1452:26:addAndClamp	0	static
../Core/Src/picojpeg.c:1467:26:subAndClamp	0	static
../Core/Src/picojpeg.c:1492:13:upsampleCb	56	static
../Core/Src/picojpeg.c:1529:13:upsampleCbH	56	static
../Core/Src/picojpeg.c:1560:13:upsampleCbV	56	static
../Core/Src/picojpeg.c:1601:13:upsampleCr	56	static
../Core/Src/picojpeg.c:1638:13:upsampleCrH	56	static
../Core/Src/picojpeg.c:1669:13:upsampleCrV	56	static
../Core/Src/picojpeg.c:1701:13:copyY	4	static
../Core/Src/picojpeg.c:2262:15:pjpeg_decode_mcu	96	static
../Core/Src/picojpeg.c:2287:15:pjpeg_decode_init	56	static
