../Core/Src/storage_manager.c:71:13:storage_fat_init_default	8	static
../Core/Src/storage_manager.c:79:6:storage_fat_load	2720	static
../Core/Src/storage_manager.c:97:6:storage_fat_save	8	static
../Core/Src/storage_manager.c:102:9:find_small_file_by_name	24	static
../Core/Src/storage_manager.c:114:9:find_large_file_by_name	24	static
../Core/Src/storage_manager.c:126:6:get_small_file_info	16	static
../Core/Src/storage_manager.c:136:6:get_large_file_info	16	static
../Core/Src/storage_manager.c:149:6:clear_large_file	16	static
../Core/Src/storage_manager.c:159:6:clear_small_file	16	static
../Core/Src/storage_manager.c:176:17:allocate_small_space	24	static
../Core/Src/storage_manager.c:191:17:allocate_large_sectors	24	static
../Core/Src/storage_manager.c:254:13:clear_host_payload	8	static
../Core/Src/storage_manager.c:258:20:erase_sector	16	static
../Core/Src/storage_manager.c:262:13:send_error	16	static
../Core/Src/storage_manager.c:267:13:send_continue	8	static
../Core/Src/storage_manager.c:277:13:flash_write_dma	32	static
../Core/Src/storage_manager.c:302:13:process_host_command	608	static
../Core/Src/storage_manager.c:596:13:storage_manager_process_host_byte	16	static
../Core/Src/storage_manager.c:672:6:storage_manager_init	16	static
../Core/Src/storage_manager.c:688:6:storage_manager_task	24	static
../Core/Src/storage_manager.c:729:6:storage_is_downloading	4	static
