../Core/Src/storage_manager.c:629:13:abort_download_common	0	static
../Core/Src/storage_manager.c:106:13:storage_fat_init_default	8	static
../Core/Src/storage_manager.c:609:13:reset_host_state	8	static
../Core/Src/storage_manager.c:618:13:send_error	8	static
../Core/Src/storage_manager.c:134:6:storage_fat_save	8	static
../Core/Src/storage_manager.c:116:6:storage_fat_load	2440	static
../Core/Src/storage_manager.c:139:9:find_small_file_by_name	24	static
../Core/Src/storage_manager.c:151:9:find_large_file_by_name	24	static
../Core/Src/storage_manager.c:163:6:get_small_file_info	4	static
../Core/Src/storage_manager.c:173:6:get_large_file_info	4	static
../Core/Src/storage_manager.c:262:6:clear_all_files	16	static
../Core/Src/storage_manager.c:333:6:compact_small_files	240	static
../Core/Src/storage_manager.c:700:13:process_host_command	56	static
../Core/Src/storage_manager.c:1173:6:storage_manager_init	8	static
../Core/Src/storage_manager.c:1183:6:storage_manager_task	40	static
../Core/Src/storage_manager.c:1214:6:storage_is_downloading	0	static
