../Core/Src/storage_manager.c:72:13:storage_fat_init_default	8	static
../Core/Src/storage_manager.c:264:13:clear_host_payload	8	static
../Core/Src/storage_manager.c:272:13:send_error	8	static
../Core/Src/storage_manager.c:100:6:storage_fat_save	8	static
../Core/Src/storage_manager.c:82:6:storage_fat_load	1824	static
../Core/Src/storage_manager.c:344:13:process_host_command	48	static
../Core/Src/storage_manager.c:105:9:find_small_file_by_name	24	static
../Core/Src/storage_manager.c:117:9:find_large_file_by_name	24	static
../Core/Src/storage_manager.c:129:6:get_small_file_info	4	static
../Core/Src/storage_manager.c:139:6:get_large_file_info	4	static
../Core/Src/storage_manager.c:153:6:clear_large_file	48	static
../Core/Src/storage_manager.c:169:6:clear_small_file	8	static
../Core/Src/storage_manager.c:744:6:storage_manager_init	16	static
../Core/Src/storage_manager.c:760:6:storage_manager_task	40	static
../Core/Src/storage_manager.c:801:6:storage_is_downloading	0	static
