../Core/Src/storage_manager.c:204:13:bitmap_mark_block_used	8	static
../Core/Src/storage_manager.c:361:13:abort_download_common	0	static
../Core/Src/storage_manager.c:72:13:storage_fat_init_default	8	static
../Core/Src/storage_manager.c:341:13:reset_host_state	8	static
../Core/Src/storage_manager.c:350:13:send_error	8	static
../Core/Src/storage_manager.c:100:6:storage_fat_save	8	static
../Core/Src/storage_manager.c:82:6:storage_fat_load	2440	static
../Core/Src/storage_manager.c:436:13:process_host_command	56	static
../Core/Src/storage_manager.c:105:9:find_small_file_by_name	24	static
../Core/Src/storage_manager.c:117:9:find_large_file_by_name	24	static
../Core/Src/storage_manager.c:129:6:get_small_file_info	4	static
../Core/Src/storage_manager.c:139:6:get_large_file_info	4	static
../Core/Src/storage_manager.c:232:6:clear_all_files	16	static
../Core/Src/storage_manager.c:894:6:storage_manager_init	8	static
../Core/Src/storage_manager.c:904:6:storage_manager_task	40	static
../Core/Src/storage_manager.c:935:6:storage_is_downloading	0	static
