../Core/Src/usb_controller.c:129:16:usb_start_tx_chunk	16	static
../Core/Src/usb_controller.c:182:9:usb_transmit	0	static
../Core/Src/usb_controller.c:193:9:usb_receive	32	static,ignoring_inline_asm
../Core/Src/usb_controller.c:206:10:usb_controller_receive	32	static,ignoring_inline_asm
../Core/Src/usb_controller.c:271:10:usb_controller_get_rx_free_space	0	static
../Core/Src/usb_controller.c:278:6:usb_controller_init	0	static
../Core/Src/usb_controller.c:310:6:usb_controller_task	24	static
../Core/Src/usb_controller.c:380:19:usb_controller_send	16	static
../Core/Src/usb_controller.c:436:6:usb_controller_on_tx_complete	8	static
../Core/Src/usb_controller.c:444:6:usb_controller_on_rx_received	32	static
