../Core/Src/usb_controller.c:19:17:usb_min_u16	16	static
../Core/Src/usb_controller.c:24:13:usb_clear_tx_queue	16	static
../Core/Src/usb_controller.c:30:13:usb_clear_tx_pending	16	static
../Core/Src/usb_controller.c:36:13:usb_reset_tx_state	16	static
../Core/Src/usb_controller.c:48:13:usb_reset_rx_state	16	static
../Core/Src/usb_controller.c:54:13:usb_load_pending_as_active	16	static
../Core/Src/usb_controller.c:67:13:usb_is_stack_configured	4	static
../Core/Src/usb_controller.c:77:13:usb_is_stack_tx_idle	16	static
../Core/Src/usb_controller.c:90:16:usb_start_tx_chunk	24	static
../Core/Src/usb_controller.c:131:9:usb_transmit	16	static
../Core/Src/usb_controller.c:142:9:usb_receive	24	static
../Core/Src/usb_controller.c:155:10:usb_controller_receive	56	static,ignoring_inline_asm
../Core/Src/usb_controller.c:217:10:usb_controller_get_rx_free_space	16	static
../Core/Src/usb_controller.c:224:6:usb_controller_init	16	static
../Core/Src/usb_controller.c:251:6:usb_controller_task	32	static
../Core/Src/usb_controller.c:321:19:usb_controller_send	32	static
../Core/Src/usb_controller.c:367:6:usb_controller_on_tx_complete	8	static
../Core/Src/usb_controller.c:375:6:usb_controller_on_rx_received	32	static
