../Core/Src/usb_controller.c:20:17:usb_min_u16	16	static
../Core/Src/usb_controller.c:25:13:usb_clear_tx_queue	16	static
../Core/Src/usb_controller.c:31:13:usb_clear_tx_pending	16	static
../Core/Src/usb_controller.c:37:13:usb_reset_tx_state	16	static
../Core/Src/usb_controller.c:49:13:usb_reset_rx_state	16	static
../Core/Src/usb_controller.c:55:13:usb_load_pending_as_active	16	static
../Core/Src/usb_controller.c:68:13:usb_is_stack_configured	4	static
../Core/Src/usb_controller.c:78:13:usb_is_stack_tx_idle	16	static
../Core/Src/usb_controller.c:91:16:usb_start_tx_chunk	24	static
../Core/Src/usb_controller.c:132:9:usb_transmit	16	static
../Core/Src/usb_controller.c:143:9:usb_receive	24	static
../Core/Src/usb_controller.c:156:10:usb_controller_receive	56	static,ignoring_inline_asm
../Core/Src/usb_controller.c:211:10:usb_controller_get_rx_free_space	16	static
../Core/Src/usb_controller.c:218:6:usb_controller_init	16	static
../Core/Src/usb_controller.c:245:6:usb_controller_task	32	static
../Core/Src/usb_controller.c:314:19:usb_controller_send	32	static
../Core/Src/usb_controller.c:360:6:usb_controller_on_tx_complete	8	static
../Core/Src/usb_controller.c:368:6:usb_controller_on_rx_received	32	static
