../Core/Src/usb_controller.c:19:17:usb_min_u16	16	static
../Core/Src/usb_controller.c:24:13:usb_is_hi_priority_cmd	16	static
../Core/Src/usb_controller.c:29:13:usb_clear_tx_protocol_payload	16	static
../Core/Src/usb_controller.c:36:13:usb_clear_tx_queue	16	static
../Core/Src/usb_controller.c:43:13:usb_clear_tx_pending_hi	16	static
../Core/Src/usb_controller.c:50:13:usb_clear_tx_pending_lo	16	static
../Core/Src/usb_controller.c:57:13:usb_prepare_protocol_tx	24	static
../Core/Src/usb_controller.c:80:13:usb_reset_tx_state	16	static
../Core/Src/usb_controller.c:93:13:usb_reset_rx_state	16	static
../Core/Src/usb_controller.c:99:13:usb_load_pending_hi	16	static
../Core/Src/usb_controller.c:117:13:usb_load_pending_lo	16	static
../Core/Src/usb_controller.c:135:13:usb_is_stack_configured	4	static
../Core/Src/usb_controller.c:145:13:usb_is_stack_tx_idle	16	static
../Core/Src/usb_controller.c:158:16:usb_start_tx_chunk	24	static
../Core/Src/usb_controller.c:210:9:usb_transmit	16	static
../Core/Src/usb_controller.c:220:9:usb_receive	24	static
../Core/Src/usb_controller.c:233:10:usb_controller_receive	56	static,ignoring_inline_asm
../Core/Src/usb_controller.c:297:10:usb_controller_get_rx_free_space	16	static
../Core/Src/usb_controller.c:304:6:usb_controller_init	16	static
../Core/Src/usb_controller.c:333:6:usb_controller_task	32	static
../Core/Src/usb_controller.c:405:19:usb_controller_send	32	static
../Core/Src/usb_controller.c:461:6:usb_controller_on_tx_complete	8	static
../Core/Src/usb_controller.c:468:6:usb_controller_on_rx_received	32	static
