../Core/Src/usb_controller.c:19:17:usb_min_u16	16	static
../Core/Src/usb_controller.c:24:13:usb_clear_tx_queue	16	static
../Core/Src/usb_controller.c:30:13:usb_start_tx_chunk	32	static
../Core/Src/usb_controller.c:59:9:usb_transmit	16	static
../Core/Src/usb_controller.c:70:9:usb_receive	24	static
../Core/Src/usb_controller.c:83:10:usb_controller_receive	32	static
../Core/Src/usb_controller.c:114:6:usb_controller_init	16	static
../Core/Src/usb_controller.c:139:6:usb_controller_task	24	static
../Core/Src/usb_controller.c:180:6:usb_controller_send	32	static
../Core/Src/usb_controller.c:213:6:usb_controller_on_tx_complete	8	static
../Core/Src/usb_controller.c:221:6:usb_controller_on_rx_received	24	static
