../Core/Src/w25q_controller.c:291:13:w25q_start_dma_read_internal	32	static
../Core/Src/w25q_controller.c:279:13:w25q_set_dma_error	8	static
../Core/Src/w25q_controller.c:76:13:w25q_try_read_status_reg1.constprop	16	static
../Core/Src/w25q_controller.c:428:13:w25q_start_next_write_chunk	56	static
../Core/Src/w25q_controller.c:99:6:w25q_write_enable	16	static
../Core/Src/w25q_controller.c:108:6:w25q_write_disable	16	static
../Core/Src/w25q_controller.c:116:6:w25q_read_status_reg1	16	static
../Core/Src/w25q_controller.c:121:6:w25q_read_status_reg2	16	static
../Core/Src/w25q_controller.c:138:6:w25q_check_busy	24	static
../Core/Src/w25q_controller.c:149:6:w25q_check_busy_nontimeout	24	static
../Core/Src/w25q_controller.c:159:10:w25q_read_id	16	static
../Core/Src/w25q_controller.c:171:6:w25q_init	16	static
../Core/Src/w25q_controller.c:180:6:w25q_erase_sector	24	static
../Core/Src/w25q_controller.c:195:6:w25q_erase_chip	24	static
../Core/Src/w25q_controller.c:205:6:w25q_page_program	24	static
../Core/Src/w25q_controller.c:222:6:w25q_write_data	40	static
../Core/Src/w25q_controller.c:240:6:w25q_read_data	24	static
../Core/Src/w25q_controller.c:253:6:w25q_fast_read_data	24	static
../Core/Src/w25q_controller.c:334:6:w25q_read_data_dma	32	static
../Core/Src/w25q_controller.c:362:6:w25q_fast_read_data_dma	32	static
../Core/Src/w25q_controller.c:463:6:w25q_page_program_dma	16	static
../Core/Src/w25q_controller.c:469:6:w25q_write_data_dma	16	static
../Core/Src/w25q_controller.c:490:6:w25q_dma_task	24	static
../Core/Src/w25q_controller.c:608:6:w25q_dma_is_busy	0	static
../Core/Src/w25q_controller.c:613:6:w25q_dma_is_done	0	static
../Core/Src/w25q_controller.c:618:6:w25q_dma_is_error	0	static
../Core/Src/w25q_controller.c:623:6:w25q_on_spi_error_callback	8	static
